 zlibwapi

 Timestamp is 58a5969b (Thu Feb 16 13:10:03 2017)

 Preferred load address is 10000000

 Start         Length     Name                   Class
 0001:00000000 00000983H .text                   CODE
 0001:00000990 0001c7eaH .text$mn                CODE
 0002:00000000 0000010cH .idata$5                DATA
 0002:0000010c 00000004H .CRT$XCA                DATA
 0002:00000110 00000004H .CRT$XCZ                DATA
 0002:00000114 00000004H .CRT$XIA                DATA
 0002:00000118 00000010H .CRT$XIC                DATA
 0002:00000128 00000004H .CRT$XIZ                DATA
 0002:0000012c 00000004H .CRT$XPA                DATA
 0002:00000130 00000008H .CRT$XPX                DATA
 0002:00000138 00000004H .CRT$XPXA               DATA
 0002:0000013c 00000004H .CRT$XPZ                DATA
 0002:00000140 00000004H .CRT$XTA                DATA
 0002:00000144 00000004H .CRT$XTZ                DATA
 0002:00000150 00008220H .rdata                  DATA
 0002:00008370 00000004H .rtc$IAA                DATA
 0002:00008374 00000004H .rtc$IZZ                DATA
 0002:00008378 00000004H .rtc$TAA                DATA
 0002:0000837c 00000004H .rtc$TZZ                DATA
 0002:00008380 0000047cH .xdata$x                DATA
 0002:00008800 00000c11H .edata                  DATA
 0002:00009414 00000014H .idata$2                DATA
 0002:00009428 00000014H .idata$3                DATA
 0002:0000943c 0000010cH .idata$4                DATA
 0002:00009548 000004c0H .idata$6                DATA
 0003:00000000 00001200H .data                   DATA
 0003:00001200 00001e50H .bss                    DATA
 0004:00000000 00000058H .rsrc$01                DATA
 0004:00000060 00000330H .rsrc$02                DATA

  Address         Publics by Value              Rva+Base       Lib:Object

 0000:00000000       __except_list              00000000     <absolute>
 0000:00000000       ___safe_se_handler_count   00000000     <absolute>
 0000:00000000       ___guard_flags             00000000     <absolute>
 0000:00000000       ___guard_fids_table        00000000     <absolute>
 0000:00000000       ___safe_se_handler_table   00000000     <absolute>
 0000:00000000       ___guard_fids_count        00000000     <absolute>
 0000:00000000       ___ImageBase               10000000     <linker-defined>
 0001:00000000       _longest_match             10001000 f   match686.obj
 0001:000001e8       _match_init                100011e8 f   match686.obj
 0001:000002f0       _inflate_fast              100012f0 f   inffas32.obj
 0001:00000990       _adler32@12                10001990 f   adler32.obj
 0001:00000cd0       _adler32_combine@12        10001cd0 f   adler32.obj
 0001:00000cf0       _compress2@20              10001cf0 f   compress.obj
 0001:00000da0       _compress@16               10001da0 f   compress.obj
 0001:00000dc0       _compressBound@4           10001dc0 f   compress.obj
 0001:00000de0       _get_crc_table@0           10001de0 f   crc32.obj
 0001:00000df0       _crc32@12                  10001df0 f   crc32.obj
 0001:00001230       _crc32_combine@12          10002230 f   crc32.obj
 0001:00001250       _deflateInit_@16           10002250 f   deflate.obj
 0001:00001270       _deflateInit2_@32          10002270 f   deflate.obj
 0001:000014a0       _deflateSetDictionary@12   100024a0 f   deflate.obj
 0001:00001640       _deflateResetKeep@4        10002640 f   deflate.obj
 0001:000016f0       _deflateReset@4            100026f0 f   deflate.obj
 0001:00001720       _deflateSetHeader@8        10002720 f   deflate.obj
 0001:00001750       _deflatePending@12         10002750 f   deflate.obj
 0001:00001790       _deflatePrime@12           10002790 f   deflate.obj
 0001:00001820       _deflateParams@12          10002820 f   deflate.obj
 0001:00001910       _deflateTune@20            10002910 f   deflate.obj
 0001:00001960       _deflateBound@8            10002960 f   deflate.obj
 0001:00001ad0       _deflate@8                 10002ad0 f   deflate.obj
 0001:00002340       _deflateEnd@4              10003340 f   deflate.obj
 0001:00002420       _deflateCopy@8             10003420 f   deflate.obj
 0001:00003580       _gzclose@4                 10004580 f   gzclose.obj
 0001:00003900       _gzopen@8                  10004900 f   gzlib.obj
 0001:00003920       _gzdopen@8                 10004920 f   gzlib.obj
 0001:00003970       _gzopen_w@8                10004970 f   gzlib.obj
 0001:00003990       _gzbuffer@8                10004990 f   gzlib.obj
 0001:000039d0       _gzrewind@4                100049d0 f   gzlib.obj
 0001:00003a30       _gzseek64@16               10004a30 f   gzlib.obj
 0001:00003bc0       _gzseek@12                 10004bc0 f   gzlib.obj
 0001:00003c00       _gztell64@4                10004c00 f   gzlib.obj
 0001:00003c60       _gztell@4                  10004c60 f   gzlib.obj
 0001:00003c90       _gzoffset64@4              10004c90 f   gzlib.obj
 0001:00003ce0       _gzoffset@4                10004ce0 f   gzlib.obj
 0001:00003d10       _gzeof@4                   10004d10 f   gzlib.obj
 0001:00003d50       _gzerror@8                 10004d50 f   gzlib.obj
 0001:00003d90       _gzclearerr@4              10004d90 f   gzlib.obj
 0001:00003dd0       _gz_error                  10004dd0 f   gzlib.obj
 0001:00004350       _gzread@12                 10005350 f   gzread.obj
 0001:000044a0       _gzgetc@4                  100054a0 f   gzread.obj
 0001:00004500       _gzgetc_@4                 10005500 f   gzread.obj
 0001:00004510       _gzungetc@8                10005510 f   gzread.obj
 0001:000045f0       _gzgets@12                 100055f0 f   gzread.obj
 0001:00004700       _gzdirect@4                10005700 f   gzread.obj
 0001:00004740       _gzclose_r@4               10005740 f   gzread.obj
 0001:00004ab0       _gzwrite@12                10005ab0 f   gzwrite.obj
 0001:00004bd0       _gzputc@8                  10005bd0 f   gzwrite.obj
 0001:00004c70       _gzputs@8                  10005c70 f   gzwrite.obj
 0001:00004cb0       _gzprintf                  10005cb0 f   gzwrite.obj
 0001:00004d70       _gzflush@8                 10005d70 f   gzwrite.obj
 0001:00004de0       _gzsetparams@12            10005de0 f   gzwrite.obj
 0001:00004e90       _gzclose_w@4               10005e90 f   gzwrite.obj
 0001:00004f50       _inflateBackInit_@20       10005f50 f   infback.obj
 0001:00005050       _inflateBack@20            10006050 f   infback.obj
 0001:00005e50       _inflateBackEnd@4          10006e50 f   infback.obj
 0001:00005e90       _inflateResetKeep@4        10006e90 f   inflate.obj
 0001:00005f40       _inflateReset@4            10006f40 f   inflate.obj
 0001:00005f80       _inflateReset2@8           10006f80 f   inflate.obj
 0001:00006010       _inflateInit2_@16          10007010 f   inflate.obj
 0001:000060d0       _inflateInit_@12           100070d0 f   inflate.obj
 0001:000060f0       _inflatePrime@12           100070f0 f   inflate.obj
 0001:00006280       _inflate@8                 10007280 f   inflate.obj
 0001:00007940       _inflateEnd@4              10008940 f   inflate.obj
 0001:00007990       _inflateSetDictionary@12   10008990 f   inflate.obj
 0001:00007a40       _inflateGetHeader@8        10008a40 f   inflate.obj
 0001:00007b00       _inflateSync@4             10008b00 f   inflate.obj
 0001:00007bf0       _inflateSyncPoint@4        10008bf0 f   inflate.obj
 0001:00007c30       _inflateCopy@8             10008c30 f   inflate.obj
 0001:00007da0       _inflateUndermine@8        10008da0 f   inflate.obj
 0001:00007dd0       _inflateMark@4             10008dd0 f   inflate.obj
 0001:00007e40       _inflate_table             10008e40 f   inftrees.obj
 0001:00008220       _call_zopen64              10009220 f   ioapi.obj
 0001:00008240       _call_zseek64              10009240 f   ioapi.obj
 0001:000082a0       _call_ztell64              100092a0 f   ioapi.obj
 0001:000082d0       _fill_zlib_filefunc64_32_def_from_filefunc32 100092d0 f   ioapi.obj
 0001:00008430       _fill_fopen64_filefunc     10009430 f   ioapi.obj
 0001:00008520       _win32_open_file_func      10009520 f   iowin32.obj
 0001:00008520       _win32_open64_file_funcA   10009520 f   iowin32.obj
 0001:00008520       _win32_open64_file_func    10009520 f   iowin32.obj
 0001:00008580       _win32_open64_file_funcW   10009580 f   iowin32.obj
 0001:000085e0       _win32_read_file_func      100095e0 f   iowin32.obj
 0001:00008630       _win32_write_file_func     10009630 f   iowin32.obj
 0001:00008680       _win32_tell_file_func      10009680 f   iowin32.obj
 0001:000086c0       _win32_tell64_file_func    100096c0 f   iowin32.obj
 0001:00008730       _win32_seek_file_func      10009730 f   iowin32.obj
 0001:000087a0       _win32_seek64_file_func    100097a0 f   iowin32.obj
 0001:00008810       _win32_close_file_func     10009810 f   iowin32.obj
 0001:00008840       _win32_error_file_func     10009840 f   iowin32.obj
 0001:00008860       _fill_win32_filefunc       10009860 f   iowin32.obj
 0001:000088a0       _fill_win32_filefunc64A    100098a0 f   iowin32.obj
 0001:000088a0       _fill_win32_filefunc64     100098a0 f   iowin32.obj
 0001:000088e0       _fill_win32_filefunc64W    100098e0 f   iowin32.obj
 0001:00008920       __tr_init                  10009920 f   trees.obj
 0001:000098b0       __tr_stored_block          1000a8b0 f   trees.obj
 0001:00009960       __tr_flush_bits            1000a960 f   trees.obj
 0001:00009970       __tr_align                 1000a970 f   trees.obj
 0001:00009a60       __tr_flush_block           1000aa60 f   trees.obj
 0001:0000a250       _uncompress@16             1000b250 f   uncompr.obj
 0001:0000a630       _unzStringFileNameCompare@12 1000b630 f   unzip.obj
 0001:0000aee0       _unzOpen2@8                1000bee0 f   unzip.obj
 0001:0000af30       _unzOpen2_64@8             1000bf30 f   unzip.obj
 0001:0000af90       _unzOpen@4                 1000bf90 f   unzip.obj
 0001:0000afb0       _unzOpen64@4               1000bfb0 f   unzip.obj
 0001:0000afd0       _unzClose@4                1000bfd0 f   unzip.obj
 0001:0000b010       _unzGetGlobalInfo64@8      1000c010 f   unzip.obj
 0001:0000b040       _unzGetGlobalInfo@8        1000c040 f   unzip.obj
 0001:0000b6c0       _unzGetCurrentFileInfo64@32 1000c6c0 f   unzip.obj
 0001:0000b6f0       _unzGetCurrentFileInfo@32  1000c6f0 f   unzip.obj
 0001:0000b7b0       _unzGoToFirstFile@4        1000c7b0 f   unzip.obj
 0001:0000b820       _unzGoToNextFile@4         1000c820 f   unzip.obj
 0001:0000b8d0       _unzLocateFile@12          1000c8d0 f   unzip.obj
 0001:0000ba90       _unzGetFilePos64@8         1000ca90 f   unzip.obj
 0001:0000bae0       _unzGetFilePos@8           1000cae0 f   unzip.obj
 0001:0000bb10       _unzGoToFilePos64@8        1000cb10 f   unzip.obj
 0001:0000bb80       _unzGoToFilePos@8          1000cb80 f   unzip.obj
 0001:0000be20       _unzOpenCurrentFile3@20    1000ce20 f   unzip.obj
 0001:0000c090       _unzOpenCurrentFile@4      1000d090 f   unzip.obj
 0001:0000c0b0       _unzOpenCurrentFilePassword@8 1000d0b0 f   unzip.obj
 0001:0000c0d0       _unzOpenCurrentFile2@16    1000d0d0 f   unzip.obj
 0001:0000c0f0       _unzGetCurrentFileZStreamPos64@4 1000d0f0 f   unzip.obj
 0001:0000c130       _unzReadCurrentFile@12     1000d130 f   unzip.obj
 0001:0000c3f0       _unztell@4                 1000d3f0 f   unzip.obj
 0001:0000c420       _unztell64@4               1000d420 f   unzip.obj
 0001:0000c450       _unzeof@4                  1000d450 f   unzip.obj
 0001:0000c490       _unzGetLocalExtrafield@12  1000d490 f   unzip.obj
 0001:0000c560       _unzCloseCurrentFile@4     1000d560 f   unzip.obj
 0001:0000c600       _unzGetGlobalComment@12    1000d600 f   unzip.obj
 0001:0000cfe0       _LoadCentralDirectoryRecord 1000dfe0 f   zip.obj
 0001:0000d480       _zipOpen3@16               1000e480 f   zip.obj
 0001:0000d600       _zipOpen2@16               1000e600 f   zip.obj
 0001:0000d650       _zipOpen2_64@16            1000e650 f   zip.obj
 0001:0000d6b0       _zipOpen64@8               1000e6b0 f   zip.obj
 0001:0000d6b0       _zipOpen@8                 1000e6b0 f   zip.obj
 0001:0000d6d0       _Write_LocalFileHeader     1000e6d0 f   zip.obj
 0001:0000d8e0       _zipOpenNewFileInZip4_64@76 1000e8e0 f   zip.obj
 0001:0000ddc0       _zipOpenNewFileInZip3@64   1000edc0 f   zip.obj
 0001:0000de10       _zipOpenNewFileInZip3_64@68 1000ee10 f   zip.obj
 0001:0000de60       _zipOpenNewFileInZip2@44   1000ee60 f   zip.obj
 0001:0000dea0       _zipOpenNewFileInZip2_64@48 1000eea0 f   zip.obj
 0001:0000dee0       _zipOpenNewFileInZip64@44  1000eee0 f   zip.obj
 0001:0000df20       _zipOpenNewFileInZip@40    1000ef20 f   zip.obj
 0001:0000e020       _zipWriteInFileInZip@12    1000f020 f   zip.obj
 0001:0000e120       _zipCloseFileInZipRaw@12   1000f120 f   zip.obj
 0001:0000e140       _zipCloseFileInZipRaw64@16 1000f140 f   zip.obj
 0001:0000e630       _zipCloseFileInZip@4       1000f630 f   zip.obj
 0001:0000e650       _Write_Zip64EndOfCentralDirectoryLocator 1000f650 f   zip.obj
 0001:0000e6d0       _Write_Zip64EndOfCentralDirectoryRecord 1000f6d0 f   zip.obj
 0001:0000e7f0       _Write_EndOfCentralDirectoryRecord 1000f7f0 f   zip.obj
 0001:0000e930       _Write_GlobalComment       1000f930 f   zip.obj
 0001:0000e9a0       _zipClose@8                1000f9a0 f   zip.obj
 0001:0000eb30       _zlibVersion@0             1000fb30 f   zutil.obj
 0001:0000eb40       _zlibCompileFlags@0        1000fb40 f   zutil.obj
 0001:0000eb50       _zError@4                  1000fb50 f   zutil.obj
 0001:0000eb70       _zcalloc                   1000fb70 f   zutil.obj
 0001:0000eb90       _zcfree                    1000fb90 f   zutil.obj
 0001:0000eba0       _sprintf                   1000fba0 f   LIBCMT:sprintf.obj
 0001:0000ec24       __lseeki64                 1000fc24 f   LIBCMT:lseeki64.obj
 0001:0000ed20       __lseeki64_nolock          1000fd20 f   LIBCMT:lseeki64.obj
 0001:0000ee1b       __wopen                    1000fe1b f   LIBCMT:wopen.obj
 0001:0000eecb       __wsopen_nolock            1000fecb f   LIBCMT:wopen.obj
 0001:0000f61e       _free                      1001061e f   LIBCMT:free.obj
 0001:0000f656       _malloc                    10010656 f   LIBCMT:malloc.obj
 0001:0000f6e8       ??0_LocaleUpdate@@QAE@PAUlocaleinfo_struct@@@Z 100106e8 f i LIBCMT:wcstombs.obj
 0001:0000f770       __wcstombs_l_helper        10010770 f   LIBCMT:wcstombs.obj
 0001:0000f9d7       _wcstombs                  100109d7 f   LIBCMT:wcstombs.obj
 0001:0000f9ef       __get_sys_err_msg          100109ef f i LIBCMT:strerror.obj
 0001:0000fa15       _strerror                  10010a15 f   LIBCMT:strerror.obj
 0001:0000fa80       _memchr                    10010a80 f   LIBCMT:memchr.obj
 0001:0000fb2d       ___doserrno                10010b2d f   LIBCMT:dosmap.obj
 0001:0000fb40       __dosmaperr                10010b40 f   LIBCMT:dosmap.obj
 0001:0000fb61       __errno                    10010b61 f   LIBCMT:dosmap.obj
 0001:0000fb74       __get_errno_from_oserr     10010b74 f   LIBCMT:dosmap.obj
 0001:0000fbb5       __ftelli64                 10010bb5 f   LIBCMT:ftelli64.obj
 0001:0000fc30       __ftelli64_nolock          10010c30 f   LIBCMT:ftelli64.obj
 0001:00010005       __fseeki64                 10011005 f   LIBCMT:fseeki64.obj
 0001:0001008b       __fseeki64_nolock          1001108b f   LIBCMT:fseeki64.obj
 0001:0001013c       __fsopen                   1001113c f   LIBCMT:fopen.obj
 0001:00010200       _fopen                     10011200 f   LIBCMT:fopen.obj
 0001:00010215       __fread_nolock_s           10011215 f   LIBCMT:fread.obj
 0001:000103da       _fread                     100113da f   LIBCMT:fread.obj
 0001:000103f5       _fread_s                   100113f5 f   LIBCMT:fread.obj
 0001:00010486       _ferror                    10011486 f   LIBCMT:feoferr.obj
 0001:000104ac       __fwrite_nolock            100114ac f   LIBCMT:fwrite.obj
 0001:00010605       _fwrite                    10011605 f   LIBCMT:fwrite.obj
 0001:00010687       __fclose_nolock            10011687 f   LIBCMT:fclose.obj
 0001:000106f3       _fclose                    100116f3 f   LIBCMT:fclose.obj
 0001:0001076a       _rand                      1001176a f   LIBCMT:rand.obj
 0001:0001078b       _srand                     1001178b f   LIBCMT:rand.obj
 0001:0001079b       __time64                   1001179b f   LIBCMT:time64.obj
 0001:000107ec       __CRT_INIT@12              100117ec f   LIBCMT:dllcrt0.obj
 0001:0001095e       __DllMainCRTStartup@12     1001195e f   LIBCMT:dllcrt0.obj
 0001:00010a8f       ___DllXcptFilter           10011a8f f   LIBCMT:dllcrt0.obj
 0001:00010ab4       __call_reportfault         10011ab4 f   LIBCMT:invarg.obj
 0001:00010bd9       __initp_misc_invarg        10011bd9 f   LIBCMT:invarg.obj
 0001:00010be6       __invalid_parameter        10011be6 f   LIBCMT:invarg.obj
 0001:00010c11       __invalid_parameter_noinfo 10011c11 f   LIBCMT:invarg.obj
 0001:00010c21       __invoke_watson            10011c21 f   LIBCMT:invarg.obj
 0001:00010c4c       __flsbuf                   10011c4c f   LIBCMT:_flsbuf.obj
 0001:00010d9b       __output_l                 10011d9b f   LIBCMT:output.obj
 0001:00011a07       ___lock_fhandle            10012a07 f   LIBCMT:osfinfo.obj
 0001:00011a95       __alloc_osfhnd             10012a95 f   LIBCMT:osfinfo.obj
 0001:00011c3e       __free_osfhnd              10012c3e f   LIBCMT:osfinfo.obj
 0001:00011cc4       __get_osfhandle            10012cc4 f   LIBCMT:osfinfo.obj
 0001:00011d2b       __set_osfhnd               10012d2b f   LIBCMT:osfinfo.obj
 0001:00011dad       __unlock_fhandle           10012dad f   LIBCMT:osfinfo.obj
 0001:00011de0       __SEH_prolog4              10012de0 f   LIBCMT:sehprolg4.obj
 0001:00011e25       __SEH_epilog4              10012e25 f   LIBCMT:sehprolg4.obj
 0001:00011e40       __except_handler4          10012e40 f   LIBCMT:chandler4.obj
 0001:00011fd4       __ioinit                   10012fd4 f   LIBCMT:ioinit.obj
 0001:00012288       __ioterm                   10013288 f   LIBCMT:ioinit.obj
 0001:000122da       _write                     100132da f   LIBCMT:write.obj
 0001:000122da       __write                    100132da f   LIBCMT:write.obj
 0001:000123c9       __write_nolock             100133c9 f   LIBCMT:write.obj
 0001:00012c2e       __chsize_nolock            10013c2e f   LIBCMT:chsize.obj
 0001:00012de4       __close                    10013de4 f   LIBCMT:close.obj
 0001:00012de4       _close                     10013de4 f   LIBCMT:close.obj
 0001:00012ebf       __close_nolock             10013ebf f   LIBCMT:close.obj
 0001:00012f59       __read                     10013f59 f   LIBCMT:read.obj
 0001:00012f59       _read                      10013f59 f   LIBCMT:read.obj
 0001:0001306d       __read_nolock              1001406d f   LIBCMT:read.obj
 0001:000137fe       __get_fmode                100147fe f   LIBCMT:setmode.obj
 0001:00013828       __setmode_nolock           10014828 f   LIBCMT:setmode.obj
 0001:000138f5       ___crtFlsAlloc             100148f5 f   LIBCMT:winapisupp.obj
 0001:00013913       ___crtFlsFree              10014913 f   LIBCMT:winapisupp.obj
 0001:00013932       ___crtFlsGetValue          10014932 f   LIBCMT:winapisupp.obj
 0001:00013951       ___crtFlsSetValue          10014951 f   LIBCMT:winapisupp.obj
 0001:00013973       ___crtInitializeCriticalSectionEx 10014973 f   LIBCMT:winapisupp.obj
 0001:000139a1       ___crtIsPackagedApp        100149a1 f   LIBCMT:winapisupp.obj
 0001:000139e1       ___crtLoadWinApiPointers   100149e1 f   LIBCMT:winapisupp.obj
 0001:00013c6c       ___crtSleep                10014c6c f   LIBCMT:winapisupp.obj
 0001:00013c7a       ___crtTerminateProcess     10014c7a f   LIBCMT:winapisupp.obj
 0001:00013c8f       ___crtUnhandledException   10014c8f f   LIBCMT:winapisupp.obj
 0001:00013ca5       ___copy_path_to_wide_string 10014ca5 f   LIBCMT:crt0dat.obj
 0001:00013d57       ___crtCorExitProcess       10014d57 f   LIBCMT:crt0dat.obj
 0001:00013d8b       ___crtExitProcess          10014d8b f   LIBCMT:crt0dat.obj
 0001:00013da1       ___freeCrtMemory           10014da1 f   LIBCMT:crt0dat.obj
 0001:00013eae       __amsg_exit                10014eae f   LIBCMT:crt0dat.obj
 0001:00013eca       __cexit                    10014eca f   LIBCMT:crt0dat.obj
 0001:00013ed9       __cinit                    10014ed9 f   LIBCMT:crt0dat.obj
 0001:00013f5d       __exit                     10014f5d f   LIBCMT:crt0dat.obj
 0001:00013f71       __init_pointers            10014f71 f   LIBCMT:crt0dat.obj
 0001:00013fdf       __initterm_e               10014fdf f   LIBCMT:crt0dat.obj
 0001:00014001       __lockexit                 10015001 f   LIBCMT:crt0dat.obj
 0001:0001400a       __unlockexit               1001500a f   LIBCMT:crt0dat.obj
 0001:00014142       __heap_init                10015142 f   LIBCMT:heapinit.obj
 0001:00014157       __heap_term                10015157 f   LIBCMT:heapinit.obj
 0001:0001415f       __callnewh                 1001515f f   LIBCMT:handler.obj
 0001:00014185       __initp_heap_handler       10015185 f   LIBCMT:handler.obj
 0001:00014192       __FF_MSGBANNER             10015192 f   LIBCMT:crt0msg.obj
 0001:000141cb       __GET_RTERRMSG             100151cb f   LIBCMT:crt0msg.obj
 0001:000141ef       __NMSG_WRITE               100151ef f   LIBCMT:crt0msg.obj
 0001:000143ac       ___addlocaleref            100153ac f   LIBCMT:localref.obj
 0001:00014441       ___freetlocinfo            10015441 f   LIBCMT:localref.obj
 0001:0001459b       ___removelocaleref         1001559b f   LIBCMT:localref.obj
 0001:0001463b       ___updatetlocinfo          1001563b f   LIBCMT:localref.obj
 0001:000146bb       __updatetlocinfoEx_nolock  100156bb f   LIBCMT:localref.obj
 0001:00014706       ___initmbctable            10015706 f   LIBCMT:mbctype.obj
 0001:000149bd       ___updatetmbcinfo          100159bd f   LIBCMT:mbctype.obj
 0001:00014a63       __setmbcp                  10015a63 f   LIBCMT:mbctype.obj
 0001:00014c0b       __setmbcp_nolock           10015c0b f   LIBCMT:mbctype.obj
 0001:00014df6       __freefls@4                10015df6 f   LIBCMT:tidtable.obj
 0001:00014f2b       __freeptd                  10015f2b f   LIBCMT:tidtable.obj
 0001:00014f61       __getptd                   10015f61 f   LIBCMT:tidtable.obj
 0001:00014f79       __getptd_noexit            10015f79 f   LIBCMT:tidtable.obj
 0001:00014fe8       __initptd                  10015fe8 f   LIBCMT:tidtable.obj
 0001:0001509b       __mtinit                   1001609b f   LIBCMT:tidtable.obj
 0001:00015111       __mtterm                   10016111 f   LIBCMT:tidtable.obj
 0001:0001512e       @__security_check_cookie@4 1001612e f   LIBCMT:secchk.obj
 0001:0001513d       ___sys_errlist             1001613d f   LIBCMT:syserr.obj
 0001:00015143       ___sys_nerr                10016143 f   LIBCMT:syserr.obj
 0001:00015149       _strcpy_s                  10016149 f   LIBCMT:strcpy_s.obj
 0001:0001519e       __calloc_crt               1001619e f   LIBCMT:crtheap.obj
 0001:000151e6       __malloc_crt               100161e6 f   LIBCMT:crtheap.obj
 0001:0001522d       __realloc_crt              1001622d f   LIBCMT:crtheap.obj
 0001:00015277       _vsnprintf                 10016277 f   LIBCMT:vsnprint.obj
 0001:00015277       __vsnprintf                10016277 f   LIBCMT:vsnprint.obj
 0001:00015292       __vsnprintf_l              10016292 f   LIBCMT:vsnprint.obj
 0001:0001533e       __fileno                   1001633e f   LIBCMT:fileno.obj
 0001:00015362       ___initstdio               10016362 f   LIBCMT:_file.obj
 0001:000153d5       ___endstdio                100163d5 f   LIBCMT:_file.obj
 0001:000153fc       ___iob_func                100163fc f   LIBCMT:_file.obj
 0001:00015402       __lock_file                10016402 f   LIBCMT:_file.obj
 0001:00015441       __lock_file2               10016441 f   LIBCMT:_file.obj
 0001:00015471       __unlock_file              10016471 f   LIBCMT:_file.obj
 0001:000154ab       __unlock_file2             100164ab f   LIBCMT:_file.obj
 0001:000154e0       __chkstk                   100164e0 f   LIBCMT:chkstk.obj
 0001:000154e0       __alloca_probe             100164e0 f   LIBCMT:chkstk.obj
 0001:0001550b       __fflush_nolock            1001650b f   LIBCMT:fflush.obj
 0001:00015551       __flush                    10016551 f   LIBCMT:fflush.obj
 0001:000155b5       __flushall                 100165b5 f   LIBCMT:fflush.obj
 0001:000156a2       __getstream                100166a2 f   LIBCMT:stream.obj
 0001:000157c1       __openfile                 100167c1 f   LIBCMT:_open.obj
 0001:00015a40       __local_unwind4            10016a40 f   LIBCMT:exsup4.obj
 0001:00015b16       __seh_longjmp_unwind4@4    10016b16 f   LIBCMT:exsup4.obj
 0001:00015b32       @_EH4_CallFilterFunc@8     10016b32 f   LIBCMT:exsup4.obj
 0001:00015b49       @_EH4_TransferToHandler@8  10016b49 f   LIBCMT:exsup4.obj
 0001:00015b62       @_EH4_GlobalUnwind2@8      10016b62 f   LIBCMT:exsup4.obj
 0001:00015b7b       @_EH4_LocalUnwind@16       10016b7b f   LIBCMT:exsup4.obj
 0001:00015b92       __filbuf                   10016b92 f   LIBCMT:_filbuf.obj
 0001:00015cb3       _memcpy_s                  10016cb3 f   LIBCMT:memcpy_s.obj
 0001:00015d40       _memset                    10016d40 f   LIBCMT:memset.obj
 0001:00015dd0       _memcpy                    10016dd0 f   LIBCMT:memcpy.obj
 0001:00016414       __freebuf                  10017414 f   LIBCMT:_freebuf.obj
 0001:00016450       __aulldiv                  10017450 f   LIBCMT:ulldiv.obj
 0001:000164b8       __XcptFilter               100174b8 f   LIBCMT:winxfltr.obj
 0001:00016613       ___CppXcptFilter           10017613 f   LIBCMT:winxfltr.obj
 0001:00016631       __setargv                  10017631 f   LIBCMT:stdargv.obj
 0001:00016860       __setenvp                  10017860 f   LIBCMT:stdenvp.obj
 0001:00016941       ___security_init_cookie    10017941 f   LIBCMT:gs_support.obj
 0001:000169dd       _DllMain@12                100179dd f   LIBCMT:dllmain.obj
 0001:000169e3       ___crtGetEnvironmentStringsA 100179e3 f   LIBCMT:a_env.obj
 0001:00016a70       __RTC_Initialize           10017a70 f   LIBCMT:initsect.obj
 0001:00016a90       __RTC_Terminate            10017a90 f   LIBCMT:initsect.obj
 0001:00016ab0       __crt_debugger_hook        10017ab0 f   LIBCMT:dbghook.obj
 0001:00016ab8       __isatty                   10017ab8 f   LIBCMT:isatty.obj
 0001:00016b0c       __getbuf                   10017b0c f   LIBCMT:_getbuf.obj
 0001:00016b52       __isleadbyte_l             10017b52 f i LIBCMT:_wctype.obj
 0001:00016b8c       _isleadbyte                10017b8c f i LIBCMT:_wctype.obj
 0001:00016ba0       _strlen                    10017ba0 f   LIBCMT:strlen.obj
 0001:00016c2b       __get_printf_count_output  10017c2b f   LIBCMT:printf.obj
 0001:00016c40       __wctomb_s_l               10017c40 f   LIBCMT:wctomb.obj
 0001:00016d64       _wctomb_s                  10017d64 f   LIBCMT:wctomb.obj
 0001:00016d80       __aulldvrm                 10017d80 f   LIBCMT:ulldvrm.obj
 0001:00016e15       __initp_misc_cfltcvt_tab   10017e15 f   LIBCMT:cmiscdat.obj
 0001:00016e34       __lock                     10017e34 f   LIBCMT:mlock.obj
 0001:00016e68       __mtdeletelocks            10017e68 f   LIBCMT:mlock.obj
 0001:00016ebc       __mtinitlocknum            10017ebc f   LIBCMT:mlock.obj
 0001:00016f65       __mtinitlocks              10017f65 f   LIBCMT:mlock.obj
 0001:00016f9e       __unlock                   10017f9e f   LIBCMT:mlock.obj
 0001:00016fc0       __FindPESection            10017fc0 f   LIBCMT:pesect.obj
 0001:00017010       __IsNonwritableInCurrentImage 10018010 f   LIBCMT:pesect.obj
 0001:000170d0       __ValidateImageBase        100180d0 f   LIBCMT:pesect.obj
 0001:00017101       __mbtowc_l                 10018101 f   LIBCMT:mbtowc.obj
 0001:000171f6       _mbtowc                    100181f6 f   LIBCMT:mbtowc.obj
 0001:0001720e       __putwch_nolock            1001820e f   LIBCMT:putwch.obj
 0001:00017251       ___onexitinit              10018251 f   LIBCMT:onexit.obj
 0001:00017280       __onexit                   10018280 f   LIBCMT:onexit.obj
 0001:0001737c       _atexit                    1001837c f   LIBCMT:onexit.obj
 0001:00017391       ?terminate@@YAXXZ          10018391 f   LIBCMT:hooks.obj
 0001:000173c5       __initp_eh_hooks           100183c5 f   LIBCMT:hooks.obj
 0001:000173d6       __initp_misc_purevirt      100183d6 f   LIBCMT:inithelp.obj
 0001:000173e3       ___get_sigabrt             100183e3 f   LIBCMT:winsig.obj
 0001:000173f0       __initp_misc_winsig        100183f0 f   LIBCMT:winsig.obj
 0001:0001740c       _raise                     1001840c f   LIBCMT:winsig.obj
 0001:00017601       __initp_misc_rand_s        10018601 f   LIBCMT:rand_s.obj
 0001:0001760e       _wcscat_s                  1001860e f   LIBCMT:wcscat_s.obj
 0001:0001767a       _wcscpy_s                  1001867a f   LIBCMT:wcscpy_s.obj
 0001:000176d6       _wcslen                    100186d6 f   LIBCMT:wcslen.obj
 0001:000176ef       _wcsncpy_s                 100186ef f   LIBCMT:wcsncpy_s.obj
 0001:000177ad       __set_error_mode           100187ad f   LIBCMT:errmode.obj
 0001:000177ed       ___crtMessageBoxW          100187ed f   LIBCMT:crtmboxw.obj
 0001:000179d3       ___free_lconv_mon          100189d3 f   LIBCMT:initmon.obj
 0001:00017acf       ___free_lconv_num          10018acf f   LIBCMT:initnum.obj
 0001:00017b36       ___free_lc_time            10018b36 f   LIBCMT:inittime.obj
 0001:000180ba       ___crtLCMapStringA         100190ba f   LIBCMT:a_map.obj
 0001:00018100       __freea                    10019100 f i LIBCMT:a_map.obj
 0001:00018216       ___crtGetStringTypeA       10019216 f   LIBCMT:a_str.obj
 0001:00018256       ___raise_securityfailure   10019256 f   LIBCMT:gs_report.obj
 0001:00018293       ___report_gsfailure        10019293 f   LIBCMT:gs_report.obj
 0001:0001838e       _realloc                   1001938e f   LIBCMT:realloc.obj
 0001:00018439       __calloc_impl              10019439 f   LIBCMT:calloc_impl.obj
 0001:000184b3       __fcloseall                100194b3 f   LIBCMT:closeall.obj
 0001:00018550       __commit                   10019550 f   LIBCMT:commit.obj
 0001:00018639       __open                     10019639 f   LIBCMT:open.obj
 0001:00018639       _open                      10019639 f   LIBCMT:open.obj
 0001:000186e9       __sopen_helper             100196e9 f   LIBCMT:open.obj
 0001:000187b2       __sopen_nolock             100197b2 f   LIBCMT:open.obj
 0001:00018800       __sopen_s                  10019800 f   LIBCMT:open.obj
 0001:0001881e       __mbsnbcmp                 1001981e f   LIBCMT:mbsnbcmp.obj
 0001:00018836       __mbsnbcmp_l               10019836 f   LIBCMT:mbsnbcmp.obj
 0001:0001894d       __mbsnbicmp                1001994d f   LIBCMT:mbsnbicm.obj
 0001:00018965       __mbsnbicmp_l              10019965 f   LIBCMT:mbsnbicm.obj
 0001:00018b20       __global_unwind2           10019b20 f   LIBCMT:exsup.obj
 0001:00018b85       __local_unwind2            10019b85 f   LIBCMT:exsup.obj
 0001:00018c09       __abnormal_termination     10019c09 f   LIBCMT:exsup.obj
 0001:00018c2c       __NLG_Notify1              10019c2c f   LIBCMT:exsup.obj
 0001:00018c35       __NLG_Notify               10019c35 f   LIBCMT:exsup.obj
 0001:00018c4c       __NLG_Dispatch             10019c4c     LIBCMT:exsup.obj
 0001:00018c4c       __NLG_Dispatch2            10019c4c     LIBCMT:exsup.obj
 0001:00018c54       __NLG_Call                 10019c54 f   LIBCMT:exsup.obj
 0001:00018c56       __NLG_Return2              10019c56     LIBCMT:exsup.obj
 0001:00018c57       __VEC_memset               10019c57 f   LIBCMT:p4_memset.obj
 0001:00018d1f       ___isa_available_init      10019d1f f   LIBCMT:cpu_disp.obj
 0001:00018ef2       __ismbblead                10019ef2 f   LIBCMT:ismbbyte.obj
 0001:00018f08       __fptrap                   10019f08 f   LIBCMT:crt0fp.obj
 0001:00018f11       ___termconout              10019f11 f   LIBCMT:initcon.obj
 0001:00018f28       ___initconout              10019f28 f   LIBCMT:initcon.obj
 0001:00018f47       __msize                    10019f47 f   LIBCMT:msize.obj
 0001:00018f78       _abort                     10019f78 f   LIBCMT:abort.obj
 0001:00018fbb       _GetTableIndexFromLocaleName 10019fbb f   LIBCMT:winapinls.obj
 0001:00019009       ___crtDownlevelLocaleNameToLCID 1001a009 f   LIBCMT:winapinls.obj
 0001:00019033       ___crtLCMapStringEx        1001a033 f   LIBCMT:winapinls.obj
 0001:0001907f       ___wcsnicmp_ascii          1001a07f f   LIBCMT:winapinls.obj
 0001:000190ed       __locterm                  1001a0ed f   LIBCMT:wsetloca.obj
 0001:00019140       __alloca_probe_16          1001a140 f   LIBCMT:alloca16.obj
 0001:00019156       __alloca_probe_8           1001a156     LIBCMT:alloca16.obj
 0001:00019170       _strncmp                   1001a170 f   LIBCMT:strncmp.obj
 0001:000191e8       __strnicmp                 1001a1e8 f   LIBCMT:strnicmp.obj
 0001:00019253       __strnicmp_l               1001a253 f   LIBCMT:strnicmp.obj
 0001:00019304       __isctype_l                1001a304 f   LIBCMT:isctype.obj
 0001:000193c0       ___ascii_strnicmp          1001a3c0 f   LIBCMT:_strnicm.obj
 0001:00019421       __tolower_l                1001a421 f   LIBCMT:tolower.obj
 0001:00019564       _tolower                   1001a564 f   LIBCMT:tolower.obj
 0001:00019590       ___crt_atoflt_l            1001a590 f   LIBCMT:atodbl.obj
 0001:00019634       __atodbl_l                 1001a634 f   LIBCMT:atodbl.obj
 0001:000196c2       __atoflt_l                 1001a6c2 f   LIBCMT:atodbl.obj
 0001:000196e0       __allmul                   1001a6e0 f   LIBCMT:llmul.obj
 0001:00019714       __fpmath                   1001a714 f   LIBCMT:fpinit.obj
 0001:0001972b       __cfltcvt_init             1001a72b f   LIBCMT:fpinit.obj
 0001:00019790       __ld12tod                  1001a790 f   LIBCMT:intrncvt.obj
 0001:00019d02       __ld12tof                  1001ad02 f   LIBCMT:intrncvt.obj
 0001:0001a274       ___strgtold12_l            1001b274 f   LIBCMT:strgtold.obj
 0001:0001aa1c       __cfltcvt                  1001ba1c f   LIBCMT:cvt.obj
 0001:0001aa3d       __cfltcvt_l                1001ba3d f   LIBCMT:cvt.obj
 0001:0001aac3       __cftoa_l                  1001bac3 f   LIBCMT:cvt.obj
 0001:0001ae1f       __cftoe                    1001be1f f   LIBCMT:cvt.obj
 0001:0001af8e       __cftoe_l                  1001bf8e f   LIBCMT:cvt.obj
 0001:0001b148       __cftof_l                  1001c148 f   LIBCMT:cvt.obj
 0001:0001b209       __cftog_l                  1001c209 f   LIBCMT:cvt.obj
 0001:0001b308       __cropzeros                1001c308 f   LIBCMT:cvt.obj
 0001:0001b319       __cropzeros_l              1001c319 f   LIBCMT:cvt.obj
 0001:0001b399       __fassign                  1001c399 f   LIBCMT:cvt.obj
 0001:0001b3b1       __fassign_l                1001c3b1 f   LIBCMT:cvt.obj
 0001:0001b3f3       __forcdecpt                1001c3f3 f   LIBCMT:cvt.obj
 0001:0001b404       __forcdecpt_l              1001c404 f   LIBCMT:cvt.obj
 0001:0001b478       __positive                 1001c478 f   LIBCMT:cvt.obj
 0001:0001b4ba       __setdefaultprecision      1001c4ba f   LIBCMT:fp8.obj
 0001:0001b4e1       ___mtold12                 1001c4e1 f   LIBCMT:mantold.obj
 0001:0001b6c1       __isdigit_l                1001c6c1 f i LIBCMT:_ctype.obj
 0001:0001b713       _isdigit                   1001c713 f i LIBCMT:_ctype.obj
 0001:0001b740       _memmove                   1001c740 f   LIBCMT:memmove.obj
 0001:0001bd90       _strrchr                   1001cd90 f   LIBCMT:strrchr.obj
 0001:0001bec7       __fptostr                  1001cec7 f   LIBCMT:_fptostr.obj
 0001:0001bf77       ___dtold                   1001cf77 f   LIBCMT:cfout.obj
 0001:0001c03f       __fltout2                  1001d03f f   LIBCMT:cfout.obj
 0001:0001c0d0       __alldvrm                  1001d0d0 f   LIBCMT:lldvrm.obj
 0001:0001c1b0       __aullshr                  1001d1b0 f   LIBCMT:ullshr.obj
 0001:0001c1cf       __controlfp_s              1001d1cf f   LIBCMT:contrlfp.obj
 0001:0001c22c       _$I10_OUTPUT               1001d22c f   LIBCMT:x10fout.obj
 0001:0001cca9       __control87                1001dca9 f i LIBCMT:ieee87.obj
 0001:0001d042       ___set_fpsr_sse2           1001e042 f   LIBCMT:fpctrl.obj
 0001:0001d0b8       _IsProcessorFeaturePresent@4 1001e0b8 f   kernel32:KERNEL32.dll
 0001:0001d0be       _RtlUnwind@16              1001e0be f   kernel32:KERNEL32.dll
 0001:0001d0d0       __alldiv                   1001e0d0 f   LIBCMT:lldiv.obj
 0002:00000000       __imp__CreateFileA@28      1001f000     kernel32:KERNEL32.dll
 0002:00000004       __imp__SetFilePointer@16   1001f004     kernel32:KERNEL32.dll
 0002:00000008       __imp__WriteFile@20        1001f008     kernel32:KERNEL32.dll
 0002:0000000c       __imp__ReadFile@20         1001f00c     kernel32:KERNEL32.dll
 0002:00000010       __imp__CreateFileW@28      1001f010     kernel32:KERNEL32.dll
 0002:00000014       __imp__GetLastError@0      1001f014     kernel32:KERNEL32.dll
 0002:00000018       __imp__CloseHandle@4       1001f018     kernel32:KERNEL32.dll
 0002:0000001c       __imp__SetFilePointerEx@20 1001f01c     kernel32:KERNEL32.dll
 0002:00000020       __imp__GetFileType@4       1001f020     kernel32:KERNEL32.dll
 0002:00000024       __imp__GetModuleHandleW@4  1001f024     kernel32:KERNEL32.dll
 0002:00000028       __imp__GetProcAddress@8    1001f028     kernel32:KERNEL32.dll
 0002:0000002c       __imp__HeapFree@12         1001f02c     kernel32:KERNEL32.dll
 0002:00000030       __imp__HeapAlloc@12        1001f030     kernel32:KERNEL32.dll
 0002:00000034       __imp__WideCharToMultiByte@32 1001f034     kernel32:KERNEL32.dll
 0002:00000038       __imp__GetSystemTimeAsFileTime@4 1001f038     kernel32:KERNEL32.dll
 0002:0000003c       __imp__GetCommandLineA@0   1001f03c     kernel32:KERNEL32.dll
 0002:00000040       __imp__GetCurrentThreadId@0 1001f040     kernel32:KERNEL32.dll
 0002:00000044       __imp__IsDebuggerPresent@0 1001f044     kernel32:KERNEL32.dll
 0002:00000048       __imp__EncodePointer@4     1001f048     kernel32:KERNEL32.dll
 0002:0000004c       __imp__DecodePointer@4     1001f04c     kernel32:KERNEL32.dll
 0002:00000050       __imp__IsProcessorFeaturePresent@4 1001f050     kernel32:KERNEL32.dll
 0002:00000054       __imp__SetStdHandle@8      1001f054     kernel32:KERNEL32.dll
 0002:00000058       __imp__EnterCriticalSection@4 1001f058     kernel32:KERNEL32.dll
 0002:0000005c       __imp__LeaveCriticalSection@4 1001f05c     kernel32:KERNEL32.dll
 0002:00000060       __imp__GetStdHandle@4      1001f060     kernel32:KERNEL32.dll
 0002:00000064       __imp__DeleteCriticalSection@4 1001f064     kernel32:KERNEL32.dll
 0002:00000068       __imp__GetStartupInfoW@4   1001f068     kernel32:KERNEL32.dll
 0002:0000006c       __imp__GetConsoleCP@0      1001f06c     kernel32:KERNEL32.dll
 0002:00000070       __imp__GetConsoleMode@8    1001f070     kernel32:KERNEL32.dll
 0002:00000074       __imp__SetEndOfFile@4      1001f074     kernel32:KERNEL32.dll
 0002:00000078       __imp__GetProcessHeap@0    1001f078     kernel32:KERNEL32.dll
 0002:0000007c       __imp__MultiByteToWideChar@24 1001f07c     kernel32:KERNEL32.dll
 0002:00000080       __imp__ReadConsoleW@20     1001f080     kernel32:KERNEL32.dll
 0002:00000084       __imp__UnhandledExceptionFilter@4 1001f084     kernel32:KERNEL32.dll
 0002:00000088       __imp__SetUnhandledExceptionFilter@4 1001f088     kernel32:KERNEL32.dll
 0002:0000008c       __imp__SetLastError@4      1001f08c     kernel32:KERNEL32.dll
 0002:00000090       __imp__InitializeCriticalSectionAndSpinCount@8 1001f090     kernel32:KERNEL32.dll
 0002:00000094       __imp__Sleep@4             1001f094     kernel32:KERNEL32.dll
 0002:00000098       __imp__GetCurrentProcess@0 1001f098     kernel32:KERNEL32.dll
 0002:0000009c       __imp__TerminateProcess@8  1001f09c     kernel32:KERNEL32.dll
 0002:000000a0       __imp__TlsAlloc@0          1001f0a0     kernel32:KERNEL32.dll
 0002:000000a4       __imp__TlsGetValue@4       1001f0a4     kernel32:KERNEL32.dll
 0002:000000a8       __imp__TlsSetValue@8       1001f0a8     kernel32:KERNEL32.dll
 0002:000000ac       __imp__TlsFree@4           1001f0ac     kernel32:KERNEL32.dll
 0002:000000b0       __imp__ExitProcess@4       1001f0b0     kernel32:KERNEL32.dll
 0002:000000b4       __imp__GetModuleHandleExW@12 1001f0b4     kernel32:KERNEL32.dll
 0002:000000b8       __imp__AreFileApisANSI@0   1001f0b8     kernel32:KERNEL32.dll
 0002:000000bc       __imp__GetModuleFileNameW@12 1001f0bc     kernel32:KERNEL32.dll
 0002:000000c0       __imp__IsValidCodePage@4   1001f0c0     kernel32:KERNEL32.dll
 0002:000000c4       __imp__GetACP@0            1001f0c4     kernel32:KERNEL32.dll
 0002:000000c8       __imp__GetOEMCP@0          1001f0c8     kernel32:KERNEL32.dll
 0002:000000cc       __imp__GetCPInfo@8         1001f0cc     kernel32:KERNEL32.dll
 0002:000000d0       __imp__RtlUnwind@16        1001f0d0     kernel32:KERNEL32.dll
 0002:000000d4       __imp__GetModuleFileNameA@12 1001f0d4     kernel32:KERNEL32.dll
 0002:000000d8       __imp__QueryPerformanceCounter@4 1001f0d8     kernel32:KERNEL32.dll
 0002:000000dc       __imp__GetCurrentProcessId@0 1001f0dc     kernel32:KERNEL32.dll
 0002:000000e0       __imp__GetEnvironmentStringsW@0 1001f0e0     kernel32:KERNEL32.dll
 0002:000000e4       __imp__FreeEnvironmentStringsW@4 1001f0e4     kernel32:KERNEL32.dll
 0002:000000e8       __imp__WriteConsoleW@20    1001f0e8     kernel32:KERNEL32.dll
 0002:000000ec       __imp__LoadLibraryExW@12   1001f0ec     kernel32:KERNEL32.dll
 0002:000000f0       __imp__OutputDebugStringW@4 1001f0f0     kernel32:KERNEL32.dll
 0002:000000f4       __imp__GetStringTypeW@16   1001f0f4     kernel32:KERNEL32.dll
 0002:000000f8       __imp__HeapReAlloc@16      1001f0f8     kernel32:KERNEL32.dll
 0002:000000fc       __imp__FlushFileBuffers@4  1001f0fc     kernel32:KERNEL32.dll
 0002:00000100       __imp__HeapSize@12         1001f100     kernel32:KERNEL32.dll
 0002:00000104       __imp__LCMapStringW@24     1001f104     kernel32:KERNEL32.dll
 0002:00000108       \177KERNEL32_NULL_THUNK_DATA 1001f108     kernel32:KERNEL32.dll
 0002:0000010c       ___xc_a                    1001f10c     LIBCMT:crt0init.obj
 0002:00000110       ___xc_z                    1001f110     LIBCMT:crt0init.obj
 0002:00000114       ___xi_a                    1001f114     LIBCMT:crt0init.obj
 0002:00000128       ___xi_z                    1001f128     LIBCMT:crt0init.obj
 0002:0000012c       ___xp_a                    1001f12c     LIBCMT:crt0init.obj
 0002:0000013c       ___xp_z                    1001f13c     LIBCMT:crt0init.obj
 0002:00000140       ___xt_a                    1001f140     LIBCMT:crt0init.obj
 0002:00000144       ___xt_z                    1001f144     LIBCMT:crt0init.obj
 0002:00000150       ??_C@_0M@HHGEPIBF@CreateFile2?$AA@ 1001f150     LIBCMT:wopen.obj
 0002:0000015c       ??_C@_1BK@MGMFAEKH@?$AAk?$AAe?$AAr?$AAn?$AAe?$AAl?$AA3?$AA2?$AA?4?$AAd?$AAl?$AAl?$AA?$AA@ 1001f15c     LIBCMT:wopen.obj
 0002:00000178       ??_C@_0EA@FCLIIPNN@Visual?5C?$CL?$CL?5CRT?3?5Not?5enough?5memor@ 1001f178     LIBCMT:strerror.obj
 0002:000001b8       __pRawDllMain              1001f1b8     LIBCMT:dllcrt0.obj
 0002:000001b8       __pDefaultRawDllMain       1001f1b8     LIBCMT:dllcrt0.obj
 0002:000001bc       ??_C@_06OJHGLDPL@?$CInull?$CJ?$AA@ 1001f1bc     LIBCMT:output.obj
 0002:000001c4       ??_C@_1O@CEDCILHN@?$AA?$CI?$AAn?$AAu?$AAl?$AAl?$AA?$CJ?$AA?$AA@ 1001f1c4     LIBCMT:output.obj
 0002:000001d8       ___lookuptable             1001f1d8     LIBCMT:output.obj
 0002:00000234       ??_C@_08KNHFBNJ@FlsAlloc?$AA@ 1001f234     LIBCMT:winapisupp.obj
 0002:00000240       ??_C@_07PEJMOBNF@FlsFree?$AA@ 1001f240     LIBCMT:winapisupp.obj
 0002:00000248       ??_C@_0M@GDNOONDI@FlsGetValue?$AA@ 1001f248     LIBCMT:winapisupp.obj
 0002:00000254       ??_C@_0M@JCPCPOEF@FlsSetValue?$AA@ 1001f254     LIBCMT:winapisupp.obj
 0002:00000260       ??_C@_0BM@HCFOFFN@InitializeCriticalSectionEx?$AA@ 1001f260     LIBCMT:winapisupp.obj
 0002:0000027c       ??_C@_0P@DLHPPCNH@CreateEventExW?$AA@ 1001f27c     LIBCMT:winapisupp.obj
 0002:0000028c       ??_C@_0BD@KIEEOEEH@CreateSemaphoreExW?$AA@ 1001f28c     LIBCMT:winapisupp.obj
 0002:000002a0       ??_C@_0BI@BKLFFAPO@SetThreadStackGuarantee?$AA@ 1001f2a0     LIBCMT:winapisupp.obj
 0002:000002b8       ??_C@_0BG@OGFAJCKC@CreateThreadpoolTimer?$AA@ 1001f2b8     LIBCMT:winapisupp.obj
 0002:000002d0       ??_C@_0BD@LPLEMMDI@SetThreadpoolTimer?$AA@ 1001f2d0     LIBCMT:winapisupp.obj
 0002:000002e4       ??_C@_0CA@FMNJENH@WaitForThreadpoolTimerCallbacks?$AA@ 1001f2e4     LIBCMT:winapisupp.obj
 0002:00000304       ??_C@_0BF@DCFCCNOC@CloseThreadpoolTimer?$AA@ 1001f304     LIBCMT:winapisupp.obj
 0002:0000031c       ??_C@_0BF@FLABGKKM@CreateThreadpoolWait?$AA@ 1001f31c     LIBCMT:winapisupp.obj
 0002:00000334       ??_C@_0BC@MGCOHNA@SetThreadpoolWait?$AA@ 1001f334     LIBCMT:winapisupp.obj
 0002:00000348       ??_C@_0BE@OCIOMIMP@CloseThreadpoolWait?$AA@ 1001f348     LIBCMT:winapisupp.obj
 0002:0000035c       ??_C@_0BJ@LKGHFHBO@FlushProcessWriteBuffers?$AA@ 1001f35c     LIBCMT:winapisupp.obj
 0002:00000378       ??_C@_0BP@KALKKPMO@FreeLibraryWhenCallbackReturns?$AA@ 1001f378     LIBCMT:winapisupp.obj
 0002:00000398       ??_C@_0BK@DFNBACLA@GetCurrentProcessorNumber?$AA@ 1001f398     LIBCMT:winapisupp.obj
 0002:000003b4       ??_C@_0BP@KHGALBC@GetLogicalProcessorInformation?$AA@ 1001f3b4     LIBCMT:winapisupp.obj
 0002:000003d4       ??_C@_0BE@FKKLLFLM@CreateSymbolicLinkW?$AA@ 1001f3d4     LIBCMT:winapisupp.obj
 0002:000003e8       ??_C@_0BJ@OHNKDLIJ@SetDefaultDllDirectories?$AA@ 1001f3e8     LIBCMT:winapisupp.obj
 0002:00000404       ??_C@_0BE@LJANKFHF@EnumSystemLocalesEx?$AA@ 1001f404     LIBCMT:winapisupp.obj
 0002:00000418       ??_C@_0BA@IHGNDAEB@CompareStringEx?$AA@ 1001f418     LIBCMT:winapisupp.obj
 0002:00000428       ??_C@_0BA@EPCJIIPD@GetDateFormatEx?$AA@ 1001f428     LIBCMT:winapisupp.obj
 0002:00000438       ??_C@_0BA@ONOKGCMP@GetLocaleInfoEx?$AA@ 1001f438     LIBCMT:winapisupp.obj
 0002:00000448       ??_C@_0BA@CIJJKCJJ@GetTimeFormatEx?$AA@ 1001f448     LIBCMT:winapisupp.obj
 0002:00000458       ??_C@_0BJ@PBCCBIPI@GetUserDefaultLocaleName?$AA@ 1001f458     LIBCMT:winapisupp.obj
 0002:00000474       ??_C@_0BC@CELBKLLA@IsValidLocaleName?$AA@ 1001f474     LIBCMT:winapisupp.obj
 0002:00000488       ??_C@_0O@KKBNKAPF@LCMapStringEx?$AA@ 1001f488     LIBCMT:winapisupp.obj
 0002:00000498       ??_C@_0BE@JOGNEJCI@GetCurrentPackageId?$AA@ 1001f498     LIBCMT:winapisupp.obj
 0002:000004ac       ??_C@_0P@CDHHOHKP@GetTickCount64?$AA@ 1001f4ac     LIBCMT:winapisupp.obj
 0002:000004bc       ??_C@_0BO@KPCLFDJJ@GetFileInformationByHandleExW?$AA@ 1001f4bc     LIBCMT:winapisupp.obj
 0002:000004dc       ??_C@_0BM@MHIDLABK@SetFileInformationByHandleW?$AA@ 1001f4dc     LIBCMT:winapisupp.obj
 0002:000004f8       ??_C@_1BI@BGOHAHKC@?$AAm?$AAs?$AAc?$AAo?$AAr?$AAe?$AAe?$AA?4?$AAd?$AAl?$AAl?$AA?$AA@ 1001f4f8     LIBCMT:crt0dat.obj
 0002:00000510       ??_C@_0P@MIGLKIOC@CorExitProcess?$AA@ 1001f510     LIBCMT:crt0dat.obj
 0002:000005d8       ??_C@_1FK@PGACCAFB@?$AAR?$AA6?$AA0?$AA0?$AA2?$AA?$AN?$AA?6?$AA?9?$AA?5?$AAf?$AAl?$AAo?$AAa?$AAt?$AAi?$AAn?$AAg?$AA?5?$AAp?$AAo?$AAi?$AAn?$AAt?$AA?5?$AAs?$AAu?$AAp?$AAp?$AAo?$AAr?$AAt?$AA?5@ 1001f5d8     LIBCMT:crt0msg.obj
 0002:00000638       ??_C@_1FE@LLNEDJMD@?$AAR?$AA6?$AA0?$AA0?$AA8?$AA?$AN?$AA?6?$AA?9?$AA?5?$AAn?$AAo?$AAt?$AA?5?$AAe?$AAn?$AAo?$AAu?$AAg?$AAh?$AA?5?$AAs?$AAp?$AAa?$AAc?$AAe?$AA?5?$AAf?$AAo?$AAr?$AA?5?$AAa?$AAr@ 1001f638     LIBCMT:crt0msg.obj
 0002:00000690       ??_C@_1FI@HONFMGBI@?$AAR?$AA6?$AA0?$AA0?$AA9?$AA?$AN?$AA?6?$AA?9?$AA?5?$AAn?$AAo?$AAt?$AA?5?$AAe?$AAn?$AAo?$AAu?$AAg?$AAh?$AA?5?$AAs?$AAp?$AAa?$AAc?$AAe?$AA?5?$AAf?$AAo?$AAr?$AA?5?$AAe?$AAn@ 1001f690     LIBCMT:crt0msg.obj
 0002:000006e8       ??_C@_1EG@BEHAGFJD@?$AAR?$AA6?$AA0?$AA1?$AA0?$AA?$AN?$AA?6?$AA?9?$AA?5?$AAa?$AAb?$AAo?$AAr?$AAt?$AA?$CI?$AA?$CJ?$AA?5?$AAh?$AAa?$AAs?$AA?5?$AAb?$AAe?$AAe?$AAn?$AA?5?$AAc?$AAa?$AAl?$AAl?$AAe?$AAd@ 1001f6e8     LIBCMT:crt0msg.obj
 0002:00000730       ??_C@_1FI@LOGNIKDM@?$AAR?$AA6?$AA0?$AA1?$AA6?$AA?$AN?$AA?6?$AA?9?$AA?5?$AAn?$AAo?$AAt?$AA?5?$AAe?$AAn?$AAo?$AAu?$AAg?$AAh?$AA?5?$AAs?$AAp?$AAa?$AAc?$AAe?$AA?5?$AAf?$AAo?$AAr?$AA?5?$AAt?$AAh@ 1001f730     LIBCMT:crt0msg.obj
 0002:00000788       ??_C@_1FK@BEOGODMC@?$AAR?$AA6?$AA0?$AA1?$AA7?$AA?$AN?$AA?6?$AA?9?$AA?5?$AAu?$AAn?$AAe?$AAx?$AAp?$AAe?$AAc?$AAt?$AAe?$AAd?$AA?5?$AAm?$AAu?$AAl?$AAt?$AAi?$AAt?$AAh?$AAr?$AAe?$AAa?$AAd?$AA?5@ 1001f788     LIBCMT:crt0msg.obj
 0002:000007e8       ??_C@_1EC@JIBHAOPH@?$AAR?$AA6?$AA0?$AA1?$AA8?$AA?$AN?$AA?6?$AA?9?$AA?5?$AAu?$AAn?$AAe?$AAx?$AAp?$AAe?$AAc?$AAt?$AAe?$AAd?$AA?5?$AAh?$AAe?$AAa?$AAp?$AA?5?$AAe?$AAr?$AAr?$AAo?$AAr?$AA?$AN?$AA?6@ 1001f7e8     LIBCMT:crt0msg.obj
 0002:00000830       ??_C@_1FC@ECHBIFBC@?$AAR?$AA6?$AA0?$AA1?$AA9?$AA?$AN?$AA?6?$AA?9?$AA?5?$AAu?$AAn?$AAa?$AAb?$AAl?$AAe?$AA?5?$AAt?$AAo?$AA?5?$AAo?$AAp?$AAe?$AAn?$AA?5?$AAc?$AAo?$AAn?$AAs?$AAo?$AAl?$AAe?$AA?5@ 1001f830     LIBCMT:crt0msg.obj
 0002:00000888       ??_C@_1GK@FHCKBEFA@?$AAR?$AA6?$AA0?$AA2?$AA4?$AA?$AN?$AA?6?$AA?9?$AA?5?$AAn?$AAo?$AAt?$AA?5?$AAe?$AAn?$AAo?$AAu?$AAg?$AAh?$AA?5?$AAs?$AAp?$AAa?$AAc?$AAe?$AA?5?$AAf?$AAo?$AAr?$AA?5?$AA_?$AAo@ 1001f888     LIBCMT:crt0msg.obj
 0002:000008f8       ??_C@_1EM@MAADIHMB@?$AAR?$AA6?$AA0?$AA2?$AA5?$AA?$AN?$AA?6?$AA?9?$AA?5?$AAp?$AAu?$AAr?$AAe?$AA?5?$AAv?$AAi?$AAr?$AAt?$AAu?$AAa?$AAl?$AA?5?$AAf?$AAu?$AAn?$AAc?$AAt?$AAi?$AAo?$AAn?$AA?5?$AAc@ 1001f8f8     LIBCMT:crt0msg.obj
 0002:00000948       ??_C@_1GK@MCAAGJMO@?$AAR?$AA6?$AA0?$AA2?$AA6?$AA?$AN?$AA?6?$AA?9?$AA?5?$AAn?$AAo?$AAt?$AA?5?$AAe?$AAn?$AAo?$AAu?$AAg?$AAh?$AA?5?$AAs?$AAp?$AAa?$AAc?$AAe?$AA?5?$AAf?$AAo?$AAr?$AA?5?$AAs?$AAt@ 1001f948     LIBCMT:crt0msg.obj
 0002:000009b8       ??_C@_1GK@MFGOKLAG@?$AAR?$AA6?$AA0?$AA2?$AA7?$AA?$AN?$AA?6?$AA?9?$AA?5?$AAn?$AAo?$AAt?$AA?5?$AAe?$AAn?$AAo?$AAu?$AAg?$AAh?$AA?5?$AAs?$AAp?$AAa?$AAc?$AAe?$AA?5?$AAf?$AAo?$AAr?$AA?5?$AAl?$AAo@ 1001f9b8     LIBCMT:crt0msg.obj
 0002:00000a28       ??_C@_1EK@HHFLMAOL@?$AAR?$AA6?$AA0?$AA2?$AA8?$AA?$AN?$AA?6?$AA?9?$AA?5?$AAu?$AAn?$AAa?$AAb?$AAl?$AAe?$AA?5?$AAt?$AAo?$AA?5?$AAi?$AAn?$AAi?$AAt?$AAi?$AAa?$AAl?$AAi?$AAz?$AAe?$AA?5?$AAh?$AAe@ 1001fa28     LIBCMT:crt0msg.obj
 0002:00000a74       ??_C@_1DO@BMFCDCD@?$AAR?$AA6?$AA0?$AA3?$AA0?$AA?$AN?$AA?6?$AA?9?$AA?5?$AAC?$AAR?$AAT?$AA?5?$AAn?$AAo?$AAt?$AA?5?$AAi?$AAn?$AAi?$AAt?$AAi?$AAa?$AAl?$AAi?$AAz?$AAe?$AAd?$AA?$AN?$AA?6?$AA?$AA@ 1001fa74     LIBCMT:crt0msg.obj
 0002:00000ab8       ??_C@_1MG@ENCOOIDF@?$AAR?$AA6?$AA0?$AA3?$AA1?$AA?$AN?$AA?6?$AA?9?$AA?5?$AAA?$AAt?$AAt?$AAe?$AAm?$AAp?$AAt?$AA?5?$AAt?$AAo?$AA?5?$AAi?$AAn?$AAi?$AAt?$AAi?$AAa?$AAl?$AAi?$AAz?$AAe?$AA?5?$AAt@ 1001fab8     LIBCMT:crt0msg.obj
 0002:00000b80       ??_C@_1GG@GOPILAJP@?$AAR?$AA6?$AA0?$AA3?$AA2?$AA?$AN?$AA?6?$AA?9?$AA?5?$AAn?$AAo?$AAt?$AA?5?$AAe?$AAn?$AAo?$AAu?$AAg?$AAh?$AA?5?$AAs?$AAp?$AAa?$AAc?$AAe?$AA?5?$AAf?$AAo?$AAr?$AA?5?$AAl?$AAo@ 1001fb80     LIBCMT:crt0msg.obj
 0002:00000be8       ??_C@_1BOO@KGEDBGAJ@?$AAR?$AA6?$AA0?$AA3?$AA3?$AA?$AN?$AA?6?$AA?9?$AA?5?$AAA?$AAt?$AAt?$AAe?$AAm?$AAp?$AAt?$AA?5?$AAt?$AAo?$AA?5?$AAu?$AAs?$AAe?$AA?5?$AAM?$AAS?$AAI?$AAL?$AA?5?$AAc?$AAo?$AAd@ 1001fbe8     LIBCMT:crt0msg.obj
 0002:00000dd8       ??_C@_1GG@MKFPEKFO@?$AAR?$AA6?$AA0?$AA3?$AA4?$AA?$AN?$AA?6?$AA?9?$AA?5?$AAi?$AAn?$AAc?$AAo?$AAn?$AAs?$AAi?$AAs?$AAt?$AAe?$AAn?$AAt?$AA?5?$AAo?$AAn?$AAe?$AAx?$AAi?$AAt?$AA?5?$AAb?$AAe?$AAg@ 1001fdd8     LIBCMT:crt0msg.obj
 0002:00000e40       ??_C@_1BO@BFCDCGC@?$AAD?$AAO?$AAM?$AAA?$AAI?$AAN?$AA?5?$AAe?$AAr?$AAr?$AAo?$AAr?$AA?$AN?$AA?6?$AA?$AA@ 1001fe40     LIBCMT:crt0msg.obj
 0002:00000e60       ??_C@_1BK@KMOMNAAI@?$AAS?$AAI?$AAN?$AAG?$AA?5?$AAe?$AAr?$AAr?$AAo?$AAr?$AA?$AN?$AA?6?$AA?$AA@ 1001fe60     LIBCMT:crt0msg.obj
 0002:00000e7c       ??_C@_1BM@JBBEPPHI@?$AAT?$AAL?$AAO?$AAS?$AAS?$AA?5?$AAe?$AAr?$AAr?$AAo?$AAr?$AA?$AN?$AA?6?$AA?$AA@ 1001fe7c     LIBCMT:crt0msg.obj
 0002:00000e98       ??_C@_15JNBOKNOG@?$AA?$AN?$AA?6?$AA?$AA@ 1001fe98     LIBCMT:crt0msg.obj
 0002:00000ea0       ??_C@_1BO@BKOMIGKJ@?$AAr?$AAu?$AAn?$AAt?$AAi?$AAm?$AAe?$AA?5?$AAe?$AAr?$AAr?$AAo?$AAr?$AA?5?$AA?$AA@ 1001fea0     LIBCMT:crt0msg.obj
 0002:00000ec0       ??_C@_1DE@JNGNBFGO@?$AAR?$AAu?$AAn?$AAt?$AAi?$AAm?$AAe?$AA?5?$AAE?$AAr?$AAr?$AAo?$AAr?$AA?$CB?$AA?6?$AA?6?$AAP?$AAr?$AAo?$AAg?$AAr?$AAa?$AAm?$AA?3?$AA?5?$AA?$AA@ 1001fec0     LIBCMT:crt0msg.obj
 0002:00000ef4       ??_C@_1CO@EAEJAADC@?$AA?$DM?$AAp?$AAr?$AAo?$AAg?$AAr?$AAa?$AAm?$AA?5?$AAn?$AAa?$AAm?$AAe?$AA?5?$AAu?$AAn?$AAk?$AAn?$AAo?$AAw?$AAn?$AA?$DO?$AA?$AA@ 1001fef4     LIBCMT:crt0msg.obj
 0002:00000f24       ??_C@_17LGKOMLJ@?$AA?4?$AA?4?$AA?4?$AA?$AA@ 1001ff24     LIBCMT:crt0msg.obj
 0002:00000f2c       ??_C@_15IABLJNFO@?$AA?6?$AA?6?$AA?$AA@ 1001ff2c     LIBCMT:crt0msg.obj
 0002:00000f38       ??_C@_1EK@MBDPDCGA@?$AAM?$AAi?$AAc?$AAr?$AAo?$AAs?$AAo?$AAf?$AAt?$AA?5?$AAV?$AAi?$AAs?$AAu?$AAa?$AAl?$AA?5?$AAC?$AA?$CL?$AA?$CL?$AA?5?$AAR?$AAu?$AAn?$AAt?$AAi?$AAm?$AAe?$AA?5?$AAL?$AAi?$AAb@ 1001ff38     LIBCMT:crt0msg.obj
 0002:00000f94       ??_C@_1M@HPNHIDJI@?$AAj?$AAa?$AA?9?$AAJ?$AAP?$AA?$AA@ 1001ff94     LIBCMT:mbctype.obj
 0002:00000fa0       ??_C@_1M@BIBDDEMK@?$AAz?$AAh?$AA?9?$AAC?$AAN?$AA?$AA@ 1001ffa0     LIBCMT:mbctype.obj
 0002:00000fac       ??_C@_1M@JLOOOEGK@?$AAk?$AAo?$AA?9?$AAK?$AAR?$AA?$AA@ 1001ffac     LIBCMT:mbctype.obj
 0002:00000fb8       ??_C@_1M@CLNBBOPM@?$AAz?$AAh?$AA?9?$AAT?$AAW?$AA?$AA@ 1001ffb8     LIBCMT:mbctype.obj
 0002:00000fc4       ??_C@_03KOEHGMDN@Sun?$AA@  1001ffc4     LIBCMT:nlsdata.obj
 0002:00000fc8       ??_C@_03PDAGKDH@Mon?$AA@   1001ffc8     LIBCMT:nlsdata.obj
 0002:00000fcc       ??_C@_03NAGEINEP@Tue?$AA@  1001ffcc     LIBCMT:nlsdata.obj
 0002:00000fd0       ??_C@_03MHOMLAJA@Wed?$AA@  1001ffd0     LIBCMT:nlsdata.obj
 0002:00000fd4       ??_C@_03IOFIKPDN@Thu?$AA@  1001ffd4     LIBCMT:nlsdata.obj
 0002:00000fd8       ??_C@_03IDIOELNC@Fri?$AA@  1001ffd8     LIBCMT:nlsdata.obj
 0002:00000fdc       ??_C@_03FEFJNEK@Sat?$AA@   1001ffdc     LIBCMT:nlsdata.obj
 0002:00000fe0       ??_C@_06OOPIFAJ@Sunday?$AA@ 1001ffe0     LIBCMT:nlsdata.obj
 0002:00000fe8       ??_C@_06JLEDEDGH@Monday?$AA@ 1001ffe8     LIBCMT:nlsdata.obj
 0002:00000ff0       ??_C@_07BAAGCFCM@Tuesday?$AA@ 1001fff0     LIBCMT:nlsdata.obj
 0002:00000ff8       ??_C@_09DLIGFAKA@Wednesday?$AA@ 1001fff8     LIBCMT:nlsdata.obj
 0002:00001004       ??_C@_08HACCIKIA@Thursday?$AA@ 10020004     LIBCMT:nlsdata.obj
 0002:00001010       ??_C@_06JECMNKMI@Friday?$AA@ 10020010     LIBCMT:nlsdata.obj
 0002:00001018       ??_C@_08INBOOONO@Saturday?$AA@ 10020018     LIBCMT:nlsdata.obj
 0002:00001024       ??_C@_03JIHJHPIE@Jan?$AA@  10020024     LIBCMT:nlsdata.obj
 0002:00001028       ??_C@_03HJBDCHOM@Feb?$AA@  10020028     LIBCMT:nlsdata.obj
 0002:0000102c       ??_C@_03ODNJBKGA@Mar?$AA@  1002002c     LIBCMT:nlsdata.obj
 0002:00001030       ??_C@_03LEOLGMJP@Apr?$AA@  10020030     LIBCMT:nlsdata.obj
 0002:00001034       ??_C@_03CNMDKL@May?$AA@    10020034     LIBCMT:nlsdata.obj
 0002:00001038       ??_C@_03IDFGHECI@Jun?$AA@  10020038     LIBCMT:nlsdata.obj
 0002:0000103c       ??_C@_03LBGABGKK@Jul?$AA@  1002003c     LIBCMT:nlsdata.obj
 0002:00001040       ??_C@_03IFJFEIGA@Aug?$AA@  10020040     LIBCMT:nlsdata.obj
 0002:00001044       ??_C@_03GGCAPAJC@Sep?$AA@  10020044     LIBCMT:nlsdata.obj
 0002:00001048       ??_C@_03BMAOKBAD@Oct?$AA@  10020048     LIBCMT:nlsdata.obj
 0002:0000104c       ??_C@_03JPJOFNIA@Nov?$AA@  1002004c     LIBCMT:nlsdata.obj
 0002:00001050       ??_C@_03MKABNOCG@Dec?$AA@  10020050     LIBCMT:nlsdata.obj
 0002:00001054       ??_C@_07CGJPFGJA@January?$AA@ 10020054     LIBCMT:nlsdata.obj
 0002:0000105c       ??_C@_08GNJGEPFN@February?$AA@ 1002005c     LIBCMT:nlsdata.obj
 0002:00001068       ??_C@_05HPCKOFNC@March?$AA@ 10020068     LIBCMT:nlsdata.obj
 0002:00001070       ??_C@_05DMJDNLEJ@April?$AA@ 10020070     LIBCMT:nlsdata.obj
 0002:00001078       ??_C@_04CNLMGBGM@June?$AA@ 10020078     LIBCMT:nlsdata.obj
 0002:00001080       ??_C@_04MIEPOIFP@July?$AA@ 10020080     LIBCMT:nlsdata.obj
 0002:00001088       ??_C@_06LBBHFDDG@August?$AA@ 10020088     LIBCMT:nlsdata.obj
 0002:00001090       ??_C@_09BHHEALKD@September?$AA@ 10020090     LIBCMT:nlsdata.obj
 0002:0000109c       ??_C@_07JJNFCEND@October?$AA@ 1002009c     LIBCMT:nlsdata.obj
 0002:000010a4       ??_C@_08HCHEGEOA@November?$AA@ 100200a4     LIBCMT:nlsdata.obj
 0002:000010b0       ??_C@_08EDHMEBNP@December?$AA@ 100200b0     LIBCMT:nlsdata.obj
 0002:000010bc       ??_C@_02DEDBPAFC@AM?$AA@   100200bc     LIBCMT:nlsdata.obj
 0002:000010c0       ??_C@_02CJNFDJBF@PM?$AA@   100200c0     LIBCMT:nlsdata.obj
 0002:000010c4       ??_C@_08BPBNCDIB@MM?1dd?1yy?$AA@ 100200c4     LIBCMT:nlsdata.obj
 0002:000010d0       ??_C@_0BE@CKGJFCPC@dddd?0?5MMMM?5dd?0?5yyyy?$AA@ 100200d0     LIBCMT:nlsdata.obj
 0002:000010e4       ??_C@_08JCCMCCIL@HH?3mm?3ss?$AA@ 100200e4     LIBCMT:nlsdata.obj
 0002:000010f0       ??_C@_17MBGCMIPB@?$AAS?$AAu?$AAn?$AA?$AA@ 100200f0     LIBCMT:nlsdata.obj
 0002:000010f8       ??_C@_17KBOMKBF@?$AAM?$AAo?$AAn?$AA?$AA@ 100200f8     LIBCMT:nlsdata.obj
 0002:00001100       ??_C@_17BMKGEGOJ@?$AAT?$AAu?$AAe?$AA?$AA@ 10020100     LIBCMT:nlsdata.obj
 0002:00001108       ??_C@_17CJEDCEPE@?$AAW?$AAe?$AAd?$AA?$AA@ 10020108     LIBCMT:nlsdata.obj
 0002:00001110       ??_C@_17PDPHAADD@?$AAT?$AAh?$AAu?$AA?$AA@ 10020110     LIBCMT:nlsdata.obj
 0002:00001118       ??_C@_17HFOLPPLP@?$AAF?$AAr?$AAi?$AA?$AA@ 10020118     LIBCMT:nlsdata.obj
 0002:00001120       ??_C@_17GGIBDPIH@?$AAS?$AAa?$AAt?$AA?$AA@ 10020120     LIBCMT:nlsdata.obj
 0002:00001128       ??_C@_1O@IHNHDHPB@?$AAS?$AAu?$AAn?$AAd?$AAa?$AAy?$AA?$AA@ 10020128     LIBCMT:nlsdata.obj
 0002:00001138       ??_C@_1O@MMNBFLIA@?$AAM?$AAo?$AAn?$AAd?$AAa?$AAy?$AA?$AA@ 10020138     LIBCMT:nlsdata.obj
 0002:00001148       ??_C@_1BA@ENFBFFEK@?$AAT?$AAu?$AAe?$AAs?$AAd?$AAa?$AAy?$AA?$AA@ 10020148     LIBCMT:nlsdata.obj
 0002:00001158       ??_C@_1BE@EBOGMDOH@?$AAW?$AAe?$AAd?$AAn?$AAe?$AAs?$AAd?$AAa?$AAy?$AA?$AA@ 10020158     LIBCMT:nlsdata.obj
 0002:0000116c       ??_C@_1BC@HHMNLIHE@?$AAT?$AAh?$AAu?$AAr?$AAs?$AAd?$AAa?$AAy?$AA?$AA@ 1002016c     LIBCMT:nlsdata.obj
 0002:00001180       ??_C@_1O@PDICJHAG@?$AAF?$AAr?$AAi?$AAd?$AAa?$AAy?$AA?$AA@ 10020180     LIBCMT:nlsdata.obj
 0002:00001190       ??_C@_1BC@ENMNNPAJ@?$AAS?$AAa?$AAt?$AAu?$AAr?$AAd?$AAa?$AAy?$AA?$AA@ 10020190     LIBCMT:nlsdata.obj
 0002:000011a4       ??_C@_17DKNBKCHM@?$AAJ?$AAa?$AAn?$AA?$AA@ 100201a4     LIBCMT:nlsdata.obj
 0002:000011ac       ??_C@_17LMDJEKJN@?$AAF?$AAe?$AAb?$AA?$AA@ 100201ac     LIBCMT:nlsdata.obj
 0002:000011b4       ??_C@_17CKNLEDEC@?$AAM?$AAa?$AAr?$AA?$AA@ 100201b4     LIBCMT:nlsdata.obj
 0002:000011bc       ??_C@_17LFPOIHDD@?$AAA?$AAp?$AAr?$AA?$AA@ 100201bc     LIBCMT:nlsdata.obj
 0002:000011c4       ??_C@_17PNNKMEED@?$AAM?$AAa?$AAy?$AA?$AA@ 100201c4     LIBCMT:nlsdata.obj
 0002:000011cc       ??_C@_17KCJGOCPB@?$AAJ?$AAu?$AAn?$AA?$AA@ 100201cc     LIBCMT:nlsdata.obj
 0002:000011d4       ??_C@_17IJPCKHK@?$AAJ?$AAu?$AAl?$AA?$AA@ 100201d4     LIBCMT:nlsdata.obj
 0002:000011dc       ??_C@_17ICPELBCN@?$AAA?$AAu?$AAg?$AA?$AA@ 100201dc     LIBCMT:nlsdata.obj
 0002:000011e4       ??_C@_17HCHCOKMG@?$AAS?$AAe?$AAp?$AA?$AA@ 100201e4     LIBCMT:nlsdata.obj
 0002:000011ec       ??_C@_17FNLKOI@?$AAO?$AAc?$AAt?$AA?$AA@ 100201ec     LIBCMT:nlsdata.obj
 0002:000011f4       ??_C@_17BBDMLCIG@?$AAN?$AAo?$AAv?$AA?$AA@ 100201f4     LIBCMT:nlsdata.obj
 0002:000011fc       ??_C@_17EGKACKIF@?$AAD?$AAe?$AAc?$AA?$AA@ 100201fc     LIBCMT:nlsdata.obj
 0002:00001204       ??_C@_1BA@EFMEIEBA@?$AAJ?$AAa?$AAn?$AAu?$AAa?$AAr?$AAy?$AA?$AA@ 10020204     LIBCMT:nlsdata.obj
 0002:00001214       ??_C@_1BC@JGDDFFAM@?$AAF?$AAe?$AAb?$AAr?$AAu?$AAa?$AAr?$AAy?$AA?$AA@ 10020214     LIBCMT:nlsdata.obj
 0002:00001228       ??_C@_1M@IKEENEDF@?$AAM?$AAa?$AAr?$AAc?$AAh?$AA?$AA@ 10020228     LIBCMT:nlsdata.obj
 0002:00001234       ??_C@_1M@GJNLMHFD@?$AAA?$AAp?$AAr?$AAi?$AAl?$AA?$AA@ 10020234     LIBCMT:nlsdata.obj
 0002:00001240       ??_C@_19EPFLPGAP@?$AAJ?$AAu?$AAn?$AAe?$AA?$AA@ 10020240     LIBCMT:nlsdata.obj
 0002:0000124c       ??_C@_19BIFMLPCD@?$AAJ?$AAu?$AAl?$AAy?$AA?$AA@ 1002024c     LIBCMT:nlsdata.obj
 0002:00001258       ??_C@_1O@PAHLKOAC@?$AAA?$AAu?$AAg?$AAu?$AAs?$AAt?$AA?$AA@ 10020258     LIBCMT:nlsdata.obj
 0002:00001268       ??_C@_1BE@DKAAMBJL@?$AAS?$AAe?$AAp?$AAt?$AAe?$AAm?$AAb?$AAe?$AAr?$AA?$AA@ 10020268     LIBCMT:nlsdata.obj
 0002:0000127c       ??_C@_1BA@EPANDLNG@?$AAO?$AAc?$AAt?$AAo?$AAb?$AAe?$AAr?$AA?$AA@ 1002027c     LIBCMT:nlsdata.obj
 0002:0000128c       ??_C@_1BC@BGLIFPF@?$AAN?$AAo?$AAv?$AAe?$AAm?$AAb?$AAe?$AAr?$AA?$AA@ 1002028c     LIBCMT:nlsdata.obj
 0002:000012a0       ??_C@_1BC@FEMKIFH@?$AAD?$AAe?$AAc?$AAe?$AAm?$AAb?$AAe?$AAr?$AA?$AA@ 100202a0     LIBCMT:nlsdata.obj
 0002:000012b4       ??_C@_15ODEHAHHF@?$AAA?$AAM?$AA?$AA@ 100202b4     LIBCMT:nlsdata.obj
 0002:000012bc       ??_C@_15CLMNNGEL@?$AAP?$AAM?$AA?$AA@ 100202bc     LIBCMT:nlsdata.obj
 0002:000012c4       ??_C@_1BC@IEBCMHCM@?$AAM?$AAM?$AA?1?$AAd?$AAd?$AA?1?$AAy?$AAy?$AA?$AA@ 100202c4     LIBCMT:nlsdata.obj
 0002:000012d8       ??_C@_1CI@KNAKOEBC@?$AAd?$AAd?$AAd?$AAd?$AA?0?$AA?5?$AAM?$AAM?$AAM?$AAM?$AA?5?$AAd?$AAd?$AA?0?$AA?5?$AAy?$AAy?$AAy?$AAy?$AA?$AA@ 100202d8     LIBCMT:nlsdata.obj
 0002:00001300       ??_C@_1BC@GDGBMEMK@?$AAH?$AAH?$AA?3?$AAm?$AAm?$AA?3?$AAs?$AAs?$AA?$AA@ 10020300     LIBCMT:nlsdata.obj
 0002:00001314       ??_C@_1M@BMHNFIME@?$AAe?$AAn?$AA?9?$AAU?$AAS?$AA?$AA@ 10020314     LIBCMT:nlsdata.obj
 0002:00001320       __sys_errlist              10020320     LIBCMT:syserr.obj
 0002:000013d0       ??_C@_08INEPGKHH@No?5error?$AA@ 100203d0     LIBCMT:syserr.obj
 0002:000013dc       ??_C@_0BI@BJFCGOHL@Operation?5not?5permitted?$AA@ 100203dc     LIBCMT:syserr.obj
 0002:000013f4       ??_C@_0BK@FMDHKPNF@No?5such?5file?5or?5directory?$AA@ 100203f4     LIBCMT:syserr.obj
 0002:00001410       ??_C@_0BA@FKIAIBGA@No?5such?5process?$AA@ 10020410     LIBCMT:syserr.obj
 0002:00001420       ??_C@_0BK@FJBOAFDK@Interrupted?5function?5call?$AA@ 10020420     LIBCMT:syserr.obj
 0002:0000143c       ??_C@_0BD@KKNFOBBD@Input?1output?5error?$AA@ 1002043c     LIBCMT:syserr.obj
 0002:00001450       ??_C@_0BK@DPKMCKJ@No?5such?5device?5or?5address?$AA@ 10020450     LIBCMT:syserr.obj
 0002:0000146c       ??_C@_0BC@MFFGCDFL@Arg?5list?5too?5long?$AA@ 1002046c     LIBCMT:syserr.obj
 0002:00001480       ??_C@_0BC@HKPNECK@Exec?5format?5error?$AA@ 10020480     LIBCMT:syserr.obj
 0002:00001494       ??_C@_0BE@NFGDDCEF@Bad?5file?5descriptor?$AA@ 10020494     LIBCMT:syserr.obj
 0002:000014a8       ??_C@_0BD@LOHELEP@No?5child?5processes?$AA@ 100204a8     LIBCMT:syserr.obj
 0002:000014bc       ??_C@_0CB@EPFKGNAK@Resource?5temporarily?5unavailable@ 100204bc     LIBCMT:syserr.obj
 0002:000014e0       ??_C@_0BB@IMDKMPFB@Not?5enough?5space?$AA@ 100204e0     LIBCMT:syserr.obj
 0002:000014f4       ??_C@_0BC@HFNFNKAI@Permission?5denied?$AA@ 100204f4     LIBCMT:syserr.obj
 0002:00001508       ??_C@_0M@LOEHLCJD@Bad?5address?$AA@ 10020508     LIBCMT:syserr.obj
 0002:00001514       ??_C@_0O@NIPGCINC@Unknown?5error?$AA@ 10020514     LIBCMT:syserr.obj
 0002:00001524       ??_C@_0BA@BIBLIOEK@Resource?5device?$AA@ 10020524     LIBCMT:syserr.obj
 0002:00001534       ??_C@_0M@NAAJNNGH@File?5exists?$AA@ 10020534     LIBCMT:syserr.obj
 0002:00001540       ??_C@_0O@OAMDNOCP@Improper?5link?$AA@ 10020540     LIBCMT:syserr.obj
 0002:00001550       ??_C@_0P@NLEIANHE@No?5such?5device?$AA@ 10020550     LIBCMT:syserr.obj
 0002:00001560       ??_C@_0BA@CJBACOOL@Not?5a?5directory?$AA@ 10020560     LIBCMT:syserr.obj
 0002:00001570       ??_C@_0P@NDHGCGKE@Is?5a?5directory?$AA@ 10020570     LIBCMT:syserr.obj
 0002:00001580       ??_C@_0BB@HMGGCEBG@Invalid?5argument?$AA@ 10020580     LIBCMT:syserr.obj
 0002:00001594       ??_C@_0BO@IIFBODJE@Too?5many?5open?5files?5in?5system?$AA@ 10020594     LIBCMT:syserr.obj
 0002:000015b4       ??_C@_0BE@INBJMKGG@Too?5many?5open?5files?$AA@ 100205b4     LIBCMT:syserr.obj
 0002:000015c8       ??_C@_0CE@ONOKNLPF@Inappropriate?5I?1O?5control?5operat@ 100205c8     LIBCMT:syserr.obj
 0002:000015ec       ??_C@_0P@LFMMIPAE@File?5too?5large?$AA@ 100205ec     LIBCMT:syserr.obj
 0002:000015fc       ??_C@_0BI@FEALHKLD@No?5space?5left?5on?5device?$AA@ 100205fc     LIBCMT:syserr.obj
 0002:00001614       ??_C@_0N@FEHLOILP@Invalid?5seek?$AA@ 10020614     LIBCMT:syserr.obj
 0002:00001624       ??_C@_0BG@DDBFNKBH@Read?9only?5file?5system?$AA@ 10020624     LIBCMT:syserr.obj
 0002:0000163c       ??_C@_0P@PKCJJLLM@Too?5many?5links?$AA@ 1002063c     LIBCMT:syserr.obj
 0002:0000164c       ??_C@_0M@LHEPIIOM@Broken?5pipe?$AA@ 1002064c     LIBCMT:syserr.obj
 0002:00001658       ??_C@_0N@MMJPGLJK@Domain?5error?$AA@ 10020658     LIBCMT:syserr.obj
 0002:00001668       ??_C@_0BB@FCBJFCAJ@Result?5too?5large?$AA@ 10020668     LIBCMT:syserr.obj
 0002:0000167c       ??_C@_0BK@JAEBMJJM@Resource?5deadlock?5avoided?$AA@ 1002067c     LIBCMT:syserr.obj
 0002:00001698       ??_C@_0BC@BEDIHIDK@Filename?5too?5long?$AA@ 10020698     LIBCMT:syserr.obj
 0002:000016ac       ??_C@_0BD@CLHBCGPB@No?5locks?5available?$AA@ 100206ac     LIBCMT:syserr.obj
 0002:000016c0       ??_C@_0BJ@IHEHINLI@Function?5not?5implemented?$AA@ 100206c0     LIBCMT:syserr.obj
 0002:000016dc       ??_C@_0BE@ICMCHPHH@Directory?5not?5empty?$AA@ 100206dc     LIBCMT:syserr.obj
 0002:000016f0       ??_C@_0BG@KLEAJEFJ@Illegal?5byte?5sequence?$AA@ 100206f0     LIBCMT:syserr.obj
 0002:00001728       __XcptActTab               10020728     LIBCMT:winxfltr.obj
 0002:000017b8       __XcptActTabCount          100207b8     LIBCMT:winxfltr.obj
 0002:000017bc       __XcptActTabSize           100207bc     LIBCMT:winxfltr.obj
 0002:000017c0       __First_FPE_Indx           100207c0     LIBCMT:winxfltr.obj
 0002:000017c4       __Num_FPE                  100207c4     LIBCMT:winxfltr.obj
 0002:000017c8       ___lookuptable_s           100207c8     LIBCMT:outputs.obj
 0002:00001824       ??_C@_1BG@GOEBHBDC@?$AAU?$AAS?$AAE?$AAR?$AA3?$AA2?$AA?4?$AAD?$AAL?$AAL?$AA?$AA@ 10020824     LIBCMT:crtmboxw.obj
 0002:0000183c       ??_C@_0M@DLDCCGNP@MessageBoxW?$AA@ 1002083c     LIBCMT:crtmboxw.obj
 0002:00001848       ??_C@_0BA@HNOPNCHB@GetActiveWindow?$AA@ 10020848     LIBCMT:crtmboxw.obj
 0002:00001858       ??_C@_0BD@HHGDFDBJ@GetLastActivePopup?$AA@ 10020858     LIBCMT:crtmboxw.obj
 0002:0000186c       ??_C@_0BK@DEKFELLI@GetUserObjectInformationW?$AA@ 1002086c     LIBCMT:crtmboxw.obj
 0002:00001888       ??_C@_0BI@DFKBFLJE@GetProcessWindowStation?$AA@ 10020888     LIBCMT:crtmboxw.obj
 0002:000018a8       ___newctype                100208a8     LIBCMT:ctype.obj
 0002:00001ba8       __wctype                   10020ba8     LIBCMT:ctype.obj
 0002:00001db0       ___newclmap                10020db0     LIBCMT:ctype.obj
 0002:00001f30       ___newcumap                10020f30     LIBCMT:ctype.obj
 0002:000020b0       ??_C@_1BA@BALFACEM@?$AAC?$AAO?$AAN?$AAO?$AAU?$AAT?$AA$?$AA?$AA@ 100210b0     LIBCMT:initcon.obj
 0002:000020c0       _LcidToLocaleNameTable     100210c0     LIBCMT:winapinls.obj
 0002:000027e0       _LocaleNameToIndexTable    100217e0     LIBCMT:winapinls.obj
 0002:00002f00       ??_C@_15EMKDOKLE@?$AAa?$AAr?$AA?$AA@ 10021f00     LIBCMT:winapinls.obj
 0002:00002f08       ??_C@_15KNPADPLH@?$AAb?$AAg?$AA?$AA@ 10021f08     LIBCMT:winapinls.obj
 0002:00002f10       ??_C@_15EDMHLDMO@?$AAc?$AAa?$AA?$AA@ 10021f10     LIBCMT:winapinls.obj
 0002:00002f18       ??_C@_1O@BPEAJADD@?$AAz?$AAh?$AA?9?$AAC?$AAH?$AAS?$AA?$AA@ 10021f18     LIBCMT:winapinls.obj
 0002:00002f28       ??_C@_15LJNHCMNK@?$AAc?$AAs?$AA?$AA@ 10021f28     LIBCMT:winapinls.obj
 0002:00002f30       ??_C@_15FOMCIDHG@?$AAd?$AAa?$AA?$AA@ 10021f30     LIBCMT:winapinls.obj
 0002:00002f38       ??_C@_15NBKABECB@?$AAd?$AAe?$AA?$AA@ 10021f38     LIBCMT:winapinls.obj
 0002:00002f40       ??_C@_15GHPEIIAO@?$AAe?$AAl?$AA?$AA@ 10021f40     LIBCMT:winapinls.obj
 0002:00002f48       ??_C@_15MNPNEAIF@?$AAe?$AAn?$AA?$AA@ 10021f48     LIBCMT:winapinls.obj
 0002:00002f50       ??_C@_15GPIOMPMH@?$AAe?$AAs?$AA?$AA@ 10021f50     LIBCMT:winapinls.obj
 0002:00002f58       ??_C@_15NGLOAKJC@?$AAf?$AAi?$AA?$AA@ 10021f58     LIBCMT:winapinls.obj
 0002:00002f60       ??_C@_15FBKGNKAM@?$AAf?$AAr?$AA?$AA@ 10021f60     LIBCMT:winapinls.obj
 0002:00002f68       ??_C@_15KGGCNEFK@?$AAh?$AAe?$AA?$AA@ 10021f68     LIBCMT:winapinls.obj
 0002:00002f70       ??_C@_15PGHLIDMF@?$AAh?$AAu?$AA?$AA@ 10021f70     LIBCMT:winapinls.obj
 0002:00002f78       ??_C@_15BIEMAPLM@?$AAi?$AAs?$AA?$AA@ 10021f78     LIBCMT:winapinls.obj
 0002:00002f80       ??_C@_15IFJLDHAF@?$AAi?$AAt?$AA?$AA@ 10021f80     LIBCMT:winapinls.obj
 0002:00002f88       ??_C@_15GEMIOCAG@?$AAj?$AAa?$AA?$AA@ 10021f88     LIBCMT:winapinls.obj
 0002:00002f90       ??_C@_15EPELEGJA@?$AAk?$AAo?$AA?$AA@ 10021f90     LIBCMT:winapinls.obj
 0002:00002f98       ??_C@_15NDDHIMN@?$AAn?$AAl?$AA?$AA@ 10021f98     LIBCMT:winapinls.obj
 0002:00002fa0       ??_C@_15BPIGNHCD@?$AAn?$AAo?$AA?$AA@ 10021fa0     LIBCMT:winapinls.obj
 0002:00002fa8       ??_C@_15DEOPBLCG@?$AAp?$AAl?$AA?$AA@ 10021fa8     LIBCMT:winapinls.obj
 0002:00002fb0       ??_C@_15KBECGEFG@?$AAp?$AAt?$AA?$AA@ 10021fb0     LIBCMT:winapinls.obj
 0002:00002fb8       ??_C@_15GLJCBFMD@?$AAr?$AAo?$AA?$AA@ 10021fb8     LIBCMT:winapinls.obj
 0002:00002fc0       ??_C@_15FEDGKCDI@?$AAr?$AAu?$AA?$AA@ 10021fc0     LIBCMT:winapinls.obj
 0002:00002fc8       ??_C@_15GLKMLLHM@?$AAh?$AAr?$AA?$AA@ 10021fc8     LIBCMT:winapinls.obj
 0002:00002fd0       ??_C@_15CPKMFBDB@?$AAs?$AAk?$AA?$AA@ 10021fd0     LIBCMT:winapinls.obj
 0002:00002fd8       ??_C@_15BAAIOGMK@?$AAs?$AAq?$AA?$AA@ 10021fd8     LIBCMT:winapinls.obj
 0002:00002fe0       ??_C@_15INNPNOHD@?$AAs?$AAv?$AA?$AA@ 10021fe0     LIBCMT:winapinls.obj
 0002:00002fe8       ??_C@_15CABMMOGH@?$AAt?$AAh?$AA?$AA@ 10021fe8     LIBCMT:winapinls.obj
 0002:00002ff0       ??_C@_15BPLIHJJM@?$AAt?$AAr?$AA?$AA@ 10021ff0     LIBCMT:winapinls.obj
 0002:00002ff8       ??_C@_15NEOEKKDJ@?$AAu?$AAr?$AA?$AA@ 10021ff8     LIBCMT:winapinls.obj
 0002:00003000       ??_C@_15NFICGAJK@?$AAi?$AAd?$AA?$AA@ 10022000     LIBCMT:winapinls.obj
 0002:00003008       ??_C@_15PJPFLCCM@?$AAu?$AAk?$AA?$AA@ 10022008     LIBCMT:winapinls.obj
 0002:00003010       ??_C@_15HPJPHDM@?$AAb?$AAe?$AA?$AA@ 10022010     LIBCMT:winapinls.obj
 0002:00003018       ??_C@_15LCHLGJII@?$AAs?$AAl?$AA?$AA@ 10022018     LIBCMT:winapinls.obj
 0002:00003020       ??_C@_15PCFJPHHO@?$AAe?$AAt?$AA?$AA@ 10022020     LIBCMT:winapinls.obj
 0002:00003028       ??_C@_15HPFPGODN@?$AAl?$AAv?$AA?$AA@ 10022028     LIBCMT:winapinls.obj
 0002:00003030       ??_C@_15NFFGKGLG@?$AAl?$AAt?$AA?$AA@ 10022030     LIBCMT:winapinls.obj
 0002:00003038       ??_C@_15BDAKCCHN@?$AAf?$AAa?$AA?$AA@ 10022038     LIBCMT:winapinls.obj
 0002:00003040       ??_C@_15NFGIAIAJ@?$AAv?$AAi?$AA?$AA@ 10022040     LIBCMT:winapinls.obj
 0002:00003048       ??_C@_15LMKNDMHN@?$AAh?$AAy?$AA?$AA@ 10022048     LIBCMT:winapinls.obj
 0002:00003050       ??_C@_15IJBHMCFL@?$AAa?$AAz?$AA?$AA@ 10022050     LIBCMT:winapinls.obj
 0002:00003058       ??_C@_15EKOFJABL@?$AAe?$AAu?$AA?$AA@ 10022058     LIBCMT:winapinls.obj
 0002:00003060       ??_C@_15BGHADCNK@?$AAm?$AAk?$AA?$AA@ 10022060     LIBCMT:winapinls.obj
 0002:00003068       ??_C@_15JDNICKHM@?$AAa?$AAf?$AA?$AA@ 10022068     LIBCMT:winapinls.obj
 0002:00003070       ??_C@_15KPJEDBKD@?$AAk?$AAa?$AA?$AA@ 10022070     LIBCMT:winapinls.obj
 0002:00003078       ??_C@_15PDNFFFEO@?$AAf?$AAo?$AA?$AA@ 10022078     LIBCMT:winapinls.obj
 0002:00003080       ??_C@_15OMLEGLOC@?$AAh?$AAi?$AA?$AA@ 10022080     LIBCMT:winapinls.obj
 0002:00003088       ??_C@_15IDNNENKK@?$AAm?$AAs?$AA?$AA@ 10022088     LIBCMT:winapinls.obj
 0002:00003090       ??_C@_15MACJNBMH@?$AAk?$AAk?$AA?$AA@ 10022090     LIBCMT:winapinls.obj
 0002:00003098       ??_C@_15DKDJEOND@?$AAk?$AAy?$AA?$AA@ 10022098     LIBCMT:winapinls.obj
 0002:000030a0       ??_C@_15DFGDLJBG@?$AAs?$AAw?$AA?$AA@ 100220a0     LIBCMT:winapinls.obj
 0002:000030a8       ??_C@_15BBFAICNG@?$AAu?$AAz?$AA?$AA@ 100220a8     LIBCMT:winapinls.obj
 0002:000030b0       ??_C@_15DKNDCGEA@?$AAt?$AAt?$AA?$AA@ 100220b0     LIBCMT:winapinls.obj
 0002:000030b8       ??_C@_15MGIFMDPL@?$AAp?$AAa?$AA?$AA@ 100220b8     LIBCMT:winapinls.obj
 0002:000030c0       ??_C@_15HCNDBBA@?$AAg?$AAu?$AA?$AA@ 100220c0     LIBCMT:winapinls.obj
 0002:000030c8       ??_C@_15FNBEIBON@?$AAt?$AAa?$AA?$AA@ 100220c8     LIBCMT:winapinls.obj
 0002:000030d0       ??_C@_15NCHGBGLK@?$AAt?$AAe?$AA?$AA@ 100220d0     LIBCMT:winapinls.obj
 0002:000030d8       ??_C@_15PHPHCBPF@?$AAk?$AAn?$AA?$AA@ 100220d8     LIBCMT:winapinls.obj
 0002:000030e0       ??_C@_15DLGBCKMP@?$AAm?$AAr?$AA?$AA@ 100220e0     LIBCMT:winapinls.obj
 0002:000030e8       ??_C@_15EABBLBFF@?$AAs?$AAa?$AA?$AA@ 100220e8     LIBCMT:winapinls.obj
 0002:000030f0       ??_C@_15CBKOMCOI@?$AAm?$AAn?$AA?$AA@ 100220f0     LIBCMT:winapinls.obj
 0002:000030f8       ??_C@_15CKDMCJAF@?$AAg?$AAl?$AA?$AA@ 100220f8     LIBCMT:winapinls.obj
 0002:00003100       ??_C@_17CNJFBPG@?$AAk?$AAo?$AAk?$AA?$AA@ 10022100     LIBCMT:winapinls.obj
 0002:00003108       ??_C@_17FFBJICPL@?$AAs?$AAy?$AAr?$AA?$AA@ 10022108     LIBCMT:winapinls.obj
 0002:00003110       ??_C@_17KPNDCPAF@?$AAd?$AAi?$AAv?$AA?$AA@ 10022110     LIBCMT:winapinls.obj
 0002:00003118       ??_C@_11LOCGONAA@?$AA?$AA@ 10022118     LIBCMT:winapinls.obj
 0002:0000311c       ??_C@_1M@OKAHONE@?$AAa?$AAr?$AA?9?$AAS?$AAA?$AA?$AA@ 1002211c     LIBCMT:winapinls.obj
 0002:00003128       ??_C@_1M@FFFIGIGK@?$AAb?$AAg?$AA?9?$AAB?$AAG?$AA?$AA@ 10022128     LIBCMT:winapinls.obj
 0002:00003134       ??_C@_1M@BJNKEDC@?$AAc?$AAa?$AA?9?$AAE?$AAS?$AA?$AA@ 10022134     LIBCMT:winapinls.obj
 0002:00003140       ??_C@_1M@IJJHFJHA@?$AAc?$AAs?$AA?9?$AAC?$AAZ?$AA?$AA@ 10022140     LIBCMT:winapinls.obj
 0002:0000314c       ??_C@_1M@CLPEOBGI@?$AAd?$AAa?$AA?9?$AAD?$AAK?$AA?$AA@ 1002214c     LIBCMT:winapinls.obj
 0002:00003158       ??_C@_1M@MCMADGCB@?$AAd?$AAe?$AA?9?$AAD?$AAE?$AA?$AA@ 10022158     LIBCMT:winapinls.obj
 0002:00003164       ??_C@_1M@OOCKEMAM@?$AAe?$AAl?$AA?9?$AAG?$AAR?$AA?$AA@ 10022164     LIBCMT:winapinls.obj
 0002:00003170       ??_C@_1M@DDNJFGID@?$AAf?$AAi?$AA?9?$AAF?$AAI?$AA?$AA@ 10022170     LIBCMT:winapinls.obj
 0002:0000317c       ??_C@_1M@GLIPPMAC@?$AAf?$AAr?$AA?9?$AAF?$AAR?$AA?$AA@ 1002217c     LIBCMT:winapinls.obj
 0002:00003188       ??_C@_1M@GFMCHPE@?$AAh?$AAe?$AA?9?$AAI?$AAL?$AA?$AA@ 10022188     LIBCMT:winapinls.obj
 0002:00003194       ??_C@_1M@MHLPGNKM@?$AAh?$AAu?$AA?9?$AAH?$AAU?$AA?$AA@ 10022194     LIBCMT:winapinls.obj
 0002:000031a0       ??_C@_1M@LPDDNNPN@?$AAi?$AAs?$AA?9?$AAI?$AAS?$AA?$AA@ 100221a0     LIBCMT:winapinls.obj
 0002:000031ac       ??_C@_1M@MADIPODN@?$AAi?$AAt?$AA?9?$AAI?$AAT?$AA?$AA@ 100221ac     LIBCMT:winapinls.obj
 0002:000031b8       ??_C@_1M@IHBJJGG@?$AAn?$AAl?$AA?9?$AAN?$AAL?$AA?$AA@ 100221b8     LIBCMT:winapinls.obj
 0002:000031c4       ??_C@_1M@EANAGDL@?$AAn?$AAb?$AA?9?$AAN?$AAO?$AA?$AA@ 100221c4     LIBCMT:winapinls.obj
 0002:000031d0       ??_C@_1M@NEIEMEGP@?$AAp?$AAl?$AA?9?$AAP?$AAL?$AA?$AA@ 100221d0     LIBCMT:winapinls.obj
 0002:000031dc       ??_C@_1M@BOCFIGEP@?$AAp?$AAt?$AA?9?$AAB?$AAR?$AA?$AA@ 100221dc     LIBCMT:winapinls.obj
 0002:000031e8       ??_C@_1M@IMPFOPBG@?$AAr?$AAo?$AA?9?$AAR?$AAO?$AA?$AA@ 100221e8     LIBCMT:winapinls.obj
 0002:000031f4       ??_C@_1M@IDNNEJMM@?$AAr?$AAu?$AA?9?$AAR?$AAU?$AA?$AA@ 100221f4     LIBCMT:winapinls.obj
 0002:00003200       ??_C@_1M@LILEEOGM@?$AAh?$AAr?$AA?9?$AAH?$AAR?$AA?$AA@ 10022200     LIBCMT:winapinls.obj
 0002:0000320c       ??_C@_1M@FKIFEHPB@?$AAs?$AAk?$AA?9?$AAS?$AAK?$AA?$AA@ 1002220c     LIBCMT:winapinls.obj
 0002:00003218       ??_C@_1M@LJMAMNPJ@?$AAs?$AAq?$AA?9?$AAA?$AAL?$AA?$AA@ 10022218     LIBCMT:winapinls.obj
 0002:00003224       ??_C@_1M@GIAKDKJK@?$AAs?$AAv?$AA?9?$AAS?$AAE?$AA?$AA@ 10022224     LIBCMT:winapinls.obj
 0002:00003230       ??_C@_1M@MKJKIKCL@?$AAt?$AAh?$AA?9?$AAT?$AAH?$AA?$AA@ 10022230     LIBCMT:winapinls.obj
 0002:0000323c       ??_C@_1M@MFLCCMPB@?$AAt?$AAr?$AA?9?$AAT?$AAR?$AA?$AA@ 1002223c     LIBCMT:winapinls.obj
 0002:00003248       ??_C@_1M@OIJHDKJN@?$AAu?$AAr?$AA?9?$AAP?$AAK?$AA?$AA@ 10022248     LIBCMT:winapinls.obj
 0002:00003254       ??_C@_1M@LHIPCIEK@?$AAi?$AAd?$AA?9?$AAI?$AAD?$AA?$AA@ 10022254     LIBCMT:winapinls.obj
 0002:00003260       ??_C@_1M@MFMOBGI@?$AAu?$AAk?$AA?9?$AAU?$AAA?$AA?$AA@ 10022260     LIBCMT:winapinls.obj
 0002:0000326c       ??_C@_1M@OBGLJIPL@?$AAb?$AAe?$AA?9?$AAB?$AAY?$AA?$AA@ 1002226c     LIBCMT:winapinls.obj
 0002:00003278       ??_C@_1M@BCFAJEAD@?$AAs?$AAl?$AA?9?$AAS?$AAI?$AA?$AA@ 10022278     LIBCMT:winapinls.obj
 0002:00003284       ??_C@_1M@FKFFEDDN@?$AAe?$AAt?$AA?9?$AAE?$AAE?$AA?$AA@ 10022284     LIBCMT:winapinls.obj
 0002:00003290       ??_C@_1M@KGKKAACI@?$AAl?$AAv?$AA?9?$AAL?$AAV?$AA?$AA@ 10022290     LIBCMT:winapinls.obj
 0002:0000329c       ??_C@_1M@IFGBIJO@?$AAl?$AAt?$AA?9?$AAL?$AAT?$AA?$AA@ 1002229c     LIBCMT:winapinls.obj
 0002:000032a8       ??_C@_1M@FGEAHEDM@?$AAf?$AAa?$AA?9?$AAI?$AAR?$AA?$AA@ 100222a8     LIBCMT:winapinls.obj
 0002:000032b4       ??_C@_1M@KBMAIBFN@?$AAv?$AAi?$AA?9?$AAV?$AAN?$AA?$AA@ 100222b4     LIBCMT:winapinls.obj
 0002:000032c0       ??_C@_1M@GPCBKDJK@?$AAh?$AAy?$AA?9?$AAA?$AAM?$AA?$AA@ 100222c0     LIBCMT:winapinls.obj
 0002:000032cc       ??_C@_1BG@BECMDDJB@?$AAa?$AAz?$AA?9?$AAA?$AAZ?$AA?9?$AAL?$AAa?$AAt?$AAn?$AA?$AA@ 100222cc     LIBCMT:winapinls.obj
 0002:000032e4       ??_C@_1M@MAOFCAEA@?$AAe?$AAu?$AA?9?$AAE?$AAS?$AA?$AA@ 100222e4     LIBCMT:winapinls.obj
 0002:000032f0       ??_C@_1M@IGHABKPI@?$AAm?$AAk?$AA?9?$AAM?$AAK?$AA?$AA@ 100222f0     LIBCMT:winapinls.obj
 0002:000032fc       ??_C@_1M@IAIGNEJG@?$AAt?$AAn?$AA?9?$AAZ?$AAA?$AA?$AA@ 100222fc     LIBCMT:winapinls.obj
 0002:00003308       ??_C@_1M@IIJCOJFA@?$AAx?$AAh?$AA?9?$AAZ?$AAA?$AA?$AA@ 10022308     LIBCMT:winapinls.obj
 0002:00003314       ??_C@_1M@LGPJHNJH@?$AAz?$AAu?$AA?9?$AAZ?$AAA?$AA?$AA@ 10022314     LIBCMT:winapinls.obj
 0002:00003320       ??_C@_1M@HOKAOIO@?$AAa?$AAf?$AA?9?$AAZ?$AAA?$AA?$AA@ 10022320     LIBCMT:winapinls.obj
 0002:0000332c       ??_C@_1M@DPCLHLIE@?$AAk?$AAa?$AA?9?$AAG?$AAE?$AA?$AA@ 1002232c     LIBCMT:winapinls.obj
 0002:00003338       ??_C@_1M@BLKMHJBI@?$AAf?$AAo?$AA?9?$AAF?$AAO?$AA?$AA@ 10022338     LIBCMT:winapinls.obj
 0002:00003344       ??_C@_1M@LGGJAPPB@?$AAh?$AAi?$AA?9?$AAI?$AAN?$AA?$AA@ 10022344     LIBCMT:winapinls.obj
 0002:00003350       ??_C@_1M@FIKPIHFE@?$AAm?$AAt?$AA?9?$AAM?$AAT?$AA?$AA@ 10022350     LIBCMT:winapinls.obj
 0002:0000335c       ??_C@_1M@HEGGPBFA@?$AAs?$AAe?$AA?9?$AAN?$AAO?$AA?$AA@ 1002235c     LIBCMT:winapinls.obj
 0002:00003368       ??_C@_1M@EIBJEEPA@?$AAm?$AAs?$AA?9?$AAM?$AAY?$AA?$AA@ 10022368     LIBCMT:winapinls.obj
 0002:00003374       ??_C@_1M@FHLBGMPP@?$AAk?$AAk?$AA?9?$AAK?$AAZ?$AA?$AA@ 10022374     LIBCMT:winapinls.obj
 0002:00003380       ??_C@_1M@NGJJLCGI@?$AAk?$AAy?$AA?9?$AAK?$AAG?$AA?$AA@ 10022380     LIBCMT:winapinls.obj
 0002:0000338c       ??_C@_1M@GIENNBFC@?$AAs?$AAw?$AA?9?$AAK?$AAE?$AA?$AA@ 1002238c     LIBCMT:winapinls.obj
 0002:00003398       ??_C@_1BG@NDGMJIMJ@?$AAu?$AAz?$AA?9?$AAU?$AAZ?$AA?9?$AAL?$AAa?$AAt?$AAn?$AA?$AA@ 10022398     LIBCMT:winapinls.obj
 0002:000033b0       ??_C@_1M@IDCCIHBC@?$AAt?$AAt?$AA?9?$AAR?$AAU?$AA?$AA@ 100223b0     LIBCMT:winapinls.obj
 0002:000033bc       ??_C@_1M@LOICPMOJ@?$AAb?$AAn?$AA?9?$AAI?$AAN?$AA?$AA@ 100223bc     LIBCMT:winapinls.obj
 0002:000033c8       ??_C@_1M@KPKKNEAH@?$AAp?$AAa?$AA?9?$AAI?$AAN?$AA?$AA@ 100223c8     LIBCMT:winapinls.obj
 0002:000033d4       ??_C@_1M@PJGPPBOG@?$AAg?$AAu?$AA?9?$AAI?$AAN?$AA?$AA@ 100223d4     LIBCMT:winapinls.obj
 0002:000033e0       ??_C@_1M@KMKMOPHI@?$AAt?$AAa?$AA?9?$AAI?$AAN?$AA?$AA@ 100223e0     LIBCMT:winapinls.obj
[...]
 0001:00018b20       $$000000                   10019b20     LIBCMT:exsup.obj
 0001:00018b40       __unwind_handler           10019b40 f   LIBCMT:exsup.obj
 0001:00018e98       ?x_ismbbtype_l@@YAHPAUlocaleinfo_struct@@IHH@Z 10019e98 f   LIBCMT:ismbbyte.obj
 0001:00019140       $$000000                   1001a140     LIBCMT:alloca16.obj
 0001:00019170       $$000000                   1001a170     LIBCMT:strncmp.obj
 0001:000193c0       $$000000                   1001a3c0     LIBCMT:_strnicm.obj
 0001:000196e0       $$000000                   1001a6e0     LIBCMT:llmul.obj
 0001:0001a9ec       $LN333                     1001b9ec     LIBCMT:strgtold.obj
 0001:0001ae3d       __cftoe2_l                 1001be3d f   LIBCMT:cvt.obj
 0001:0001b05c       __cftof2_l                 1001c05c f   LIBCMT:cvt.obj
 0001:0001b492       __shift                    1001c492 f   LIBCMT:cvt.obj
 0001:0001b740       $$000000                   1001c740     LIBCMT:memmove.obj
 0001:0001b990       LeadUpVec                  1001c990     LIBCMT:memmove.obj
 0001:0001ba0c       UnwindUpVec                1001ca0c     LIBCMT:memmove.obj
 0001:0001ba78       TrailUpVec                 1001ca78     LIBCMT:memmove.obj
 0001:0001bb1c       LeadDownVec                1001cb1c     LIBCMT:memmove.obj
 0001:0001bba8       UnwindDownVec              1001cba8     LIBCMT:memmove.obj
 0001:0001bc14       TrailDownVec               1001cc14     LIBCMT:memmove.obj
 0001:0001bd90       $$000000                   1001cd90     LIBCMT:strrchr.obj
 0001:0001c0d0       $$000000                   1001d0d0     LIBCMT:lldvrm.obj
 0001:0001c1b0       $$000000                   1001d1b0     LIBCMT:ullshr.obj
 0001:0001cc00       ___hw_cw_sse2              1001dc00 f   LIBCMT:ieee87.obj
 0001:0001cfab       __hw_cw                    1001dfab f   LIBCMT:ieee87.obj
 0001:0001d0d0       $$000000                   1001e0d0     LIBCMT:lldiv.obj
 0002:00000118       _pinit                     1001f118     LIBCMT:mbctype.obj
 0002:0000011c       _pinit                     1001f11c     LIBCMT:_file.obj
 0002:00000120       _pinit                     1001f120     LIBCMT:onexit.obj
 0002:00000124       _pinit                     1001f124     LIBCMT:cpu_disp.obj
 0002:00000130       _pterm                     1001f130     LIBCMT:initcon.obj
 0002:00000134       _pterm                     1001f134     LIBCMT:wsetloca.obj
 0002:00000138       _pterm                     1001f138     LIBCMT:_file.obj
 0002:00000520       _rterrs                    1001f520     LIBCMT:crt0msg.obj
 0002:00000f84       __mb_locale_names          1001ff84     LIBCMT:mbctype.obj
 0002:00001708       ?ccsField@?P@??_openfile@@9@9 10020708     LIBCMT:_open.obj
 0002:0000170c       ?utf8encoding@?P@??_openfile@@9@9 1002070c     LIBCMT:_open.obj
 0002:00001714       ?utf16encoding@?P@??_openfile@@9@9 10020714     LIBCMT:_open.obj
 0002:00001720       ?unicodeencoding@?P@??_openfile@@9@9 10020720     LIBCMT:_open.obj
 0002:000018a0       _GS_ExceptionPointers      100208a0     LIBCMT:gs_report.obj
 0002:00004138       __first_127char            10023138     LIBCMT:wsetloca.obj
 0002:00004200       _crc_table                 10023200     crc32.obj
 0002:00006200       _configuration_table       10025200     deflate.obj
 0002:00006278       ?my_version@?1??deflateInit2_@@9@9 10025278     deflate.obj
 0002:00006280       ?lenfix@?1??fixedtables@@9@9 10025280     infback.obj
 0002:00006a80       ?order@?1??inflateBack@@9@9 10025a80     infback.obj
 0002:00006aa8       ?distfix@?1??fixedtables@@9@9 10025aa8     infback.obj
 0002:00006b28       ?lenfix@?1??fixedtables@@9@9 10025b28     inflate.obj
 0002:00007330       ?order@?1??inflate@@9@9    10026330     inflate.obj
 0002:00007358       ?distfix@?1??fixedtables@@9@9 10026358     inflate.obj
 0002:000073d8       ?lext@?1??inflate_table@@9@9 100263d8     inftrees.obj
 0002:00007418       ?dbase@?1??inflate_table@@9@9 10026418     inftrees.obj
 0002:00007458       ?lbase@?1??inflate_table@@9@9 10026458     inftrees.obj
 0002:00007498       ?dext@?1??inflate_table@@9@9 10026498     inftrees.obj
 0002:000077e0       _static_dtree              100267e0     trees.obj
 0002:00007860       _static_ltree              10026860     trees.obj
 0002:00007ce0       _extra_dbits               10026ce0     trees.obj
 0002:00007d60       _base_length               10026d60     trees.obj
 0002:00007dd8       _extra_blbits              10026dd8     trees.obj
 0002:00007e30       _extra_lbits               10026e30     trees.obj
 0002:00007eb0       _bl_order                  10026eb0     trees.obj
 0002:00007ed0       _base_dist                 10026ed0     trees.obj
 0002:00008380       __sehtable$__lseeki64      10027380     LIBCMT:lseeki64.obj
 0002:000083a0       __sehtable$__wopen         100273a0     LIBCMT:wopen.obj
 0002:000083c0       __sehtable$__ftelli64      100273c0     LIBCMT:ftelli64.obj
 0002:000083e0       __sehtable$__fseeki64      100273e0     LIBCMT:fseeki64.obj
 0002:00008400       __sehtable$__fsopen        10027400     LIBCMT:fopen.obj
 0002:00008420       __sehtable$_fread_s        10027420     LIBCMT:fread.obj
 0002:00008440       __sehtable$_fwrite         10027440     LIBCMT:fwrite.obj
 0002:00008460       __sehtable$_fclose         10027460     LIBCMT:fclose.obj
 0002:00008480       __sehtable$__CRT_INIT@12   10027480     LIBCMT:dllcrt0.obj
 0002:000084a0       __sehtable$___DllMainCRTStartup 100274a0     LIBCMT:dllcrt0.obj
 0002:000084c0       __sehtable$__alloc_osfhnd  100274c0     LIBCMT:osfinfo.obj
 0002:000084e8       __sehtable$___lock_fhandle 100274e8     LIBCMT:osfinfo.obj
 0002:00008508       __sehtable$__ioinit        10027508     LIBCMT:ioinit.obj
 0002:00008528       __sehtable$__write         10027528     LIBCMT:write.obj
 0002:00008548       __sehtable$__close         10027548     LIBCMT:close.obj
 0002:00008568       __sehtable$__read          10027568     LIBCMT:read.obj
 0002:00008588       __sehtable$_doexit         10027588     LIBCMT:crt0dat.obj
 0002:000085a8       __sehtable$___updatetlocinfo 100275a8     LIBCMT:localref.obj
 0002:000085c8       __sehtable$___updatetmbcinfo 100275c8     LIBCMT:mbctype.obj
 0002:000085e8       __sehtable$__setmbcp       100275e8     LIBCMT:mbctype.obj
 0002:00008608       __sehtable$__freefls@4     10027608     LIBCMT:tidtable.obj
 0002:00008630       __sehtable$__initptd       10027630     LIBCMT:tidtable.obj
 0002:00008658       __sehtable$_flsall         10027658     LIBCMT:fflush.obj
 0002:00008680       __sehtable$__getstream     10027680     LIBCMT:stream.obj
 0002:000086a0       __sehtable$__mtinitlocknum 100276a0     LIBCMT:mlock.obj
 0002:000086c0       __sehtable$__IsNonwritableInCurrentImage 100276c0     LIBCMT:pesect.obj
 0002:000086e0       __sehtable$__onexit        100276e0     LIBCMT:onexit.obj
 0002:00008700       __sehtable$?terminate@@YAXXZ 10027700     LIBCMT:hooks.obj
 0002:00008720       __sehtable$_raise          10027720     LIBCMT:winsig.obj
 0002:00008740       __sehtable$__fcloseall     10027740     LIBCMT:closeall.obj
 0002:00008760       __sehtable$__commit        10027760     LIBCMT:commit.obj
 0002:00008780       __sehtable$__sopen_helper  10027780     LIBCMT:open.obj
 0002:000087a0       __sehtable$__open          100277a0     LIBCMT:open.obj
 0002:000087c0       __sehtable$__locterm       100277c0     LIBCMT:wsetloca.obj
 0002:000087e0       __sehtable$___set_fpsr_sse2 100277e0     LIBCMT:fpctrl.obj
 0002:00008800       .edata                     10027800     zlibwapi.exp
 0002:00008828       rgpv                       10027828     zlibwapi.exp
 0002:00008abc       rgszName                   10027abc     zlibwapi.exp
 0002:00008c98       rgwOrd                     10027c98     zlibwapi.exp
 0002:00008d86       szName                     10027d86     zlibwapi.exp
 0002:00008d93       $N00001                    10027d93     zlibwapi.exp
 0002:00008d9b       $N00140                    10027d9b     zlibwapi.exp
 0002:00008dab       $N00039                    10027dab     zlibwapi.exp
 0002:00008db5       $N00002                    10027db5     zlibwapi.exp
 0002:00008dbe       $N00046                    10027dbe     zlibwapi.exp
 0002:00008dcc       $N00003                    10027dcc     zlibwapi.exp
 0002:00008dd2       $N00142                    10027dd2     zlibwapi.exp
 0002:00008de0       $N00004                    10027de0     zlibwapi.exp
 0002:00008de8       $N00047                    10027de8     zlibwapi.exp
 0002:00008df5       $N00005                    10027df5     zlibwapi.exp
 0002:00008e01       $N00006                    10027e01     zlibwapi.exp
 0002:00008e0c       $N00007                    10027e0c     zlibwapi.exp
 0002:00008e1a       $N00008                    10027e1a     zlibwapi.exp
 0002:00008e27       $N00009                    10027e27     zlibwapi.exp
 0002:00008e35       $N00052                    10027e35     zlibwapi.exp
 0002:00008e44       $N00051                    10027e44     zlibwapi.exp
 0002:00008e51       $N00010                    10027e51     zlibwapi.exp
 0002:00008e5e       $N00164                    10027e5e     zlibwapi.exp
 0002:00008e6f       $N00011                    10027e6f     zlibwapi.exp
 0002:00008e84       $N00144                    10027e84     zlibwapi.exp
 0002:00008e95       $N00145                    10027e95     zlibwapi.exp
 0002:00008ea1       $N00110                    10027ea1     zlibwapi.exp
 0002:00008eb5       $N00111                    10027eb5     zlibwapi.exp
 0002:00008ecb       $N00112                    10027ecb     zlibwapi.exp
 0002:00008ee2       $N00113                    10027ee2     zlibwapi.exp
 0002:00008ef9       $N00038                    10027ef9     zlibwapi.exp
 0002:00008f07       $N00146                    10027f07     zlibwapi.exp
 0002:00008f10       $N00048                    10027f10     zlibwapi.exp
 0002:00008f1b       $N00012                    10027f1b     zlibwapi.exp
 0002:00008f23       $N00147                    10027f23     zlibwapi.exp
 0002:00008f2d       $N00148                    10027f2d     zlibwapi.exp
 0002:00008f37       $N00149                    10027f37     zlibwapi.exp
 0002:00008f40       $N00013                    10027f40     zlibwapi.exp
 0002:00008f48       $N00034                    10027f48     zlibwapi.exp
 0002:00008f4e       $N00014                    10027f4e     zlibwapi.exp
 0002:00008f56       $N00015                    10027f56     zlibwapi.exp
 0002:00008f5e       $N00030                    10027f5e     zlibwapi.exp
 0002:00008f65       $N00161                    10027f65     zlibwapi.exp
 0002:00008f6d       $N00041                    10027f6d     zlibwapi.exp
 0002:00008f74       $N00150                    10027f74     zlibwapi.exp
 0002:00008f7d       $N00016                    10027f7d     zlibwapi.exp
 0002:00008f84       $N00165                    10027f84     zlibwapi.exp
 0002:00008f8d       $N00028                    10027f8d     zlibwapi.exp
 0002:00008f96       $N00029                    10027f96     zlibwapi.exp
 0002:00008f9d       $N00040                    10027f9d     zlibwapi.exp
 0002:00008fa4       $N00017                    10027fa4     zlibwapi.exp
 0002:00008fab       $N00032                    10027fab     zlibwapi.exp
 0002:00008fb4       $N00031                    10027fb4     zlibwapi.exp
 0002:00008fbb       $N00035                    10027fbb     zlibwapi.exp
 0002:00008fc7       $N00033                    10027fc7     zlibwapi.exp
 0002:00008fce       $N00049                    10027fce     zlibwapi.exp
 0002:00008fd7       $N00018                    10027fd7     zlibwapi.exp
 0002:00008fdf       $N00019                    10027fdf     zlibwapi.exp
 0002:00008fe7       $N00044                    10027fe7     zlibwapi.exp
 0002:00008ff3       $N00045                    10027ff3     zlibwapi.exp
 0002:00009002       $N00043                    10028002     zlibwapi.exp
 0002:00009013       $N00042                    10028013     zlibwapi.exp
 0002:0000901f       $N00020                    1002801f     zlibwapi.exp
 0002:0000902a       $N00156                    1002802a     zlibwapi.exp
 0002:0000903b       $N00021                    1002803b     zlibwapi.exp
 0002:00009049       $N00022                    10028049     zlibwapi.exp
 0002:00009056       $N00157                    10028056     zlibwapi.exp
 0002:00009062       $N00158                    10028062     zlibwapi.exp
 0002:0000906f       $N00159                    1002806f     zlibwapi.exp
 0002:0000907d       $N00023                    1002807d     zlibwapi.exp
 0002:0000908a       $N00163                    1002808a     zlibwapi.exp
 0002:0000909b       $N00024                    1002809b     zlibwapi.exp
 0002:000090b0       $N00025                    100280b0     zlibwapi.exp
 0002:000090bc       $N00037                    100280bc     zlibwapi.exp
 0002:000090cd       $N00160                    100280cd     zlibwapi.exp
 0002:000090de       $N00026                    100280de     zlibwapi.exp
 0002:000090e9       $N00062                    100280e9     zlibwapi.exp
 0002:000090f2       $N00072                    100280f2     zlibwapi.exp
 0002:00009106       $N00124                    10028106     zlibwapi.exp
 0002:0000911e       $N00064                    1002811e     zlibwapi.exp
 0002:00009134       $N00125                    10028134     zlibwapi.exp
 0002:00009152       $N00127                    10028152     zlibwapi.exp
 0002:00009162       $N00100                    10028162     zlibwapi.exp
 0002:00009170       $N00073                    10028170     zlibwapi.exp
 0002:00009184       $N00122                    10028184     zlibwapi.exp
 0002:00009197       $N00063                    10028197     zlibwapi.exp
 0002:000091a8       $N00076                    100281a8     zlibwapi.exp
 0002:000091be       $N00128                    100281be     zlibwapi.exp
 0002:000091cf       $N00101                    100281cf     zlibwapi.exp
 0002:000091de       $N00065                    100281de     zlibwapi.exp
 0002:000091ef       $N00066                    100281ef     zlibwapi.exp
 0002:000091ff       $N00075                    100281ff     zlibwapi.exp
 0002:0000920d       $N00077                    1002820d     zlibwapi.exp
 0002:00009216       $N00121                    10028216     zlibwapi.exp
 0002:00009222       $N00120                    10028222     zlibwapi.exp
 0002:0000922c       $N00061                    1002822c     zlibwapi.exp
 0002:00009234       $N00078                    10028234     zlibwapi.exp
 0002:00009248       $N00069                    10028248     zlibwapi.exp
 0002:0000925c       $N00067                    1002825c     zlibwapi.exp
 0002:0000926f       $N00079                    1002826f     zlibwapi.exp
 0002:0000928a       $N00068                    1002828a     zlibwapi.exp
 0002:0000929d       $N00074                    1002829d     zlibwapi.exp
 0002:000092b6       $N00071                    100282b6     zlibwapi.exp
 0002:000092bd       $N00126                    100282bd     zlibwapi.exp
 0002:000092c7       $N00070                    100282c7     zlibwapi.exp
 0002:000092cf       $N00036                    100282cf     zlibwapi.exp
 0002:000092d6       $N00084                    100282d6     zlibwapi.exp
 0002:000092df       $N00083                    100282df     zlibwapi.exp
 0002:000092f1       $N00136                    100282f1     zlibwapi.exp
 0002:00009308       $N00087                    10028308     zlibwapi.exp
 0002:0000931d       $N00088                    1002831d     zlibwapi.exp
 0002:00009326       $N00131                    10028326     zlibwapi.exp
 0002:00009332       $N00130                    10028332     zlibwapi.exp
 0002:0000933c       $N00080                    1002833c     zlibwapi.exp
 0002:00009344       $N00086                    10028344     zlibwapi.exp
 0002:00009359       $N00133                    10028359     zlibwapi.exp
 0002:00009371       $N00089                    10028371     zlibwapi.exp
 0002:00009386       $N00134                    10028386     zlibwapi.exp
 0002:0000939e       $N00135                    1002839e     zlibwapi.exp
 0002:000093b6       $N00132                    100283b6     zlibwapi.exp
 0002:000093cc       $N00081                    100283cc     zlibwapi.exp
 0002:000093e0       $N00082                    100283e0     zlibwapi.exp
 0002:000093f4       $N00050                    100283f4     zlibwapi.exp
 0002:00009405       $N00027                    10028405     zlibwapi.exp
 0002:000095ac       .idata$6                   100285ac     kernel32:KERNEL32.dll
 0003:00000010       _errtable                  10029010     LIBCMT:dosmap.obj
 0003:00000178       _ErrnoNoMem                10029178     LIBCMT:dosmap.obj
 0003:0000017c       _DoserrorNoMem             1002917c     LIBCMT:dosmap.obj
 0003:000002d0       ?isPackaged@?1??__crtIsPackagedApp@@9@9 100292d0     LIBCMT:winapisupp.obj
 0003:00000700       ___rgctypeflag             10029700     LIBCMT:mbctype.obj
 0003:00000708       ___rgcode_page_info        10029708     LIBCMT:mbctype.obj
 0003:00000ce8       __locktable                10029ce8     LIBCMT:mlock.obj
 0003:00000e8c       __ctype_loc_style          10029e8c     LIBCMT:wsetloca.obj
 0003:00000ea8       _DoubleFormat              10029ea8     LIBCMT:intrncvt.obj
 0003:00000ec0       _FloatFormat               10029ec0     LIBCMT:intrncvt.obj
 0003:000011a0       _over                      1002a1a0     LIBCMT:fpctrl.obj
 0003:000011ac       _under                     1002a1ac     LIBCMT:fpctrl.obj
 0003:000011b8       ?__DAZ_ENABLED@?1??__set_fpsr_sse2@@9@9 1002a1b8     LIBCMT:fpctrl.obj
 0003:000011bc       _static_bl_desc            1002a1bc     trees.obj
 0003:000011d0       _static_d_desc             1002a1d0     trees.obj
 0003:000011e4       _static_l_desc             1002a1e4     trees.obj
 0003:00001200       ___proc_attached           1002a200     LIBCMT:dllcrt0.obj
 0003:00001358       ?outmsg@?9??_NMSG_WRITE@@9@9 1002a358     LIBCMT:crt0msg.obj
 0003:0000199c       _fSystemSet                1002a99c     LIBCMT:mbctype.obj
 0003:000019a8       ?_pgmname@?1??_setargv@@9@9 1002a9a8     LIBCMT:stdargv.obj
 0003:00001ab0       ___enable_percent_n        1002aab0     LIBCMT:printf.obj
 0003:00001ab8       _lclcritsects              1002aab8     LIBCMT:mlock.obj
 0003:00001c14       _ctrlc_action              1002ac14     LIBCMT:winsig.obj
 0003:00001c18       _ctrlbreak_action          1002ac18     LIBCMT:winsig.obj
 0003:00001c1c       _abort_action              1002ac1c     LIBCMT:winsig.obj
 0003:00001c20       _term_action               1002ac20     LIBCMT:winsig.obj
 0003:00001c24       _ConsoleCtrlHandler_Installed 1002ac24     LIBCMT:winsig.obj
 0003:00001c28       _g_pfnRtlGenRandom         1002ac28     LIBCMT:rand_s.obj
 0003:00001c38       ?pfnMessageBox@?1??__crtMessageBoxW@@9@9 1002ac38     LIBCMT:crtmboxw.obj
 0003:00001c3c       ?pfnGetActiveWindow@?1??__crtMessageBoxW@@9@9 1002ac3c     LIBCMT:crtmboxw.obj
 0003:00001c40       ?pfnGetLastActivePopup@?1??__crtMessageBoxW@@9@9 1002ac40     LIBCMT:crtmboxw.obj
 0003:00001c44       ?pfnGetProcessWindowStation@?1??__crtMessageBoxW@@9@9 1002ac44     LIBCMT:crtmboxw.obj
 0003:00001c48       ?pfnGetUserObjectInformation@?1??__crtMessageBoxW@@9@9 1002ac48     LIBCMT:crtmboxw.obj
 0003:00001c58       _GS_ExceptionRecord        1002ac58     LIBCMT:gs_report.obj
 0003:00001ca8       _GS_ContextRecord          1002aca8     LIBCMT:gs_report.obj
 0003:00001f74       _DebuggerWasPresent        1002af74     LIBCMT:gs_report.obj
 0003:00001f84       ___crtCallProc             1002af84     LIBCMT:winapinls.obj
 0003:00001f94       ?calls@?1??crypthead@@9@9  1002af94     zip.obj
 0004:00000060       $R000000                   1002d060     zlib.res
