 zlibwapi

 Timestamp is 58a59678 (Thu Feb 16 13:09:28 2017)

 Preferred load address is 10000000

 Start         Length     Name                   Class
 0001:00000000 0003c26dH .textbss                DATA
 0002:00000000 0007babfH .text                   CODE
 0002:0007bac0 0000116bH .text$x                 CODE
 0003:00000000 00000104H .CRT$XCA                DATA
 0003:00000104 00000104H .CRT$XCZ                DATA
 0003:00000208 00000104H .CRT$XIA                DATA
 0003:0000030c 00000113H .CRT$XIC                DATA
 0003:00000420 00000104H .CRT$XIZ                DATA
 0003:00000524 00000104H .CRT$XPA                DATA
 0003:00000628 00000109H .CRT$XPX                DATA
 0003:00000734 00000104H .CRT$XPXA               DATA
 0003:00000838 00000104H .CRT$XPZ                DATA
 0003:0000093c 00000104H .CRT$XTA                DATA
 0003:00000a40 00000104H .CRT$XTZ                DATA
 0003:00000b50 00016f7fH .rdata                  DATA
 0003:00017ad0 000001dcH .rdata$debug            DATA
 0003:00017cac 00000563H .rdata$r                DATA
 0003:00018210 00000104H .rtc$IAA                DATA
 0003:00018314 00000104H .rtc$IZZ                DATA
 0003:00018418 00000104H .rtc$TAA                DATA
 0003:0001851c 00000104H .rtc$TZZ                DATA
 0003:00018620 00000f6eH .xdata$x                DATA
 0003:00019590 00000f7aH .edata                  DATA
 0004:00000000 000014e1H .data                   DATA
 0004:00001500 000025ecH .bss                    DATA
 0005:00000000 00000014H .idata$2                DATA
 0005:00000014 00000014H .idata$3                DATA
 0005:00000028 000001d0H .idata$4                DATA
 0005:000001f8 000001d0H .idata$5                DATA
 0005:000003c8 0000081dH .idata$6                DATA
 0006:00000000 00000169H .rsrc$01                DATA
 0006:00000170 000004d3H .rsrc$02                DATA

  Address         Publics by Value              Rva+Base       Lib:Object

 0000:00000000       ___safe_se_handler_table   00000000     <absolute>
 0000:00000000       __except_list              00000000     <absolute>
 0000:00000000       ___safe_se_handler_count   00000000     <absolute>
 0000:00000000       ___ImageBase               10000000     <linker-defined>
 0001:00000000       __enc$textbss$begin        10001000     <linker-defined>
 0001:0003c26d       __enc$textbss$end          1003d26d     <linker-defined>
 0002:00002ce0       _longest_match             10040ce0 f   match686.obj
 0002:00002ec8       _match_init                10040ec8 f   match686.obj
 0002:00003050       _inflate_fast              10041050 f   inffas32.obj
 0002:000038d0       _adler32@12                100418d0 f   adler32.obj
 0002:00003fe0       _adler32_combine64@16      10041fe0 f   adler32.obj
 0002:00004020       _adler32_combine@12        10042020 f   adler32.obj
 0002:000041a0       _compress2@20              100421a0 f   compress.obj
 0002:000042a0       _compress@16               100422a0 f   compress.obj
 0002:000042e0       _compressBound@4           100422e0 f   compress.obj
 0002:00004320       _crc32@12                  10042320 f   crc32.obj
 0002:00004d30       _crc32_combine64@16        10042d30 f   crc32.obj
 0002:00004d70       _crc32_combine@12          10042d70 f   crc32.obj
 0002:00005620       _get_crc_table@0           10043620 f   crc32.obj
 0002:00006b80       _deflate@8                 10044b80 f   deflate.obj
 0002:00007ec0       _deflateBound@8            10045ec0 f   deflate.obj
 0002:000080c0       _deflateCopy@8             100460c0 f   deflate.obj
 0002:000083c0       _deflateEnd@4              100463c0 f   deflate.obj
 0002:00008560       _deflateInit2_@32          10046560 f   deflate.obj
 0002:00008990       _deflateInit_@16           10046990 f   deflate.obj
 0002:000089d0       _deflateParams@12          100469d0 f   deflate.obj
 0002:00008b50       _deflatePending@12         10046b50 f   deflate.obj
 0002:00008bc0       _deflatePrime@12           10046bc0 f   deflate.obj
 0002:00008ce0       _deflateReset@4            10046ce0 f   deflate.obj
 0002:00008d30       _deflateResetKeep@4        10046d30 f   deflate.obj
 0002:00008e80       _deflateSetDictionary@12   10046e80 f   deflate.obj
 0002:00009190       _deflateSetHeader@8        10047190 f   deflate.obj
 0002:000091f0       _deflateTune@20            100471f0 f   deflate.obj
 0002:0000a520       _gzclose@4                 10048520 f   gzclose.obj
 0002:0000a590       _gz_error                  10048590 f   gzlib.obj
 0002:0000acd0       _gzbuffer@8                10048cd0 f   gzlib.obj
 0002:0000ad50       _gzclearerr@4              10048d50 f   gzlib.obj
 0002:0000ade0       _gzdopen@8                 10048de0 f   gzlib.obj
 0002:0000ae70       _gzeof@4                   10048e70 f   gzlib.obj
 0002:0000aef0       _gzerror@8                 10048ef0 f   gzlib.obj
 0002:0000af80       _gzoffset64@4              10048f80 f   gzlib.obj
 0002:0000b050       _gzoffset@4                10049050 f   gzlib.obj
 0002:0000b0b0       _gzopen64@8                100490b0 f   gzlib.obj
 0002:0000b0e0       _gzopen@8                  100490e0 f   gzlib.obj
 0002:0000b110       _gzopen_w@8                10049110 f   gzlib.obj
 0002:0000b140       _gzrewind@4                10049140 f   gzlib.obj
 0002:0000b1f0       _gzseek64@16               100491f0 f   gzlib.obj
 0002:0000b590       _gzseek@12                 10049590 f   gzlib.obj
 0002:0000b600       _gztell64@4                10049600 f   gzlib.obj
 0002:0000b6a0       _gztell@4                  100496a0 f   gzlib.obj
 0002:0000bfb0       _gzclose_r@4               10049fb0 f   gzread.obj
 0002:0000c0d0       _gzdirect@4                1004a0d0 f   gzread.obj
 0002:0000c140       _gzgetc@4                  1004a140 f   gzread.obj
 0002:0000c240       _gzgetc_@4                 1004a240 f   gzread.obj
 0002:0000c270       _gzgets@12                 1004a270 f   gzread.obj
 0002:0000c490       _gzread@12                 1004a490 f   gzread.obj
 0002:0000c740       _gzungetc@8                1004a740 f   gzread.obj
 0002:0000ced0       _gzclose_w@4               1004aed0 f   gzwrite.obj
 0002:0000d040       _gzflush@8                 1004b040 f   gzwrite.obj
 0002:0000d110       _gzprintf                  1004b110 f   gzwrite.obj
 0002:0000d2c0       _gzputc@8                  1004b2c0 f   gzwrite.obj
 0002:0000d420       _gzputs@8                  1004b420 f   gzwrite.obj
 0002:0000d490       _gzsetparams@12            1004b490 f   gzwrite.obj
 0002:0000d5c0       _gzwrite@12                1004b5c0 f   gzwrite.obj
 0002:0000d880       _inflateBack@20            1004b880 f   infback.obj
 0002:0000f120       _inflateBackEnd@4          1004d120 f   infback.obj
 0002:0000f190       _inflateBackInit_@20       1004d190 f   infback.obj
 0002:0000f340       _inflate@8                 1004d340 f   inflate.obj
 0002:00011ce0       _inflateCopy@8             1004fce0 f   inflate.obj
 0002:00011f20       _inflateEnd@4              1004ff20 f   inflate.obj
 0002:00011fd0       _inflateGetHeader@8        1004ffd0 f   inflate.obj
 0002:00012040       _inflateInit2_@16          10050040 f   inflate.obj
 0002:00012190       _inflateInit_@12           10050190 f   inflate.obj
 0002:000121c0       _inflateMark@4             100501c0 f   inflate.obj
 0002:00012260       _inflatePrime@12           10050260 f   inflate.obj
 0002:00012330       _inflateReset2@8           10050330 f   inflate.obj
 0002:00012440       _inflateReset@4            10050440 f   inflate.obj
 0002:000124b0       _inflateResetKeep@4        100504b0 f   inflate.obj
 0002:000125f0       _inflateSetDictionary@12   100505f0 f   inflate.obj
 0002:00012730       _inflateSync@4             10050730 f   inflate.obj
 0002:00012920       _inflateSyncPoint@4        10050920 f   inflate.obj
 0002:00012990       _inflateUndermine@8        10050990 f   inflate.obj
 0002:00012ce0       _inflate_table             10050ce0 f   inftrees.obj
 0002:00013420       _call_zopen64              10051420 f   ioapi.obj
 0002:00013490       _call_zseek64              10051490 f   ioapi.obj
 0002:00013540       _call_ztell64              10051540 f   ioapi.obj
 0002:00013620       _fill_fopen64_filefunc     10051620 f   ioapi.obj
 0002:000136a0       _fill_fopen_filefunc       100516a0 f   ioapi.obj
 0002:00013720       _fill_zlib_filefunc64_32_def_from_filefunc32 10051720 f   ioapi.obj
 0002:00013b50       _fill_win32_filefunc       10051b50 f   iowin32.obj
 0002:00013bd0       _fill_win32_filefunc64     10051bd0 f   iowin32.obj
 0002:00013c50       _fill_win32_filefunc64A    10051c50 f   iowin32.obj
 0002:00013cd0       _fill_win32_filefunc64W    10051cd0 f   iowin32.obj
 0002:00013dd0       _win32_close_file_func     10051dd0 f   iowin32.obj
 0002:00013e30       _win32_error_file_func     10051e30 f   iowin32.obj
 0002:00013e70       _win32_open64_file_func    10051e70 f   iowin32.obj
 0002:00013f00       _win32_open64_file_funcA   10051f00 f   iowin32.obj
 0002:00013f90       _win32_open64_file_funcW   10051f90 f   iowin32.obj
 0002:00014020       _win32_open_file_func      10052020 f   iowin32.obj
 0002:000140b0       _win32_read_file_func      100520b0 f   iowin32.obj
 0002:00014140       _win32_seek64_file_func    10052140 f   iowin32.obj
 0002:00014240       _win32_seek_file_func      10052240 f   iowin32.obj
 0002:00014330       _win32_tell64_file_func    10052330 f   iowin32.obj
 0002:00014400       _win32_tell_file_func      10052400 f   iowin32.obj
 0002:00014550       _win32_write_file_func     10052550 f   iowin32.obj
 0002:000145e0       __tr_align                 100525e0 f   trees.obj
 0002:000148f0       __tr_flush_bits            100528f0 f   trees.obj
 0002:00014920       __tr_flush_block           10052920 f   trees.obj
 0002:00014de0       __tr_init                  10052de0 f   trees.obj
 0002:00014ea0       __tr_stored_block          10052ea0 f   trees.obj
 0002:00015030       __tr_tally                 10053030 f   trees.obj
 0002:000184d0       _uncompress@16             100564d0 f   uncompr.obj
 0002:0001a060       _unzClose@4                10058060 f   unzip.obj
 0002:0001a0e0       _unzCloseCurrentFile@4     100580e0 f   unzip.obj
 0002:0001a200       _unzGetCurrentFileInfo64@32 10058200 f   unzip.obj
 0002:0001a250       _unzGetCurrentFileInfo@32  10058250 f   unzip.obj
 0002:0001a390       _unzGetCurrentFileZStreamPos64@4 10058390 f   unzip.obj
 0002:0001a400       _unzGetFilePos64@8         10058400 f   unzip.obj
 0002:0001a490       _unzGetFilePos@8           10058490 f   unzip.obj
 0002:0001a4e0       _unzGetGlobalComment@12    100584e0 f   unzip.obj
 0002:0001a5e0       _unzGetGlobalInfo64@8      100585e0 f   unzip.obj
 0002:0001a640       _unzGetGlobalInfo@8        10058640 f   unzip.obj
 0002:0001a690       _unzGetLocalExtrafield@12  10058690 f   unzip.obj
 0002:0001a7f0       _unzGetOffset64@4          100587f0 f   unzip.obj
 0002:0001a8c0       _unzGetOffset@4            100588c0 f   unzip.obj
 0002:0001a900       _unzGoToFilePos64@8        10058900 f   unzip.obj
 0002:0001a9d0       _unzGoToFilePos@8          100589d0 f   unzip.obj
 0002:0001aa30       _unzGoToFirstFile@4        10058a30 f   unzip.obj
 0002:0001ab00       _unzGoToNextFile@4         10058b00 f   unzip.obj
 0002:0001ac90       _unzLocateFile@12          10058c90 f   unzip.obj
 0002:0001ae50       _unzOpen2@8                10058e50 f   unzip.obj
 0002:0001aec0       _unzOpen2_64@8             10058ec0 f   unzip.obj
 0002:0001af30       _unzOpen64@4               10058f30 f   unzip.obj
 0002:0001af60       _unzOpen@4                 10058f60 f   unzip.obj
 0002:0001af90       _unzOpenCurrentFile2@16    10058f90 f   unzip.obj
 0002:0001afd0       _unzOpenCurrentFile3@20    10058fd0 f   unzip.obj
 0002:0001b420       _unzOpenCurrentFile@4      10059420 f   unzip.obj
 0002:0001b450       _unzOpenCurrentFilePassword@8 10059450 f   unzip.obj
 0002:0001bc60       _unzReadCurrentFile@12     10059c60 f   unzip.obj
 0002:0001c2b0       _unzSetOffset64@12         1005a2b0 f   unzip.obj
 0002:0001c370       _unzSetOffset@8            1005a370 f   unzip.obj
 0002:0001c3a0       _unzStringFileNameCompare@12 1005a3a0 f   unzip.obj
 0002:0001c400       _unzeof@4                  1005a400 f   unzip.obj
 0002:0001c480       _unztell64@4               1005a480 f   unzip.obj
 0002:0001c4e0       _unztell@4                 1005a4e0 f   unzip.obj
 0002:0001c540       _LoadCentralDirectoryRecord 1005a540 f   zip.obj
 0002:0001cd30       _Write_EndOfCentralDirectoryRecord 1005ad30 f   zip.obj
 0002:0001cfb0       _Write_GlobalComment       1005afb0 f   zip.obj
 0002:0001d070       _Write_LocalFileHeader     1005b070 f   zip.obj
 0002:0001d4d0       _Write_Zip64EndOfCentralDirectoryLocator 1005b4d0 f   zip.obj
 0002:0001d5c0       _Write_Zip64EndOfCentralDirectoryRecord 1005b5c0 f   zip.obj
 0002:0001ee00       _zipClose@8                1005ce00 f   zip.obj
 0002:0001f0b0       _zipCloseFileInZip@4       1005d0b0 f   zip.obj
 0002:0001f0e0       _zipCloseFileInZipRaw64@16 1005d0e0 f   zip.obj
 0002:0001f9b0       _zipCloseFileInZipRaw@12   1005d9b0 f   zip.obj
 0002:0001f9e0       _zipOpen2@16               1005d9e0 f   zip.obj
 0002:0001fa50       _zipOpen2_64@16            1005da50 f   zip.obj
 0002:0001fad0       _zipOpen3@16               1005dad0 f   zip.obj
 0002:0001fd30       _zipOpen64@8               1005dd30 f   zip.obj
 0002:0001fd60       _zipOpen@8                 1005dd60 f   zip.obj
 0002:0001fd90       _zipOpenNewFileInZip2@44   1005dd90 f   zip.obj
 0002:0001fe00       _zipOpenNewFileInZip2_64@48 1005de00 f   zip.obj
 0002:0001fe70       _zipOpenNewFileInZip3@64   1005de70 f   zip.obj
 0002:0001fef0       _zipOpenNewFileInZip3_64@68 1005def0 f   zip.obj
 0002:0001ff70       _zipOpenNewFileInZip4@72   1005df70 f   zip.obj
 0002:0001fff0       _zipOpenNewFileInZip4_64@76 1005dff0 f   zip.obj
 0002:00020920       _zipOpenNewFileInZip64@44  1005e920 f   zip.obj
 0002:00020990       _zipOpenNewFileInZip@40    1005e990 f   zip.obj
 0002:00020a00       _zipRemoveExtraInfoBlock@12 1005ea00 f   zip.obj
 0002:00020b80       _zipWriteInFileInZip@12    1005eb80 f   zip.obj
 0002:00020e00       _zError@4                  1005ee00 f   zutil.obj
 0002:00020e30       _zcalloc                   1005ee30 f   zutil.obj
 0002:00020e70       _zcfree                    1005ee70 f   zutil.obj
 0002:00020ea0       _zlibCompileFlags@0        1005eea0 f   zutil.obj
 0002:00021010       _zlibVersion@0             1005f010 f   zutil.obj
 0002:0002102a       _CreateFileA@28            1005f02a f   kernel32:KERNEL32.dll
 0002:00021030       _CreateFileW@28            1005f030 f   kernel32:KERNEL32.dll
 0002:00021036       _ReadFile@20               1005f036 f   kernel32:KERNEL32.dll
 0002:0002103c       _SetFilePointer@16         1005f03c f   kernel32:KERNEL32.dll
 0002:00021042       _WriteFile@20              1005f042 f   kernel32:KERNEL32.dll
 0002:00021048       _CloseHandle@4             1005f048 f   kernel32:KERNEL32.dll
 0002:0002104e       _GetLastError@0            1005f04e f   kernel32:KERNEL32.dll
 0002:00021060       __allrem                   1005f060 f   LIBCMTD:llrem.obj
 0002:00021140       __allshr                   1005f140 f   LIBCMTD:llshr.obj
 0002:00021170       _memcpy                    1005f170 f   LIBCMTD:memcpy.obj
 0002:00021950       _memset                    1005f950 f   LIBCMTD:memset.obj
 0002:00021a10       __scprintf                 1005fa10 f   LIBCMTD:sprintf.obj
 0002:00021a40       __scprintf_l               1005fa40 f   LIBCMTD:sprintf.obj
 0002:00021a70       __scprintf_p               1005fa70 f   LIBCMTD:sprintf.obj
 0002:00021aa0       __scprintf_p_l             1005faa0 f   LIBCMTD:sprintf.obj
 0002:00021ad0       __snprintf_s               1005fad0 f   LIBCMTD:sprintf.obj
 0002:00021b10       __snprintf_s_l             1005fb10 f   LIBCMTD:sprintf.obj
 0002:00021b50       __sprintf_l                1005fb50 f   LIBCMTD:sprintf.obj
 0002:00021b80       __sprintf_p                1005fb80 f   LIBCMTD:sprintf.obj
 0002:00021bc0       __sprintf_p_l              1005fbc0 f   LIBCMTD:sprintf.obj
 0002:00021c00       __sprintf_s_l              1005fc00 f   LIBCMTD:sprintf.obj
 0002:00021c40       _sprintf                   1005fc40 f   LIBCMTD:sprintf.obj
 0002:00021e70       _sprintf_s                 1005fe70 f   LIBCMTD:sprintf.obj
 0002:00021eb0       _strcpy                    1005feb0 f   LIBCMTD:strcat.obj
 0002:00021ec0       _strcat                    1005fec0 f   LIBCMTD:strcat.obj
 0002:00021ff0       _strlen                    1005fff0 f   LIBCMTD:strlen.obj
 0002:000220a0       ??0_LocaleUpdate@@QAE@PAUlocaleinfo_struct@@@Z 100600a0 f i LIBCMTD:wcstombs.obj
 0002:000221b0       ??1_LocaleUpdate@@QAE@XZ   100601b0 f i LIBCMTD:wcstombs.obj
 0002:000221f0       ?GetLocaleT@_LocaleUpdate@@QAEPAUlocaleinfo_struct@@XZ 100601f0 f i LIBCMTD:wcstombs.obj
 0002:00022280       __wcstombs_l               10060280 f   LIBCMTD:wcstombs.obj
 0002:000222b0       __wcstombs_l_helper        100602b0 f   LIBCMTD:wcstombs.obj
 0002:00022900       __wcstombs_s_l             10060900 f   LIBCMTD:wcstombs.obj
 0002:00022d40       _wcstombs                  10060d40 f   LIBCMTD:wcstombs.obj
 0002:00022d70       _wcstombs_s                10060d70 f   LIBCMTD:wcstombs.obj
 0002:00022da0       _free                      10060da0 f   LIBCMTD:dbgfree.obj
 0002:00022dc0       _malloc                    10060dc0 f   LIBCMTD:dbgmalloc.obj
 0002:00022df0       __lseeki64                 10060df0 f   LIBCMTD:lseeki64.obj
 0002:00023100       __lseeki64_nolock          10061100 f   LIBCMTD:lseeki64.obj
 0002:000232d0       __invoke_watson_if_error   100612d0 f i LIBCMTD:wopen.obj
 0002:00023300       __wopen                    10061300 f   LIBCMTD:wopen.obj
 0002:00023500       __wsopen                   10061500 f   LIBCMTD:wopen.obj
 0002:00023590       __wsopen_helper            10061590 f   LIBCMTD:wopen.obj
 0002:000238c0       __wsopen_nolock            100618c0 f   LIBCMTD:wopen.obj
 0002:00024d50       __wsopen_s                 10062d50 f   LIBCMTD:wopen.obj
 0002:00024d80       _memchr                    10062d80 f   LIBCMTD:memchr.obj
 0002:00024e60       __get_sys_err_msg          10062e60 f i LIBCMTD:strerror.obj
 0002:00024eb0       _strerror                  10062eb0 f   LIBCMTD:strerror.obj
 0002:00024f80       _strerror_s                10062f80 f   LIBCMTD:strerror.obj
 0002:00025120       ___doserrno                10063120 f   LIBCMTD:dosmap.obj
 0002:00025150       __dosmaperr                10063150 f   LIBCMTD:dosmap.obj
 0002:00025180       __errno                    10063180 f   LIBCMTD:dosmap.obj
 0002:000251b0       __get_doserrno             100631b0 f   LIBCMTD:dosmap.obj
 0002:00025260       __get_errno                10063260 f   LIBCMTD:dosmap.obj
 0002:00025310       __get_errno_from_oserr     10063310 f   LIBCMTD:dosmap.obj
 0002:000253a0       __set_doserrno             100633a0 f   LIBCMTD:dosmap.obj
 0002:000253e0       __set_errno                100633e0 f   LIBCMTD:dosmap.obj
 0002:00025420       __fclose_nolock            10063420 f   LIBCMTD:fclose.obj
 0002:00025570       _fclose                    10063570 f   LIBCMTD:fclose.obj
 0002:000256d0       _feof                      100636d0 f   LIBCMTD:feoferr.obj
 0002:00025780       _ferror                    10063780 f   LIBCMTD:feoferr.obj
 0002:00025830       __fsopen                   10063830 f   LIBCMTD:fopen.obj
 0002:00025b10       _fopen                     10063b10 f   LIBCMTD:fopen.obj
 0002:00025b30       _fopen_s                   10063b30 f   LIBCMTD:fopen.obj
 0002:00025c20       __fread_nolock             10063c20 f   LIBCMTD:fread.obj
 0002:00025c50       __fread_nolock_s           10063c50 f   LIBCMTD:fread.obj
 0002:00026410       _fread                     10064410 f   LIBCMTD:fread.obj
 0002:00026440       _fread_s                   10064440 f   LIBCMTD:fread.obj
 0002:000265e0       __fseek_nolock             100645e0 f   LIBCMTD:fseek.obj
 0002:00026710       _fseek                     10064710 f   LIBCMTD:fseek.obj
 0002:00026900       __ftell_nolock             10064900 f   LIBCMTD:ftell.obj
 0002:00027170       _ftell                     10065170 f   LIBCMTD:ftell.obj
 0002:000272b0       __fseeki64                 100652b0 f   LIBCMTD:fseeki64.obj
 0002:000274a0       __fseeki64_nolock          100654a0 f   LIBCMTD:fseeki64.obj
 0002:00027630       __ftelli64                 10065630 f   LIBCMTD:ftelli64.obj
 0002:00027780       __ftelli64_nolock          10065780 f   LIBCMTD:ftelli64.obj
 0002:00028070       __fwrite_nolock            10066070 f   LIBCMTD:fwrite.obj
 0002:00028580       _fwrite                    10066580 f   LIBCMTD:fwrite.obj
 0002:000286e0       _strcmp                    100666e0 f   LIBCMTD:strcmp.obj
 0002:00028790       __allmul                   10066790 f   LIBCMTD:llmul.obj
 0002:000287e0       __allshl                   100667e0 f   LIBCMTD:llshl.obj
 0002:00028810       __aulldiv                  10066810 f   LIBCMTD:ulldiv.obj
 0002:000288a0       __aullshr                  100668a0 f   LIBCMTD:ullshr.obj
 0002:000288d0       _rand                      100668d0 f   LIBCMTD:rand.obj
 0002:00028920       _srand                     10066920 f   LIBCMTD:rand.obj
 0002:00028940       __time64                   10066940 f   LIBCMTD:time64.obj
 0002:000289d0       __chkstk                   100669d0 f   LIBCMTD:chkstk.obj
 0002:000289d0       __alloca_probe             100669d0     LIBCMTD:chkstk.obj
 0002:00028a10       __CRT_INIT@12              10066a10 f   LIBCMTD:dllcrt0.obj
 0002:00028cc0       __DllMainCRTStartup@12     10066cc0 f   LIBCMTD:dllcrt0.obj
 0002:00028f20       ___DllXcptFilter           10066f20 f   LIBCMTD:dllcrt0.obj
 0002:00028f60       ___isa_available_init      10066f60 f   LIBCMTD:cpu_disp.obj
 0002:000291e0       __VEC_memset               100671e0 f   LIBCMTD:p4_memset.obj
 0002:000292e0       ?_invalid_parameter@@YAXPBG00II@Z 100672e0 f   LIBCMTD:invarg.obj
 0002:00029310       ?_invoke_watson@@YAXPBG00II@Z 10067310 f   LIBCMTD:invarg.obj
 0002:00029340       __call_reportfault         10067340 f   LIBCMTD:invarg.obj
 0002:000294f0       __get_invalid_parameter_handler 100674f0 f   LIBCMTD:invarg.obj
 0002:00029520       __initp_misc_invarg        10067520 f   LIBCMTD:invarg.obj
 0002:00029530       __invalid_parameter        10067530 f   LIBCMTD:invarg.obj
 0002:000295a0       __invoke_watson            100675a0 f   LIBCMTD:invarg.obj
 0002:000295f0       __set_invalid_parameter_handler 100675f0 f   LIBCMTD:invarg.obj
 0002:00029640       __flsbuf                   10067640 f   LIBCMTD:_flsbuf.obj
 0002:000299d0       __vscprintf                100679d0 f   LIBCMTD:vsprintf.obj
 0002:00029a00       __vscprintf_helper         10067a00 f   LIBCMTD:vsprintf.obj
 0002:00029b30       __vscprintf_l              10067b30 f   LIBCMTD:vsprintf.obj
 0002:00029b60       __vscprintf_p              10067b60 f   LIBCMTD:vsprintf.obj
 0002:00029b90       __vscprintf_p_l            10067b90 f   LIBCMTD:vsprintf.obj
 0002:00029bc0       __vsprintf_l               10067bc0 f   LIBCMTD:vsprintf.obj
 0002:00029df0       _vsprintf                  10067df0 f   LIBCMTD:vsprintf.obj
 0002:00029e20       __vsnprintf_c              10067e20 f   LIBCMTD:vsnprnc.obj
 0002:00029e80       __vsnprintf_c_l            10067e80 f   LIBCMTD:vsnprnc.obj
 0002:00029ee0       __vsnprintf_helper         10067ee0 f   LIBCMTD:vsnprnc.obj
 0002:0002a160       __vsnprintf_s              10068160 f   LIBCMTD:vsnprnc.obj
 0002:0002a190       __vsnprintf_s_l            10068190 f   LIBCMTD:vsnprnc.obj
 0002:0002a640       __vsprintf_p               10068640 f   LIBCMTD:vsnprnc.obj
 0002:0002a6a0       __vsprintf_p_l             100686a0 f   LIBCMTD:vsnprnc.obj
 0002:0002a700       __vsprintf_s_l             10068700 f   LIBCMTD:vsnprnc.obj
 0002:0002aa30       _vsprintf_s                10068a30 f   LIBCMTD:vsnprnc.obj
 0002:0002aa60       ?_CrtDbgReportW@@YAHHPBGH00ZZ 10068a60 f   LIBCMTD:dbgrptw.obj
 0002:0002aac0       __CrtDbgReportW            10068ac0 f   LIBCMTD:dbgrptw.obj
 0002:0002ab20       __CrtDbgReportWV           10068b20 f i LIBCMTD:dbgrptw.obj
 0002:0002ab60       __CrtSetReportHookW2       10068b60 f   LIBCMTD:dbgrptw.obj
 0002:0002af80       ___crtMessageWindowW       10068f80 f   LIBCMTD:dbgrptw.obj
 0002:0002b550       __invoke_watson_if_oneof   10069550 f i LIBCMTD:dbgrptw.obj
 0002:0002b5a0       __output_l                 100695a0 f   LIBCMTD:output.obj
 0002:0002d1e0       _get_int64_arg             1006b1e0 f i LIBCMTD:output.obj
 0002:0002d210       _get_int_arg               1006b210 f i LIBCMTD:output.obj
 0002:0002d230       _get_short_arg             1006b230 f i LIBCMTD:output.obj
 0002:0002d460       ___addlocaleref            1006b460 f   LIBCMTD:localref.obj
 0002:0002d5c0       ___freetlocinfo            1006b5c0 f   LIBCMTD:localref.obj
 0002:0002d970       ___removelocaleref         1006b970 f   LIBCMTD:localref.obj
 0002:0002dae0       ___updatetlocinfo          1006bae0 f   LIBCMTD:localref.obj
 0002:0002dbe0       __updatetlocinfoEx_nolock  1006bbe0 f   LIBCMTD:localref.obj
 0002:0002dc80       ___initmbctable            1006bc80 f   LIBCMTD:mbctype.obj
 0002:0002e410       ___updatetmbcinfo          1006c410 f   LIBCMTD:mbctype.obj
 0002:0002e560       __getmbcp                  1006c560 f   LIBCMTD:mbctype.obj
 0002:0002e5f0       __setmbcp                  1006c5f0 f   LIBCMTD:mbctype.obj
 0002:0002e930       __setmbcp_nolock           1006c930 f   LIBCMTD:mbctype.obj
 0002:0002ed90       ___get_flsindex            1006cd90 f   LIBCMTD:tidtable.obj
 0002:0002eda0       ___threadhandle            1006cda0 f   LIBCMTD:tidtable.obj
 0002:0002edb0       ___threadid                1006cdb0 f   LIBCMTD:tidtable.obj
 0002:0002edc0       __freefls@4                1006cdc0 f   LIBCMTD:tidtable.obj
 0002:0002f040       __freeptd                  1006d040 f   LIBCMTD:tidtable.obj
 0002:0002f090       __getptd                   1006d090 f   LIBCMTD:tidtable.obj
 0002:0002f0c0       __getptd_noexit            1006d0c0 f   LIBCMTD:tidtable.obj
 0002:0002f1a0       __initptd                  1006d1a0 f   LIBCMTD:tidtable.obj
 0002:0002f330       __mtinit                   1006d330 f   LIBCMTD:tidtable.obj
 0002:0002f410       __mtterm                   1006d410 f   LIBCMTD:tidtable.obj
 0002:0002f450       @__security_check_cookie@4 1006d450 f   LIBCMTD:secchk.obj
 0002:0002fa20       __CrtCheckMemory           1006da20 f   LIBCMTD:dbgheap.obj
 0002:0002ff90       __CrtDoForAllClientObjects 1006df90 f   LIBCMTD:dbgheap.obj
 0002:00030110       __CrtDumpMemoryLeaks       1006e110 f   LIBCMTD:dbgheap.obj
 0002:000301d0       __CrtGetAllocHook          1006e1d0 f   LIBCMTD:dbgheap.obj
 0002:000301e0       __CrtGetCheckCount         1006e1e0 f   LIBCMTD:dbgheap.obj
 0002:000301f0       __CrtGetDumpClient         1006e1f0 f   LIBCMTD:dbgheap.obj
 0002:00030200       __CrtIsMemoryBlock         1006e200 f   LIBCMTD:dbgheap.obj
 0002:000303d0       __CrtIsValidHeapPointer    1006e3d0 f   LIBCMTD:dbgheap.obj
 0002:00030420       __CrtIsValidPointer        1006e420 f   LIBCMTD:dbgheap.obj
 0002:00030450       __CrtMemCheckpoint         1006e450 f   LIBCMTD:dbgheap.obj
 0002:00030710       __CrtMemDifference         1006e710 f   LIBCMTD:dbgheap.obj
 0002:00030a00       __CrtMemDumpAllObjectsSince 1006ea00 f   LIBCMTD:dbgheap.obj
 0002:00030a50       __CrtMemDumpStatistics     1006ea50 f   LIBCMTD:dbgheap.obj
 0002:00030bc0       __CrtReportBlockType       1006ebc0 f   LIBCMTD:dbgheap.obj
 0002:00030c00       __CrtSetAllocHook          1006ec00 f   LIBCMTD:dbgheap.obj
 0002:00030c30       __CrtSetBreakAlloc         1006ec30 f   LIBCMTD:dbgheap.obj
 0002:00030c60       __CrtSetCheckCount         1006ec60 f   LIBCMTD:dbgheap.obj
 0002:00030c80       __CrtSetDbgBlockType       1006ec80 f   LIBCMTD:dbgheap.obj
 0002:00030da0       __CrtSetDbgFlag            1006eda0 f   LIBCMTD:dbgheap.obj
 0002:00030f40       __CrtSetDebugFillThreshold 1006ef40 f   LIBCMTD:dbgheap.obj
 0002:00030f70       __CrtSetDumpClient         1006ef70 f   LIBCMTD:dbgheap.obj
 0002:00030fa0       __aligned_free             1006efa0 f   LIBCMTD:dbgheap.obj
 0002:00030fc0       __aligned_free_dbg         1006efc0 f   LIBCMTD:dbgheap.obj
 0002:000310a0       __aligned_malloc           1006f0a0 f   LIBCMTD:dbgheap.obj
 0002:000310d0       __aligned_malloc_dbg       1006f0d0 f   LIBCMTD:dbgheap.obj
 0002:00031100       __aligned_msize            1006f100 f   LIBCMTD:dbgheap.obj
 0002:00031120       __aligned_msize_dbg        1006f120 f   LIBCMTD:dbgheap.obj
 0002:00031290       __aligned_offset_malloc    1006f290 f   LIBCMTD:dbgheap.obj
 0002:000312c0       __aligned_offset_malloc_dbg 1006f2c0 f   LIBCMTD:dbgheap.obj
 0002:00031510       __aligned_offset_realloc   1006f510 f   LIBCMTD:dbgheap.obj
 0002:00031540       __aligned_offset_realloc_dbg 1006f540 f   LIBCMTD:dbgheap.obj
 0002:00031910       __aligned_offset_recalloc  1006f910 f   LIBCMTD:dbgheap.obj
 0002:00031940       __aligned_offset_recalloc_dbg 1006f940 f   LIBCMTD:dbgheap.obj
 0002:00031a30       __aligned_realloc          1006fa30 f   LIBCMTD:dbgheap.obj
 0002:00031a60       __aligned_realloc_dbg      1006fa60 f   LIBCMTD:dbgheap.obj
 0002:00031a90       __aligned_recalloc         1006fa90 f   LIBCMTD:dbgheap.obj
 0002:00031ac0       __aligned_recalloc_dbg     1006fac0 f   LIBCMTD:dbgheap.obj
 0002:00031af0       __calloc_dbg               1006faf0 f   LIBCMTD:dbgheap.obj
 0002:00031b60       __calloc_dbg_impl          1006fb60 f   LIBCMTD:dbgheap.obj
 0002:00031c00       __expand                   1006fc00 f   LIBCMTD:dbgheap.obj
 0002:00031c30       __expand_dbg               1006fc30 f   LIBCMTD:dbgheap.obj
 0002:00031da0       __free_dbg                 1006fda0 f   LIBCMTD:dbgheap.obj
 0002:00031e40       __free_dbg_nolock          1006fe40 f   LIBCMTD:dbgheap.obj
 0002:00032480       __free_nolock              10070480 f   LIBCMTD:dbgheap.obj
 0002:000324a0       __heap_alloc               100704a0 f   LIBCMTD:dbgheap.obj
 0002:000324c0       __heap_alloc_dbg           100704c0 f   LIBCMTD:dbgheap.obj
 0002:000329e0       __malloc_dbg               100709e0 f   LIBCMTD:dbgheap.obj
 0002:00032a20       __msize                    10070a20 f   LIBCMTD:dbgheap.obj
 0002:00032a40       __msize_dbg                10070a40 f   LIBCMTD:dbgheap.obj
 0002:00032cd0       __nh_malloc                10070cd0 f   LIBCMTD:dbgheap.obj
 0002:00032d00       __nh_malloc_dbg            10070d00 f   LIBCMTD:dbgheap.obj
 0002:00033020       __realloc_dbg              10071020 f   LIBCMTD:dbgheap.obj
 0002:000330e0       __recalloc                 100710e0 f   LIBCMTD:dbgheap.obj
 0002:00033120       __recalloc_dbg             10071120 f   LIBCMTD:dbgheap.obj
 0002:00033990       ___lock_fhandle            10071990 f   LIBCMTD:osfinfo.obj
 0002:00033ac0       __alloc_osfhnd             10071ac0 f   LIBCMTD:osfinfo.obj
 0002:00033e10       __free_osfhnd              10071e10 f   LIBCMTD:osfinfo.obj
 0002:00033f30       __get_osfhandle            10071f30 f   LIBCMTD:osfinfo.obj
 0002:00034110       __open_osfhandle           10072110 f   LIBCMTD:osfinfo.obj
 0002:000343c0       __set_osfhnd               100723c0 f   LIBCMTD:osfinfo.obj
 0002:000344c0       __unlock_fhandle           100724c0 f   LIBCMTD:osfinfo.obj
 0002:00034570       __except_handler4          10072570 f   LIBCMTD:chandler4.obj
 0002:000347a0       __ioinit                   100727a0 f   LIBCMTD:ioinit.obj
 0002:00034db0       __ioterm                   10072db0 f   LIBCMTD:ioinit.obj
 0002:00034e80       _write                     10072e80 f   LIBCMTD:write.obj
 0002:00034e80       __write                    10072e80 f   LIBCMTD:write.obj
 0002:00035160       __write_nolock             10073160 f   LIBCMTD:write.obj
 0002:00036250       __chsize                   10074250 f   LIBCMTD:chsize.obj
 0002:000362a0       __chsize_nolock            100742a0 f   LIBCMTD:chsize.obj
 0002:000365f0       __chsize_s                 100745f0 f   LIBCMTD:chsize.obj
 0002:00036960       _close                     10074960 f   LIBCMTD:close.obj
 0002:00036960       __close                    10074960 f   LIBCMTD:close.obj
 0002:00036c20       __close_nolock             10074c20 f   LIBCMTD:close.obj
 0002:00036d40       __read                     10074d40 f   LIBCMTD:read.obj
 0002:00036d40       _read                      10074d40 f   LIBCMTD:read.obj
 0002:000370c0       __read_nolock              100750c0 f   LIBCMTD:read.obj
 0002:00038790       __get_fmode                10076790 f   LIBCMTD:setmode.obj
 0002:00038850       __set_fmode                10076850 f   LIBCMTD:setmode.obj
 0002:00038930       __setmode                  10076930 f   LIBCMTD:setmode.obj
 0002:00038c90       __setmode_nolock           10076c90 f   LIBCMTD:setmode.obj
 0002:00038ff0       ___crtCloseThreadpoolTimer 10076ff0 f   LIBCMTD:winapisupp.obj
 0002:00039030       ___crtCloseThreadpoolWait  10077030 f   LIBCMTD:winapisupp.obj
 0002:00039070       ___crtCreateSemaphoreExW@24 10077070 f   LIBCMTD:winapisupp.obj
 0002:000390e0       ___crtCreateSymbolicLinkW  100770e0 f   LIBCMTD:winapisupp.obj
 0002:00039130       ___crtCreateThreadpoolTimer 10077130 f   LIBCMTD:winapisupp.obj
 0002:00039180       ___crtCreateThreadpoolWait 10077180 f   LIBCMTD:winapisupp.obj
 0002:000391d0       ___crtFlsAlloc             100771d0 f   LIBCMTD:winapisupp.obj
 0002:00039210       ___crtFlsFree              10077210 f   LIBCMTD:winapisupp.obj
 0002:00039260       ___crtFlsGetValue          10077260 f   LIBCMTD:winapisupp.obj
 0002:000392a0       ___crtFlsSetValue          100772a0 f   LIBCMTD:winapisupp.obj
 0002:000392f0       ___crtFlushProcessWriteBuffers 100772f0 f   LIBCMTD:winapisupp.obj
 0002:00039320       ___crtFreeLibraryWhenCallbackReturns 10077320 f   LIBCMTD:winapisupp.obj
 0002:00039360       ___crtGetCurrentProcessorNumber 10077360 f   LIBCMTD:winapisupp.obj
 0002:000393a0       ___crtGetLogicalProcessorInformation 100773a0 f   LIBCMTD:winapisupp.obj
 0002:000393f0       ___crtGetShowWindowMode    100773f0 f   LIBCMTD:winapisupp.obj
 0002:00039430       ___crtInitializeCriticalSectionEx 10077430 f   LIBCMTD:winapisupp.obj
 0002:00039490       ___crtIsPackagedApp        10077490 f   LIBCMTD:winapisupp.obj
 0002:000394e0       ___crtLoadWinApiPointers   100774e0 f   LIBCMTD:winapisupp.obj
 0002:000399f0       ___crtSetThreadStackGuarantee 100779f0 f   LIBCMTD:winapisupp.obj
 0002:00039a30       ___crtSetThreadpoolTimer   10077a30 f   LIBCMTD:winapisupp.obj
 0002:00039a80       ___crtSetThreadpoolWait    10077a80 f   LIBCMTD:winapisupp.obj
 0002:00039ac0       ___crtSetUnhandledExceptionFilter 10077ac0 f   LIBCMTD:winapisupp.obj
 0002:00039ae0       ___crtTerminateProcess     10077ae0 f   LIBCMTD:winapisupp.obj
 0002:00039b00       ___crtUnhandledException   10077b00 f   LIBCMTD:winapisupp.obj
 0002:00039b20       ___crtWaitForThreadpoolTimerCallbacks 10077b20 f   LIBCMTD:winapisupp.obj
 0002:00039b60       ___copy_path_to_wide_string 10077b60 f   LIBCMTD:crt0dat.obj
 0002:00039dc0       ___crtCorExitProcess       10077dc0 f   LIBCMTD:crt0dat.obj
 0002:00039e10       ___crtExitProcess          10077e10 f   LIBCMTD:crt0dat.obj
 0002:00039e40       ___freeCrtMemory           10077e40 f   LIBCMTD:crt0dat.obj
 0002:0003a080       __amsg_exit                10078080 f   LIBCMTD:crt0dat.obj
 0002:0003a0b0       __c_exit                   100780b0 f   LIBCMTD:crt0dat.obj
 0002:0003a0d0       __cexit                    100780d0 f   LIBCMTD:crt0dat.obj
 0002:0003a0f0       __cinit                    100780f0 f   LIBCMTD:crt0dat.obj
 0002:0003a1c0       __exit                     100781c0 f   LIBCMTD:crt0dat.obj
 0002:0003a1e0       __get_pgmptr               100781e0 f   LIBCMTD:crt0dat.obj
 0002:0003a340       __get_wpgmptr              10078340 f   LIBCMTD:crt0dat.obj
 0002:0003a4a0       __init_pointers            100784a0 f   LIBCMTD:crt0dat.obj
 0002:0003a550       __initterm_e               10078550 f   LIBCMTD:crt0dat.obj
 0002:0003a5a0       __lockexit                 100785a0 f   LIBCMTD:crt0dat.obj
 0002:0003a5c0       __unlockexit               100785c0 f   LIBCMTD:crt0dat.obj
 0002:0003a850       _exit                      10078850 f   LIBCMTD:crt0dat.obj
 0002:0003a870       ___sys_errlist             10078870 f   LIBCMTD:syserr.obj
 0002:0003a880       ___sys_nerr                10078880 f   LIBCMTD:syserr.obj
 0002:0003a890       _strcpy_s                  10078890 f   LIBCMTD:strcpy_s.obj
 0002:0003ac50       _strncpy_s                 10078c50 f   LIBCMTD:strncpy_s.obj
 0002:0003b170       __vsnprintf                10079170 f   LIBCMTD:vsnprint.obj
 0002:0003b170       _vsnprintf                 10079170 f   LIBCMTD:vsnprint.obj
 0002:0003b1a0       __vsnprintf_l              100791a0 f   LIBCMTD:vsnprint.obj
 0002:0003b3f0       __fileno                   100793f0 f   LIBCMTD:fileno.obj
 0002:0003b4a0       ___initstdio               100794a0 f   LIBCMTD:_file.obj
 0002:0003b5a0       ___endstdio                100795a0 f   LIBCMTD:_file.obj
 0002:0003b5f0       ___iob_func                100795f0 f   LIBCMTD:_file.obj
 0002:0003b600       __lock_file                10079600 f   LIBCMTD:_file.obj
 0002:0003b670       __lock_file2               10079670 f   LIBCMTD:_file.obj
 0002:0003b6c0       __unlock_file              100796c0 f   LIBCMTD:_file.obj
 0002:0003b730       __unlock_file2             10079730 f   LIBCMTD:_file.obj
 0002:0003b780       __freebuf                  10079780 f   LIBCMTD:_freebuf.obj
 0002:0003b830       __fflush_nolock            10079830 f   LIBCMTD:fflush.obj
 0002:0003b8c0       __flush                    100798c0 f   LIBCMTD:fflush.obj
 0002:0003b9b0       __flushall                 100799b0 f   LIBCMTD:fflush.obj
 0002:0003b9d0       _fflush                    100799d0 f   LIBCMTD:fflush.obj
 0002:0003bca0       __getstream                10079ca0 f   LIBCMTD:stream.obj
 0002:0003bf50       __openfile                 10079f50 f   LIBCMTD:_open.obj
 0002:0003c950       __local_unwind4            1007a950 f   LIBCMTD:exsup4.obj
 0002:0003ca26       __seh_longjmp_unwind4@4    1007aa26 f   LIBCMTD:exsup4.obj
 0002:0003ca42       @_EH4_CallFilterFunc@8     1007aa42 f   LIBCMTD:exsup4.obj
 0002:0003ca59       @_EH4_TransferToHandler@8  1007aa59 f   LIBCMTD:exsup4.obj
 0002:0003ca72       @_EH4_GlobalUnwind2@8      1007aa72 f   LIBCMTD:exsup4.obj
 0002:0003ca8b       @_EH4_LocalUnwind@16       1007aa8b f   LIBCMTD:exsup4.obj
 0002:0003cb00       __filbuf                   1007ab00 f   LIBCMTD:_filbuf.obj
 0002:0003ce10       _memcpy_s                  1007ae10 f   LIBCMTD:memcpy_s.obj
 0002:0003d050       __lseek                    1007b050 f   LIBCMTD:lseek.obj
 0002:0003d330       __lseek_nolock             1007b330 f   LIBCMTD:lseek.obj
 0002:0003d440       __XcptFilter               1007b440 f   LIBCMTD:winxfltr.obj
 0002:0003d6c0       ___CppXcptFilter           1007b6c0 f   LIBCMTD:winxfltr.obj
 0002:0003d760       __get_heap_handle          1007b760 f   LIBCMTD:heapinit.obj
 0002:0003d7b0       __heap_init                1007b7b0 f   LIBCMTD:heapinit.obj
 0002:0003d7e0       __heap_term                1007b7e0 f   LIBCMTD:heapinit.obj
 0002:0003d800       __set_pgmptr               1007b800 f i LIBCMTD:stdargv.obj
 0002:0003d810       __setargv                  1007b810 f   LIBCMTD:stdargv.obj
 0002:0003de10       __setenvp                  1007be10 f   LIBCMTD:stdenvp.obj
 0002:0003e010       ___security_init_cookie    1007c010 f   LIBCMTD:gs_support.obj
 0002:0003e130       _DllMain@12                1007c130 f   LIBCMTD:dllmain.obj
 0002:0003e140       ___crtGetEnvironmentStringsA 1007c140 f   LIBCMTD:a_env.obj
 0002:0003e280       __RTC_Initialize           1007c280 f   LIBCMTD:initsect.obj
 0002:0003e2b0       __RTC_Terminate            1007c2b0 f   LIBCMTD:initsect.obj
 0002:0003e2e0       __CrtDefaultAllocHook      1007c2e0 f   LIBCMTD:dbghook.obj
 0002:0003e2f0       __crt_debugger_hook        1007c2f0 f   LIBCMTD:dbghook.obj
 0002:0003e310       __isatty                   1007c310 f   LIBCMTD:isatty.obj
 0002:0003e400       __getbuf                   1007c400 f   LIBCMTD:_getbuf.obj
 0002:0003e500       __output_p_l               1007c500 f   LIBCMTD:outputp.obj
 0002:00043270       __validate_param_reuseA    10081270 f   LIBCMTD:outputp.obj
 0002:00043610       _get_crtdouble_arg         10081610 f i LIBCMTD:outputp.obj
 0002:00043840       __output_s_l               10081840 f   LIBCMTD:outputs.obj
 0002:00045840       ___raise_securityfailure   10083840 f   LIBCMTD:gs_report.obj
 0002:000458a0       ___report_gsfailure        100838a0 f   LIBCMTD:gs_report.obj
 0002:000459f0       ___report_rangecheckfailure 100839f0 f   LIBCMTD:gs_report.obj
 0002:00045a00       ___report_securityfailure  10083a00 f   LIBCMTD:gs_report.obj
 0002:00045b10       ___report_securityfailureEx 10083b10 f   LIBCMTD:gs_report.obj
 0002:00045c80       _wcscpy_s                  10083c80 f   LIBCMTD:wcscpy_s.obj
 0002:00046050       _wcslen                    10084050 f   LIBCMTD:wcslen.obj
 0002:000460a0       __lock                     100840a0 f   LIBCMTD:mlock.obj
 0002:000460f0       __lockerr_exit             100840f0 f   LIBCMTD:mlock.obj
 0002:00046120       __mtdeletelocks            10084120 f   LIBCMTD:mlock.obj
 0002:00046210       __mtinitlocknum            10084210 f   LIBCMTD:mlock.obj
 0002:00046370       __mtinitlocks              10084370 f   LIBCMTD:mlock.obj
 0002:00046400       __unlock                   10084400 f   LIBCMTD:mlock.obj
 0002:00046420       ___swprintf_l              10084420 f   LIBCMTD:swprintf.obj
 0002:00046450       __scwprintf                10084450 f   LIBCMTD:swprintf.obj
 0002:00046480       __scwprintf_l              10084480 f   LIBCMTD:swprintf.obj
 0002:000464b0       __scwprintf_p              100844b0 f   LIBCMTD:swprintf.obj
 0002:000464e0       __scwprintf_p_l            100844e0 f   LIBCMTD:swprintf.obj
 0002:00046510       __snwprintf_s              10084510 f   LIBCMTD:swprintf.obj
 0002:00046550       __snwprintf_s_l            10084550 f   LIBCMTD:swprintf.obj
 0002:00046590       __swprintf                 10084590 f   LIBCMTD:swprintf.obj
 0002:00046840       __swprintf_p               10084840 f   LIBCMTD:swprintf.obj
 0002:00046880       __swprintf_p_l             10084880 f   LIBCMTD:swprintf.obj
 0002:000468c0       __swprintf_s_l             100848c0 f   LIBCMTD:swprintf.obj
 0002:00046900       _swprintf_s                10084900 f   LIBCMTD:swprintf.obj
 0002:00046940       ___fpecode                 10084940 f   LIBCMTD:winsig.obj
 0002:00046950       ___get_sigabrt             10084950 f   LIBCMTD:winsig.obj
 0002:00046970       ___pxcptinfoptrs           10084970 f   LIBCMTD:winsig.obj
 0002:00046980       __initp_misc_winsig        10084980 f   LIBCMTD:winsig.obj
 0002:00046ae0       _raise                     10084ae0 f   LIBCMTD:winsig.obj
 0002:00046f20       _signal                    10084f20 f   LIBCMTD:winsig.obj
 0002:000473b0       ___crtMessageBoxW          100853b0 f   LIBCMTD:crtmboxw.obj
 0002:00047780       ___crtMessageBoxWaitThreadW@4 10085780 f   LIBCMTD:crtmboxw.obj
 0002:000477d0       __CrtDbgBreak              100857d0 f   LIBCMTD:dbgrptt.obj
 0002:000477e0       __CrtGetReportHook         100857e0 f   LIBCMTD:dbgrptt.obj
 0002:000477f0       __CrtSetReportFile         100857f0 f   LIBCMTD:dbgrptt.obj
 0002:00047930       __CrtSetReportHook         10085930 f   LIBCMTD:dbgrptt.obj
 0002:00047960       __CrtSetReportMode         10085960 f   LIBCMTD:dbgrptt.obj
 0002:00047af0       __VCrtDbgReportA           10085af0 f   LIBCMTD:dbgrptt.obj
 0002:00048570       __VCrtDbgReportW           10086570 f   LIBCMTD:dbgrptt.obj
 0002:00049140       ___iswcsym                 10087140 f i LIBCMTD:_wctype.obj
 0002:00049190       ___iswcsymf                10087190 f i LIBCMTD:_wctype.obj
 0002:000491e0       __isleadbyte_l             100871e0 f i LIBCMTD:_wctype.obj
 0002:00049240       __iswalnum_l               10087240 f i LIBCMTD:_wctype.obj
 0002:00049260       __iswalpha_l               10087260 f i LIBCMTD:_wctype.obj
 0002:00049280       __iswcntrl_l               10087280 f i LIBCMTD:_wctype.obj
 0002:000492a0       __iswcsym_l                100872a0 f i LIBCMTD:_wctype.obj
 0002:000492f0       __iswcsymf_l               100872f0 f i LIBCMTD:_wctype.obj
 0002:00049340       __iswdigit_l               10087340 f i LIBCMTD:_wctype.obj
 0002:00049360       __iswgraph_l               10087360 f i LIBCMTD:_wctype.obj
 0002:00049380       __iswlower_l               10087380 f i LIBCMTD:_wctype.obj
 0002:000493a0       __iswprint_l               100873a0 f i LIBCMTD:_wctype.obj
 0002:000493c0       __iswpunct_l               100873c0 f i LIBCMTD:_wctype.obj
 0002:000493e0       __iswspace_l               100873e0 f i LIBCMTD:_wctype.obj
 0002:00049400       __iswupper_l               10087400 f i LIBCMTD:_wctype.obj
 0002:00049420       __iswxdigit_l              10087420 f i LIBCMTD:_wctype.obj
 0002:00049440       _isleadbyte                10087440 f i LIBCMTD:_wctype.obj
 0002:00049460       _iswalnum                  10087460 f i LIBCMTD:_wctype.obj
 0002:00049480       _iswalpha                  10087480 f i LIBCMTD:_wctype.obj
 0002:000494a0       _iswascii                  100874a0 f i LIBCMTD:_wctype.obj
 0002:000494d0       _iswcntrl                  100874d0 f i LIBCMTD:_wctype.obj
 0002:000494f0       _iswdigit                  100874f0 f i LIBCMTD:_wctype.obj
 0002:00049510       _iswgraph                  10087510 f i LIBCMTD:_wctype.obj
 0002:00049530       _iswlower                  10087530 f i LIBCMTD:_wctype.obj
 0002:00049550       _iswprint                  10087550 f i LIBCMTD:_wctype.obj
 0002:00049570       _iswpunct                  10087570 f i LIBCMTD:_wctype.obj
 0002:00049590       _iswspace                  10087590 f i LIBCMTD:_wctype.obj
 0002:000495b0       _iswupper                  100875b0 f i LIBCMTD:_wctype.obj
 0002:000495d0       _iswxdigit                 100875d0 f i LIBCMTD:_wctype.obj
 0002:000495f0       __get_printf_count_output  100875f0 f   LIBCMTD:printf.obj
 0002:00049630       __printf_l                 10087630 f   LIBCMTD:printf.obj
 0002:00049660       __printf_p                 10087660 f   LIBCMTD:printf.obj
 0002:00049690       __printf_p_l               10087690 f   LIBCMTD:printf.obj
 0002:000496c0       __printf_s_l               100876c0 f   LIBCMTD:printf.obj
 0002:000496f0       __set_printf_count_output  100876f0 f   LIBCMTD:printf.obj
 0002:00049760       _printf                    10087760 f   LIBCMTD:printf.obj
 0002:00049930       _printf_s                  10087930 f   LIBCMTD:printf.obj
 0002:00049960       __wctomb_l                 10087960 f   LIBCMTD:wctomb.obj
 0002:000499f0       __wctomb_s_l               100879f0 f   LIBCMTD:wctomb.obj
 0002:00049e10       _wctomb                    10087e10 f   LIBCMTD:wctomb.obj
 0002:00049e70       _wctomb_s                  10087e70 f   LIBCMTD:wctomb.obj
 0002:00049ea0       __aullrem                  10087ea0 f   LIBCMTD:ullrem.obj
 0002:00049f40       __initp_misc_cfltcvt_tab   10087f40 f   LIBCMTD:cmiscdat.obj
 0002:00049f90       ___free_lconv_mon          10087f90 f   LIBCMTD:initmon.obj
 0002:0004a1a0       ___init_monetary           100881a0 f   LIBCMTD:initmon.obj
 0002:0004a930       ___free_lconv_num          10088930 f   LIBCMTD:initnum.obj
 0002:0004aa10       ___init_numeric            10088a10 f   LIBCMTD:initnum.obj
 0002:0004aed0       ___free_lc_time            10088ed0 f   LIBCMTD:inittime.obj
 0002:0004ba50       ___init_time               10089a50 f   LIBCMTD:inittime.obj
 0002:0004ce50       _localeconv                1008ae50 f   LIBCMTD:lconv.obj
 0002:0004d260       __MarkAllocaS              1008b260 f i LIBCMTD:a_map.obj
 0002:0004d290       ___crtLCMapStringA         1008b290 f   LIBCMTD:a_map.obj
 0002:0004d300       __freea                    1008b300 f i LIBCMTD:a_map.obj
 0002:0004d4f0       ___crtGetStringTypeA       1008b4f0 f   LIBCMTD:a_str.obj
 0002:0004d690       ?_CallCatchBlock2@@YAPAXPAUEHRegistrationNode@@PBU_s_FuncInfo@@PAXHK@Z 1008b690 f   LIBCMTD:_trnsctrl_.obj
 0002:0004d720       ?_CallMemberFunction0@@YGXPAX0@Z 1008b720 f   LIBCMTD:_trnsctrl_.obj
 0002:0004d730       ?_CallMemberFunction1@@YGXPAX00@Z 1008b730 f   LIBCMTD:_trnsctrl_.obj
 0002:0004d740       ?_CallMemberFunction2@@YGXPAX00H@Z 1008b740 f   LIBCMTD:_trnsctrl_.obj
 0002:0004d750       ?_CallSETranslator@@YAHPAUEHExceptionRecord@@PAUEHRegistrationNode@@PAX2PBU_s_FuncInfo@@H1@Z 1008b750 f   LIBCMTD:_trnsctrl_.obj
 0002:0004d880       ?_GetRangeOfTrysToCheck@@YAPBU_s_TryBlockMapEntry@@PBU_s_FuncInfo@@HHPAI1@Z 1008b880 f   LIBCMTD:_trnsctrl_.obj
 0002:0004d930       ?_JumpToContinuation@@YGXPAXPAUEHRegistrationNode@@@Z 1008b930 f   LIBCMTD:_trnsctrl_.obj
 0002:0004d970       ?_UnwindNestedFrames@@YGXPAUEHRegistrationNode@@PAUEHExceptionRecord@@@Z 1008b970 f   LIBCMTD:_trnsctrl_.obj
 0002:0004d9e0       __CreateFrameInfo          1008b9e0 f   LIBCMTD:_trnsctrl_.obj
 0002:0004da20       __FindAndUnlinkFrame       1008ba20 f   LIBCMTD:_trnsctrl_.obj
 0002:0004da90       __IsExceptionObjectToBeDestroyed 1008ba90 f   LIBCMTD:_trnsctrl_.obj
 0002:0004dad0       ___CxxFrameHandler         1008bad0 f   LIBCMTD:_trnsctrl_.obj
 0002:0004db20       ___CxxFrameHandler2        1008bb20 f   LIBCMTD:_trnsctrl_.obj
 0002:0004db70       ___CxxFrameHandler3        1008bb70 f   LIBCMTD:_trnsctrl_.obj
 0002:0004dbc0       ___CxxLongjmpUnwind@4      1008bbc0 f   LIBCMTD:_trnsctrl_.obj
 0002:0004dc00       ___pctype_func             1008bc00 f   LIBCMTD:ctype.obj
 0002:0004dc60       ___pwctype_func            1008bc60 f   LIBCMTD:ctype.obj
 0002:0004dc70       __chvalidator              1008bc70 f   LIBCMTD:isctype.obj
 0002:0004dcd0       __chvalidator_l            1008bcd0 f   LIBCMTD:isctype.obj
 0002:0004ddc0       __isctype                  1008bdc0 f   LIBCMTD:isctype.obj
 0002:0004de10       __isctype_l                1008be10 f   LIBCMTD:isctype.obj
 0002:0004dfc0       __free_base                1008bfc0 f   LIBCMTD:free.obj
 0002:0004e020       __realloc_base             1008c020 f   LIBCMTD:realloc.obj
 0002:0004e160       __expand_base              1008c160 f   LIBCMTD:expand.obj
 0002:0004e320       __CrtDbgReport             1008c320 f   LIBCMTD:dbgrpt.obj
 0002:0004e380       __CrtDbgReportV            1008c380 f i LIBCMTD:dbgrpt.obj
 0002:0004e3c0       __CrtSetReportHook2        1008c3c0 f   LIBCMTD:dbgrpt.obj
 0002:0004e7e0       ___crtMessageWindowA       1008c7e0 f   LIBCMTD:dbgrpt.obj
 0002:0004edb0       ?_query_new_handler@@YAP6AHI@ZXZ 1008cdb0 f   LIBCMTD:handler.obj
 0002:0004edd0       ?_set_new_handler@@YAP6AHI@ZH@Z 1008cdd0 f   LIBCMTD:handler.obj
 0002:0004ee20       ?_set_new_handler@@YAP6AHI@ZP6AHI@Z@Z 1008ce20 f   LIBCMTD:handler.obj
 0002:0004ee70       __callnewh                 1008ce70 f   LIBCMTD:handler.obj
 0002:0004eec0       __initp_heap_handler       1008cec0 f   LIBCMTD:handler.obj
 0002:0004eed0       __heapchk                  1008ced0 f   LIBCMTD:heapchk.obj
 0002:0004ef10       __heapset                  1008cf10 f   LIBCMTD:heapchk.obj
 0002:0004ef20       __heap_alloc_base          1008cf20 f i LIBCMTD:malloc.obj
 0002:0004ef90       __malloc_base              1008cf90 f   LIBCMTD:malloc.obj
 0002:0004f040       __FF_MSGBANNER             1008d040 f   LIBCMTD:crt0msg.obj
 0002:0004f0a0       __GET_RTERRMSG             1008d0a0 f   LIBCMTD:crt0msg.obj
 0002:0004f0f0       __NMSG_WRITE               1008d0f0 f   LIBCMTD:crt0msg.obj
 0002:0004f5a0       __FindPESection            1008d5a0 f   LIBCMTD:pesect.obj
 0002:0004f630       __IsNonwritableInCurrentImage 1008d630 f   LIBCMTD:pesect.obj
 0002:0004f7b0       __ValidateImageBase        1008d7b0 f   LIBCMTD:pesect.obj
 0002:0004f830       __mbtowc_l                 1008d830 f   LIBCMTD:mbtowc.obj
 0002:0004faf0       _mbtowc                    1008daf0 f   LIBCMTD:mbtowc.obj
 0002:0004fb20       __putwch                   1008db20 f   LIBCMTD:putwch.obj
 0002:0004fbd0       __putwch_nolock            1008dbd0 f   LIBCMTD:putwch.obj
 0002:0004fc40       ___onexitinit              1008dc40 f   LIBCMTD:onexit.obj
 0002:0004fcb0       __onexit                   1008dcb0 f   LIBCMTD:onexit.obj
 0002:0004fee0       _atexit                    1008dee0 f   LIBCMTD:onexit.obj
 0002:0004ff20       ?_inconsistency@@YAXXZ     1008df20 f   LIBCMTD:hooks.obj
 0002:0004ffd0       ?terminate@@YAXXZ          1008dfd0 f   LIBCMTD:hooks.obj
 0002:00050070       ?unexpected@@YAXXZ         1008e070 f   LIBCMTD:hooks.obj
 0002:000500a0       __initp_eh_hooks           1008e0a0 f   LIBCMTD:hooks.obj
 0002:000500c0       ___getlocaleinfo           1008e0c0 f   LIBCMTD:inithelp.obj
 0002:00050480       __initp_misc_purevirt      1008e480 f   LIBCMTD:inithelp.obj
 0002:00050490       __initp_misc_rand_s        1008e490 f   LIBCMTD:rand_s.obj
 0002:000504a0       _rand_s                    1008e4a0 f   LIBCMTD:rand_s.obj
 0002:000507a0       __ftbuf                    1008e7a0 f   LIBCMTD:_sftbuf.obj
 0002:00050850       __stbuf                    1008e850 f   LIBCMTD:_sftbuf.obj
 0002:00050a20       __fcloseall                1008ea20 f   LIBCMTD:closeall.obj
 0002:00050b90       __commit                   1008eb90 f   LIBCMTD:commit.obj
 0002:00050e60       __open                     1008ee60 f   LIBCMTD:open.obj
 0002:00050e60       _open                      1008ee60 f   LIBCMTD:open.obj
 0002:00051060       __sopen                    1008f060 f   LIBCMTD:open.obj
 0002:000510f0       __sopen_helper             1008f0f0 f   LIBCMTD:open.obj
 0002:00051420       __sopen_nolock             1008f420 f   LIBCMTD:open.obj
 0002:000514a0       __sopen_s                  1008f4a0 f   LIBCMTD:open.obj
 0002:000514d0       __mbsnbcmp                 1008f4d0 f   LIBCMTD:mbsnbcmp.obj
 0002:00051500       __mbsnbcmp_l               1008f500 f   LIBCMTD:mbsnbcmp.obj
 0002:000518e0       __mbsnbicmp                1008f8e0 f   LIBCMTD:mbsnbicm.obj
 0002:00051910       __mbsnbicmp_l              1008f910 f   LIBCMTD:mbsnbicm.obj
 0002:00051fa0       __global_unwind2           1008ffa0 f   LIBCMTD:exsup.obj
 0002:00052005       __local_unwind2            10090005 f   LIBCMTD:exsup.obj
 0002:00052089       __abnormal_termination     10090089 f   LIBCMTD:exsup.obj
 0002:000520ac       __NLG_Notify1              100900ac f   LIBCMTD:exsup.obj
 0002:000520b5       __NLG_Notify               100900b5 f   LIBCMTD:exsup.obj
 0002:000520cc       __NLG_Dispatch2            100900cc     LIBCMTD:exsup.obj
 0002:000520cc       __NLG_Dispatch             100900cc     LIBCMTD:exsup.obj
 0002:000520d4       __NLG_Call                 100900d4 f   LIBCMTD:exsup.obj
 0002:000520d6       __NLG_Return2              100900d6     LIBCMTD:exsup.obj
 0002:00052220       __ismbbalnum               10090220 f   LIBCMTD:ismbbyte.obj
 0002:00052240       __ismbbalnum_l             10090240 f   LIBCMTD:ismbbyte.obj
 0002:00052270       __ismbbalpha               10090270 f   LIBCMTD:ismbbyte.obj
 0002:00052290       __ismbbalpha_l             10090290 f   LIBCMTD:ismbbyte.obj
 0002:000522c0       __ismbbgraph               100902c0 f   LIBCMTD:ismbbyte.obj
 0002:000522e0       __ismbbgraph_l             100902e0 f   LIBCMTD:ismbbyte.obj
 0002:00052310       __ismbbkalnum              10090310 f   LIBCMTD:ismbbyte.obj
 0002:00052330       __ismbbkalnum_l            10090330 f   LIBCMTD:ismbbyte.obj
 0002:00052350       __ismbbkana                10090350 f   LIBCMTD:ismbbyte.obj
 0002:00052370       __ismbbkana_l              10090370 f   LIBCMTD:ismbbyte.obj
 0002:00052400       __ismbbkprint              10090400 f   LIBCMTD:ismbbyte.obj
 0002:00052420       __ismbbkprint_l            10090420 f   LIBCMTD:ismbbyte.obj
 0002:00052440       __ismbbkpunct              10090440 f   LIBCMTD:ismbbyte.obj
 0002:00052460       __ismbbkpunct_l            10090460 f   LIBCMTD:ismbbyte.obj
 0002:00052480       __ismbblead                10090480 f   LIBCMTD:ismbbyte.obj
 0002:000524a0       __ismbblead_l              100904a0 f   LIBCMTD:ismbbyte.obj
 0002:000524c0       __ismbbprint               100904c0 f   LIBCMTD:ismbbyte.obj
 0002:000524e0       __ismbbprint_l             100904e0 f   LIBCMTD:ismbbyte.obj
 0002:00052510       __ismbbpunct               10090510 f   LIBCMTD:ismbbyte.obj
 0002:00052530       __ismbbpunct_l             10090530 f   LIBCMTD:ismbbyte.obj
 0002:00052550       __ismbbtrail               10090550 f   LIBCMTD:ismbbyte.obj
 0002:00052570       __ismbbtrail_l             10090570 f   LIBCMTD:ismbbyte.obj
 0002:00052bc0       __strtol_l                 10090bc0 f   LIBCMTD:strtol.obj
 0002:00052bf0       __strtoul_l                10090bf0 f   LIBCMTD:strtol.obj
 0002:00052c20       _strtol                    10090c20 f   LIBCMTD:strtol.obj
 0002:00052c80       _strtoul                   10090c80 f   LIBCMTD:strtol.obj
 0002:00052ce0       ___vswprintf_l             10090ce0 f   LIBCMTD:vswprint.obj
 0002:00052d10       __vscwprintf               10090d10 f   LIBCMTD:vswprint.obj
 0002:00052d40       __vscwprintf_helper        10090d40 f   LIBCMTD:vswprint.obj
 0002:00052e70       __vscwprintf_l             10090e70 f   LIBCMTD:vswprint.obj
 0002:00052ea0       __vscwprintf_p             10090ea0 f   LIBCMTD:vswprint.obj
 0002:00052ed0       __vscwprintf_p_l           10090ed0 f   LIBCMTD:vswprint.obj
 0002:00052f00       __vswprintf                10090f00 f   LIBCMTD:vswprint.obj
 0002:00052f30       __vswprintf_l              10090f30 f   LIBCMTD:vswprint.obj
 0002:000531d0       __vsnwprintf_s             100911d0 f   LIBCMTD:vswprnc.obj
 0002:00053200       __vsnwprintf_s_l           10091200 f   LIBCMTD:vswprnc.obj
 0002:000536d0       __vswprintf_c              100916d0 f   LIBCMTD:vswprnc.obj
 0002:00053730       __vswprintf_c_l            10091730 f   LIBCMTD:vswprnc.obj
 0002:00053790       __vswprintf_helper         10091790 f   LIBCMTD:vswprnc.obj
 0002:00053aa0       __vswprintf_p              10091aa0 f   LIBCMTD:vswprnc.obj
 0002:00053b00       __vswprintf_p_l            10091b00 f   LIBCMTD:vswprnc.obj
 0002:00053b60       __vswprintf_s_l            10091b60 f   LIBCMTD:vswprnc.obj
 0002:00053ea0       _vswprintf_s               10091ea0 f   LIBCMTD:vswprnc.obj
 0002:00053ed0       __woutput_l                10091ed0 f   LIBCMTD:woutput.obj
 0002:00055a20       _strcat_s                  10093a20 f   LIBCMTD:strcat_s.obj
 0002:00055f20       _wcscat_s                  10093f20 f   LIBCMTD:wcscat_s.obj
 0002:00056970       __i64toa_s                 10094970 f   LIBCMTD:xtoas.obj
 0002:000569d0       __itoa_s                   100949d0 f   LIBCMTD:xtoas.obj
 0002:00056a40       __ltoa_s                   10094a40 f   LIBCMTD:xtoas.obj
 0002:00056a90       __ui64toa_s                10094a90 f   LIBCMTD:xtoas.obj
 0002:00056ac0       __ultoa_s                  10094ac0 f   LIBCMTD:xtoas.obj
 0002:00056fd0       __mbstowcs_l               10094fd0 f   LIBCMTD:mbstowcs.obj
 0002:00057000       __mbstowcs_l_helper        10095000 f   LIBCMTD:mbstowcs.obj
 0002:00057470       __mbstowcs_s_l             10095470 f   LIBCMTD:mbstowcs.obj
 0002:00057910       _mbstowcs                  10095910 f   LIBCMTD:mbstowcs.obj
 0002:00057970       _mbstowcs_s                10095970 f   LIBCMTD:mbstowcs.obj
 0002:00057ef0       __i64tow_s                 10095ef0 f   LIBCMTD:xtows.obj
 0002:00057f50       __itow_s                   10095f50 f   LIBCMTD:xtows.obj
 0002:00057fc0       __ltow_s                   10095fc0 f   LIBCMTD:xtows.obj
 0002:00058010       __ui64tow_s                10096010 f   LIBCMTD:xtows.obj
 0002:00058040       __ultow_s                  10096040 f   LIBCMTD:xtows.obj
 0002:00058570       __iswctype_l               10096570 f   LIBCMTD:iswctype.obj
 0002:00058590       _is_wctype                 10096590 f   LIBCMTD:iswctype.obj
 0002:000585b0       _iswctype                  100965b0 f   LIBCMTD:iswctype.obj
 0002:00058630       __vprintf_l                10096630 f   LIBCMTD:vprintf.obj
 0002:00058660       __vprintf_p                10096660 f   LIBCMTD:vprintf.obj
 0002:00058690       __vprintf_p_l              10096690 f   LIBCMTD:vprintf.obj
 0002:000586c0       __vprintf_s_l              100966c0 f   LIBCMTD:vprintf.obj
 0002:000586f0       _vprintf                   100966f0 f   LIBCMTD:vprintf.obj
 0002:00058720       _vprintf_helper            10096720 f   LIBCMTD:vprintf.obj
 0002:000588a0       _vprintf_s                 100968a0 f   LIBCMTD:vprintf.obj
 0002:000588d0       ____lc_codepage_func       100968d0 f   LIBCMTD:initctyp.obj
 0002:00058930       ____lc_collate_cp_func     10096930 f   LIBCMTD:initctyp.obj
 0002:00058990       ____lc_locale_name_func    10096990 f   LIBCMTD:initctyp.obj
 0002:000589f0       ____mb_cur_max_func        100969f0 f   LIBCMTD:initctyp.obj
 0002:00058a50       ____mb_cur_max_l_func      10096a50 f   LIBCMTD:initctyp.obj
 0002:00058a80       ___init_ctype              10096a80 f   LIBCMTD:initctyp.obj
 0002:00059240       __fptrap                   10097240 f   LIBCMTD:crt0fp.obj
 0002:00059260       ___init_dummy              10097260 f   LIBCMTD:wsetloca.obj
 0002:00059270       __locterm                  10097270 f   LIBCMTD:wsetloca.obj
 0002:00059330       ____setlc_active_func      10097330 f   LIBCMTD:wsetloca.obj
 0002:00059340       ____unguarded_readlc_active_add_func 10097340 f   LIBCMTD:wsetloca.obj
 0002:00059350       ___copy_locale_name        10097350 f   LIBCMTD:wsetloca.obj
 0002:00059420       ___create_locale           10097420 f   LIBCMTD:wsetloca.obj
 0002:00059440       ___free_locale             10097440 f   LIBCMTD:wsetloca.obj
 0002:00059460       ___get_current_locale      10097460 f   LIBCMTD:wsetloca.obj
 0002:00059470       ___lc_lctowcs              10097470 f   LIBCMTD:wsetloca.obj
 0002:00059540       ___lc_wcstolc              10097540 f   LIBCMTD:wsetloca.obj
 0002:000597f0       __configthreadlocale       100977f0 f   LIBCMTD:wsetloca.obj
 0002:000599a0       __create_locale            100979a0 f   LIBCMTD:wsetloca.obj
 0002:00059a30       __expandlocale             10097a30 f   LIBCMTD:wsetloca.obj
 0002:0005a060       __free_locale              10098060 f   LIBCMTD:wsetloca.obj
 0002:0005a1d0       __get_current_locale       100981d0 f   LIBCMTD:wsetloca.obj
 0002:0005a330       __wcreate_locale           10098330 f   LIBCMTD:wsetloca.obj
 0002:0005a580       __wcscats                  10098580 f   LIBCMTD:wsetloca.obj
 0002:0005a610       __wsetlocale               10098610 f   LIBCMTD:wsetloca.obj
 0002:0005bac0       _GetTableIndexFromLcid     10099ac0 f   LIBCMTD:winapinls.obj
 0002:0005bb40       _GetTableIndexFromLocaleName 10099b40 f   LIBCMTD:winapinls.obj
 0002:0005bbf0       ___crtCompareStringEx      10099bf0 f   LIBCMTD:winapinls.obj
 0002:0005bc80       ___crtDownlevelLCIDToLocaleName 10099c80 f   LIBCMTD:winapinls.obj
 0002:0005bd80       ___crtDownlevelLocaleNameToLCID 10099d80 f   LIBCMTD:winapinls.obj
 0002:0005bdf0       ___crtEnumSystemLocalesEx  10099df0 f   LIBCMTD:winapinls.obj
 0002:0005be70       ___crtGetDateFormatEx      10099e70 f   LIBCMTD:winapinls.obj
 0002:0005bef0       ___crtGetLocaleInfoEx      10099ef0 f   LIBCMTD:winapinls.obj
 0002:0005bf60       ___crtGetTimeFormatEx      10099f60 f   LIBCMTD:winapinls.obj
 0002:0005bfe0       ___crtGetUserDefaultLocaleName 10099fe0 f   LIBCMTD:winapinls.obj
 0002:0005c040       ___crtIsValidLocaleName    1009a040 f   LIBCMTD:winapinls.obj
 0002:0005c090       ___crtLCMapStringEx        1009a090 f   LIBCMTD:winapinls.obj
 0002:0005c120       ___wcsnicmp_ascii          1009a120 f   LIBCMTD:winapinls.obj
 0002:0005c220       __CallSettingFrame@12      1009a220 f   LIBCMTD:lowhelpr.obj
 0002:0005c247       __NLG_Return               1009a247     LIBCMTD:lowhelpr.obj
 0002:0005c280       ___DestructExceptionObject 1009a280 f   LIBCMTD:frame.obj
 0002:0005c3f0       ??0bad_exception@std@@QAE@ABV01@@Z 1009a3f0 f i LIBCMTD:frame.obj
 0002:0005c420       ??0bad_exception@std@@QAE@PBD@Z 1009a420 f i LIBCMTD:frame.obj
 0002:0005c450       ??1bad_exception@std@@UAE@XZ 1009a450 f i LIBCMTD:frame.obj
 0002:0005c480       ??_Ebad_exception@std@@UAEPAXI@Z 1009a480 f i LIBCMTD:frame.obj
 0002:0005c480       ??_Gbad_exception@std@@UAEPAXI@Z 1009a480 f i LIBCMTD:frame.obj
 0002:0005d370       ?__uncaught_exception@@YA_NXZ 1009b370 f   LIBCMTD:frame.obj
 0002:0005d3b0       ?_is_exception_typeof@@YAHABVtype_info@@PAU_EXCEPTION_POINTERS@@@Z 1009b3b0 f   LIBCMTD:frame.obj
 0002:0005d4c0       ___AdjustPointer           1009b4c0 f   LIBCMTD:frame.obj
 0002:0005d520       ___BuildCatchObject        1009b520 f   LIBCMTD:frame.obj
 0002:0005d670       ___BuildCatchObjectHelper  1009b670 f   LIBCMTD:frame.obj
 0002:0005d990       ___CxxDetectRethrow        1009b990 f   LIBCMTD:frame.obj
 0002:0005da30       ___CxxExceptionFilter      1009ba30 f   LIBCMTD:frame.obj
 0002:0005dcb0       ___CxxQueryExceptionSize   1009bcb0 f   LIBCMTD:frame.obj
 0002:0005dcc0       ___CxxRegisterExceptionObject 1009bcc0 f   LIBCMTD:frame.obj
 0002:0005de50       ___CxxUnregisterExceptionObject 1009be50 f   LIBCMTD:frame.obj
 0002:0005e030       ___FrameUnwindFilter       1009c030 f   LIBCMTD:frame.obj
 0002:0005e0d0       ___FrameUnwindToState      1009c0d0 f   LIBCMTD:frame.obj
 0002:0005e2b0       ___InternalCxxFrameHandler 1009c2b0 f   LIBCMTD:frame.obj
 0002:0005e480       ___TypeMatch               1009c480 f   LIBCMTD:frame.obj
 0002:0005e560       _wcsncpy_s                 1009c560 f   LIBCMTD:wcsncpy_s.obj
 0002:0005eaa0       ___set_app_type            1009caa0 f   LIBCMTD:errmode.obj
 0002:0005eab0       __set_error_mode           1009cab0 f   LIBCMTD:errmode.obj
 0002:0005eba0       ___termconout              1009cba0 f   LIBCMTD:initcon.obj
 0002:0005ebd0       ___initconout              1009cbd0 f   LIBCMTD:initcon.obj
 0002:0005ec00       __set_abort_behavior       1009cc00 f   LIBCMTD:abort.obj
 0002:0005ec40       _abort                     1009cc40 f   LIBCMTD:abort.obj
 0002:0005ee20       ___crtGetLocaleInfoA       1009ce20 f   LIBCMTD:a_loc.obj
 0002:0005ee80       _strncmp                   1009ce80 f   LIBCMTD:strncmp.obj
 0002:0005ef20       __strnicmp                 1009cf20 f   LIBCMTD:strnicmp.obj
 0002:0005f160       __strnicmp_l               1009d160 f   LIBCMTD:strnicmp.obj
 0002:0005f490       __validate_param_reuseW    1009d490 f   LIBCMTD:woutputp.obj
 0002:0005f830       __woutput_p_l              1009d830 f   LIBCMTD:woutputp.obj
 0002:000641d0       __woutput_s_l              100a21d0 f   LIBCMTD:woutputs.obj
 0002:00065ee0       __fputwc_nolock            100a3ee0 f   LIBCMTD:fputwc.obj
 0002:00066290       _fputwc                    100a4290 f   LIBCMTD:fputwc.obj
 0002:000663e0       _putwc                     100a43e0 f   LIBCMTD:fputwc.obj
 0002:00066400       ___init_collate            100a4400 f   LIBCMTD:initcoll.obj
 0002:00066620       _memcmp                    100a4620 f   LIBCMTD:memcmp.obj
 0002:00067120       _wcscmp                    100a5120 f   LIBCMTD:wcscmp.obj
 0002:000671a0       _wcscspn                   100a51a0 f   LIBCMTD:wcscspn.obj
 0002:00067220       _wcsnlen                   100a5220 f   LIBCMTD:wcslen_s.obj
 0002:00067270       _wcsncmp                   100a5270 f   LIBCMTD:wcsncmp.obj
 0002:000672e0       _wcspbrk                   100a52e0 f   LIBCMTD:wcspbrk.obj
 0002:00068110       ___get_qualified_locale    100a6110 f   LIBCMTD:getqloc.obj
 0002:000694b0       ___get_qualified_locale_downlevel 100a74b0 f   LIBCMTD:getqloc_downlevel.obj
 0002:00069830       ??3@YAXPAX@Z               100a7830 f   LIBCMTD:dbgdel.obj
 0002:00069960       _memmove                   100a7960 f   LIBCMTD:memmove.obj
 0002:0006a140       ?_ValidateExecute@@YAHP6GHXZ@Z 100a8140 f   LIBCMTD:validate.obj
 0002:0006a170       ?_ValidateRead@@YAHPBXI@Z  100a8170 f   LIBCMTD:validate.obj
 0002:0006a1a0       ?_ValidateWrite@@YAHPAXI@Z 100a81a0 f   LIBCMTD:validate.obj
 0002:0006a1d0       ??0type_info@@AAE@ABV0@@Z  100a81d0 f   LIBCMTD:typinfo.obj
 0002:0006a1f0       ??1type_info@@UAE@XZ       100a81f0 f   LIBCMTD:typinfo.obj
 0002:0006a220       ??4type_info@@AAEAAV0@ABV0@@Z 100a8220 f   LIBCMTD:typinfo.obj
 0002:0006a240       ??8type_info@@QBE_NABV0@@Z 100a8240 f   LIBCMTD:typinfo.obj
 0002:0006a290       ??9type_info@@QBE_NABV0@@Z 100a8290 f   LIBCMTD:typinfo.obj
 0002:0006a2e0       ??_Etype_info@@UAEPAXI@Z   100a82e0 f i LIBCMTD:typinfo.obj
 0002:0006a2e0       ??_Gtype_info@@UAEPAXI@Z   100a82e0 f i LIBCMTD:typinfo.obj
 0002:0006a320       ?_name_internal_method@type_info@@QBEPBDPAU__type_info_node@@@Z 100a8320 f   LIBCMTD:typinfo.obj
 0002:0006a350       ?_type_info_dtor_internal_method@type_info@@QAEXXZ 100a8350 f   LIBCMTD:typinfo.obj
 0002:0006a370       ?before@type_info@@QBE_NABV1@@Z 100a8370 f   LIBCMTD:typinfo.obj
 0002:0006a3c0       ?name@type_info@@QBEPBDPAU__type_info_node@@@Z 100a83c0 f   LIBCMTD:typinfo.obj
 0002:0006a3f0       ?raw_name@type_info@@QBEPBDXZ 100a83f0 f   LIBCMTD:typinfo.obj
 0002:0006a410       ??0__non_rtti_object@std@@QAE@ABV01@@Z 100a8410 f   LIBCMTD:stdexcpt.obj
 0002:0006a440       ??0__non_rtti_object@std@@QAE@PBD@Z 100a8440 f   LIBCMTD:stdexcpt.obj
 0002:0006a470       ??0bad_cast@std@@QAE@ABV01@@Z 100a8470 f   LIBCMTD:stdexcpt.obj
 0002:0006a4a0       ??0bad_cast@std@@QAE@PBD@Z 100a84a0 f   LIBCMTD:stdexcpt.obj
 0002:0006a4d0       ??0bad_typeid@std@@QAE@ABV01@@Z 100a84d0 f   LIBCMTD:stdexcpt.obj
 0002:0006a500       ??0bad_typeid@std@@QAE@PBD@Z 100a8500 f   LIBCMTD:stdexcpt.obj
 0002:0006a530       ??0exception@std@@QAE@ABQBD@Z 100a8530 f   LIBCMTD:stdexcpt.obj
 0002:0006a580       ??0exception@std@@QAE@ABQBDH@Z 100a8580 f   LIBCMTD:stdexcpt.obj
 0002:0006a5c0       ??0exception@std@@QAE@ABV01@@Z 100a85c0 f   LIBCMTD:stdexcpt.obj
 0002:0006a610       ??0exception@std@@QAE@XZ   100a8610 f   LIBCMTD:stdexcpt.obj
 0002:0006a650       ??1__non_rtti_object@std@@UAE@XZ 100a8650 f   LIBCMTD:stdexcpt.obj
 0002:0006a680       ??1bad_cast@std@@UAE@XZ    100a8680 f   LIBCMTD:stdexcpt.obj
 0002:0006a6b0       ??1bad_typeid@std@@UAE@XZ  100a86b0 f   LIBCMTD:stdexcpt.obj
 0002:0006a6e0       ??1exception@std@@UAE@XZ   100a86e0 f   LIBCMTD:stdexcpt.obj
 0002:0006a710       ??4exception@std@@QAEAAV01@ABV01@@Z 100a8710 f   LIBCMTD:stdexcpt.obj
 0002:0006a770       ??_E__non_rtti_object@std@@UAEPAXI@Z 100a8770 f i LIBCMTD:stdexcpt.obj
 0002:0006a770       ??_G__non_rtti_object@std@@UAEPAXI@Z 100a8770 f i LIBCMTD:stdexcpt.obj
 0002:0006a7b0       ??_Gbad_cast@std@@UAEPAXI@Z 100a87b0 f i LIBCMTD:stdexcpt.obj
 0002:0006a7b0       ??_Ebad_cast@std@@UAEPAXI@Z 100a87b0 f i LIBCMTD:stdexcpt.obj
 0002:0006a7f0       ??_Gbad_typeid@std@@UAEPAXI@Z 100a87f0 f i LIBCMTD:stdexcpt.obj
 0002:0006a7f0       ??_Ebad_typeid@std@@UAEPAXI@Z 100a87f0 f i LIBCMTD:stdexcpt.obj
 0002:0006a830       ??_Gexception@std@@UAEPAXI@Z 100a8830 f i LIBCMTD:stdexcpt.obj
 0002:0006a830       ??_Eexception@std@@UAEPAXI@Z 100a8830 f i LIBCMTD:stdexcpt.obj
 0002:0006a870       ?_Copy_str@exception@std@@AAEXPBD@Z 100a8870 f   LIBCMTD:stdexcpt.obj
 0002:0006a8f0       ?_Tidy@exception@std@@AAEXXZ 100a88f0 f   LIBCMTD:stdexcpt.obj
 0002:0006a940       ?what@exception@std@@UBEPBDXZ 100a8940 f   LIBCMTD:stdexcpt.obj
 0002:0006a980       __CxxThrowException@8      100a8980 f   LIBCMTD:throw.obj
 0002:0006aa40       ___ascii_strnicmp          100a8a40 f   LIBCMTD:_strnicm.obj
 0002:0006aac0       __tolower                  100a8ac0 f   LIBCMTD:tolower.obj
 0002:0006aad0       __tolower_l                100a8ad0 f   LIBCMTD:tolower.obj
 0002:0006ada0       _tolower                   100a8da0 f   LIBCMTD:tolower.obj
 0002:0006b2b0       __wcstol_l                 100a92b0 f   LIBCMTD:wcstol.obj
 0002:0006b2e0       __wcstoul_l                100a92e0 f   LIBCMTD:wcstol.obj
 0002:0006b310       _wcstol                    100a9310 f   LIBCMTD:wcstol.obj
 0002:0006b340       _wcstoul                   100a9340 f   LIBCMTD:wcstol.obj
 0002:0006b370       __flswbuf                  100a9370 f   LIBCMTD:_flswbuf.obj
 0002:0006b720       __wtoi                     100a9720 f   LIBCMTD:wtox.obj
 0002:0006b740       __wtoi64                   100a9740 f   LIBCMTD:wtox.obj
 0002:0006b760       __wtoi64_l                 100a9760 f   LIBCMTD:wtox.obj
 0002:0006b780       __wtoi_l                   100a9780 f   LIBCMTD:wtox.obj
 0002:0006b7a0       __wtol                     100a97a0 f   LIBCMTD:wtox.obj
 0002:0006b7c0       __wtol_l                   100a97c0 f   LIBCMTD:wtox.obj
 0002:0006b7e0       _wcschr                    100a97e0 f   LIBCMTD:wcschr.obj
 0002:0006b9c0       __wcsicmp                  100a99c0 f   LIBCMTD:wcsicmp.obj
 0002:0006bc00       __wcsicmp_l                100a9c00 f   LIBCMTD:wcsicmp.obj
 0002:0006bf00       __wcsnicmp                 100a9f00 f   LIBCMTD:wcsnicmp.obj
 0002:0006c160       __wcsnicmp_l               100aa160 f   LIBCMTD:wcsnicmp.obj
 0002:0006c460       ?_Name_base@type_info@@CAPBDPBV1@PAU__type_info_node@@@Z 100aa460 f   LIBCMTD:typname.obj
 0002:0006c670       ?_Name_base_internal@type_info@@CAPBDPBV1@PAU__type_info_node@@@Z 100aa670 f   LIBCMTD:typname.obj
 0002:0006c8a0       ?_Type_info_dtor@type_info@@CAXPAV1@@Z 100aa8a0 f   LIBCMTD:typname.obj
 0002:0006c9f0       ?_Type_info_dtor_internal@type_info@@CAXPAV1@@Z 100aa9f0 f   LIBCMTD:typname.obj
 0002:0006cb50       ___clean_type_info_names_internal 100aab50 f   LIBCMTD:typname.obj
 0002:0006cc30       ___unDNameHelper           100aac30 f   LIBCMTD:typname.obj
 0002:0006cc80       __wchartodigit             100aac80 f   LIBCMTD:wchtodig.obj
 0002:0006d710       __wcstoi64                 100ab710 f   LIBCMTD:wcstoq.obj
 0002:0006d770       __wcstoi64_l               100ab770 f   LIBCMTD:wcstoq.obj
 0002:0006d7a0       __wcstoui64                100ab7a0 f   LIBCMTD:wcstoq.obj
 0002:0006d800       __wcstoui64_l              100ab800 f   LIBCMTD:wcstoq.obj
 0002:0006d830       __towlower_l               100ab830 f   LIBCMTD:towlower.obj
 0002:0006d9d0       _towlower                  100ab9d0 f   LIBCMTD:towlower.obj
 0002:0006d9f0       ??0Block@_HeapManager@@QAE@XZ 100ab9f0 f i LIBCMTD:undname.obj
 0002:0006da10       ??0DName@@QAE@AAPBDD@Z     100aba10 f   LIBCMTD:undname.obj
 0002:0006dd80       ??0DName@@QAE@ABV0@@Z      100abd80 f i LIBCMTD:undname.obj
 0002:0006ddb0       ??0DName@@QAE@D@Z          100abdb0 f   LIBCMTD:undname.obj
 0002:0006dec0       ??0DName@@QAE@PAV0@@Z      100abec0 f   LIBCMTD:undname.obj
 0002:0006e040       ??0DName@@QAE@PBD@Z        100ac040 f   LIBCMTD:undname.obj
 0002:0006e170       ??0DName@@QAE@W4DNameStatus@@@Z 100ac170 f   LIBCMTD:undname.obj
 0002:0006e2d0       ??0DName@@QAE@XZ           100ac2d0 f i LIBCMTD:undname.obj
 0002:0006e3c0       ??0DName@@QAE@_J@Z         100ac3c0 f   LIBCMTD:undname.obj
 0002:0006e5a0       ??0DName@@QAE@_K@Z         100ac5a0 f   LIBCMTD:undname.obj
 0002:0006e730       ??0DNameNode@@IAE@XZ       100ac730 f   LIBCMTD:undname.obj
 0002:0006e750       ??0DNameStatusNode@@AAE@W4DNameStatus@@@Z 100ac750 f   LIBCMTD:undname.obj
 0002:0006e7c0       ??0Replicator@@QAE@XZ      100ac7c0 f i LIBCMTD:undname.obj
 0002:0006e7e0       ??0UnDecorator@@QAE@PADPBDHP6APADJ@ZK@Z 100ac7e0 f i LIBCMTD:undname.obj
 0002:0006e8a0       ??0charNode@@QAE@D@Z       100ac8a0 f   LIBCMTD:undname.obj
 0002:0006e8e0       ??0pDNameNode@@QAE@PAVDName@@@Z 100ac8e0 f   LIBCMTD:undname.obj
 0002:0006e960       ??0pairNode@@QAE@PAVDNameNode@@0@Z 100ac960 f   LIBCMTD:undname.obj
 0002:0006e9b0       ??0pcharNode@@QAE@PBDH@Z   100ac9b0 f   LIBCMTD:undname.obj
 0002:0006ea70       ??2@YAPAXIAAV_HeapManager@@H@Z 100aca70 f i LIBCMTD:undname.obj
 0002:0006ea90       ??4DName@@QAEAAV0@ABV0@@Z  100aca90 f   LIBCMTD:undname.obj
 0002:0006eac0       ??4DName@@QAEAAV0@D@Z      100acac0 f i LIBCMTD:undname.obj
 0002:0006ebd0       ??4DName@@QAEAAV0@PAV0@@Z  100acbd0 f   LIBCMTD:undname.obj
 0002:0006ed50       ??4DName@@QAEAAV0@PBD@Z    100acd50 f   LIBCMTD:undname.obj
 0002:0006ee60       ??4DName@@QAEAAV0@W4DNameStatus@@@Z 100ace60 f   LIBCMTD:undname.obj
 0002:0006efa0       ??AReplicator@@QBE?AVDName@@H@Z 100acfa0 f   LIBCMTD:undname.obj
 0002:0006f020       ??BUnDecorator@@QAEPADXZ   100ad020 f i LIBCMTD:undname.obj
 0002:0006f350       ??H@YA?AVDName@@DABV0@@Z   100ad350 f i LIBCMTD:undname.obj
 0002:0006f390       ??H@YA?AVDName@@PBDABV0@@Z 100ad390 f i LIBCMTD:undname.obj
 0002:0006f3d0       ??H@YA?AVDName@@W4DNameStatus@@ABV0@@Z 100ad3d0 f i LIBCMTD:undname.obj
 0002:0006f410       ??HDName@@QBE?AV0@ABV0@@Z  100ad410 f   LIBCMTD:undname.obj
 0002:0006f460       ??HDName@@QBE?AV0@D@Z      100ad460 f   LIBCMTD:undname.obj
 0002:0006f4b0       ??HDName@@QBE?AV0@PAV0@@Z  100ad4b0 f   LIBCMTD:undname.obj
 0002:0006f500       ??HDName@@QBE?AV0@PBD@Z    100ad500 f   LIBCMTD:undname.obj
 0002:0006f550       ??HDName@@QBE?AV0@W4DNameStatus@@@Z 100ad550 f   LIBCMTD:undname.obj
 0002:0006f5a0       ??YDName@@QAEAAV0@ABV0@@Z  100ad5a0 f   LIBCMTD:undname.obj
 0002:0006f620       ??YDName@@QAEAAV0@D@Z      100ad620 f   LIBCMTD:undname.obj
 0002:0006f6c0       ??YDName@@QAEAAV0@PAV0@@Z  100ad6c0 f   LIBCMTD:undname.obj
 0002:0006f7a0       ??YDName@@QAEAAV0@PBD@Z    100ad7a0 f   LIBCMTD:undname.obj
 0002:0006f860       ??YDName@@QAEAAV0@W4DNameStatus@@@Z 100ad860 f   LIBCMTD:undname.obj
 0002:0006f8e0       ??YReplicator@@QAEAAV0@ABVDName@@@Z 100ad8e0 f   LIBCMTD:undname.obj
 0002:0006f990       ??_5DName@@QAEAAV0@ABV0@@Z 100ad990 f   LIBCMTD:undname.obj
 0002:0006fa00       ?Constructor@_HeapManager@@QAEXP6APAXI@ZP6AXPAX@Z@Z 100ada00 f i LIBCMTD:undname.obj
 0002:0006fa50       ?Destructor@_HeapManager@@QAEXXZ 100ada50 f i LIBCMTD:undname.obj
 0002:0006fab0       ?UScore@UnDecorator@@SAPBDW4Tokens@@@Z 100adab0 f   LIBCMTD:undname.obj
 0002:0006faf0       ?append@DName@@AAEXPAVDNameNode@@@Z 100adaf0 f   LIBCMTD:undname.obj
 0002:0006fba0       ?composeDeclaration@UnDecorator@@CA?AVDName@@ABV2@@Z 100adba0 f i LIBCMTD:undname.obj
 0002:00071f40       ?dbGetString@DName@@QBEPADXZ 100aff40 f   LIBCMTD:undname.obj
 0002:00071f70       ?doAccessSpecifiers@UnDecorator@@SAHXZ 100aff70 f i LIBCMTD:undname.obj
 0002:00071fa0       ?doAllocationLanguage@UnDecorator@@SAHXZ 100affa0 f i LIBCMTD:undname.obj
 0002:00071fd0       ?doAllocationModel@UnDecorator@@SAHXZ 100affd0 f i LIBCMTD:undname.obj
 0002:00072000       ?doEcsu@UnDecorator@@SAHXZ 100b0000 f i LIBCMTD:undname.obj
 0002:00072030       ?doEllipsis@UnDecorator@@SAHXZ 100b0030 f i LIBCMTD:undname.obj
 0002:00072060       ?doFunctionReturns@UnDecorator@@SAHXZ 100b0060 f i LIBCMTD:undname.obj
 0002:00072090       ?doMSKeywords@UnDecorator@@SAHXZ 100b0090 f i LIBCMTD:undname.obj
 0002:000720c0       ?doMemberTypes@UnDecorator@@SAHXZ 100b00c0 f i LIBCMTD:undname.obj
 0002:000720f0       ?doNameOnly@UnDecorator@@SAHXZ 100b00f0 f i LIBCMTD:undname.obj
 0002:00072110       ?doNoIdentCharCheck@UnDecorator@@SAHXZ 100b0110 f i LIBCMTD:undname.obj
 0002:00072130       ?doPchar@DName@@AAEXPBDH@Z 100b0130 f   LIBCMTD:undname.obj
 0002:000722c0       ?doPtr64@UnDecorator@@SAHXZ 100b02c0 f i LIBCMTD:undname.obj
 0002:000722f0       ?doRestrictionSpec@UnDecorator@@SAHXZ 100b02f0 f i LIBCMTD:undname.obj
 0002:00072320       ?doThisTypes@UnDecorator@@SAHXZ 100b0320 f i LIBCMTD:undname.obj
 0002:00072360       ?doThrowTypes@UnDecorator@@SAHXZ 100b0360 f i LIBCMTD:undname.obj
[...]
 0003:00017efc       ??_R2DNameNode@@8          100d2efc     LIBCMTD:undname.obj
 0003:00017f04       ??_R1A@?0A@EA@DNameNode@@8 100d2f04     LIBCMTD:undname.obj
 0003:00017f28       ??_R4charNode@@6B@         100d2f28     LIBCMTD:undname.obj
 0003:00017f40       ??_R3charNode@@8           100d2f40     LIBCMTD:undname.obj
 0003:00017f54       ??_R2charNode@@8           100d2f54     LIBCMTD:undname.obj
 0003:00017f60       ??_R1A@?0A@EA@charNode@@8  100d2f60     LIBCMTD:undname.obj
 0003:00017f84       ??_R4pcharNode@@6B@        100d2f84     LIBCMTD:undname.obj
 0003:00017f9c       ??_R3pcharNode@@8          100d2f9c     LIBCMTD:undname.obj
 0003:00017fb0       ??_R2pcharNode@@8          100d2fb0     LIBCMTD:undname.obj
 0003:00017fbc       ??_R1A@?0A@EA@pcharNode@@8 100d2fbc     LIBCMTD:undname.obj
 0003:00017fe0       ??_R4pDNameNode@@6B@       100d2fe0     LIBCMTD:undname.obj
 0003:00017ff8       ??_R3pDNameNode@@8         100d2ff8     LIBCMTD:undname.obj
 0003:0001800c       ??_R2pDNameNode@@8         100d300c     LIBCMTD:undname.obj
 0003:00018018       ??_R1A@?0A@EA@pDNameNode@@8 100d3018     LIBCMTD:undname.obj
 0003:0001803c       ??_R4DNameStatusNode@@6B@  100d303c     LIBCMTD:undname.obj
 0003:00018054       ??_R3DNameStatusNode@@8    100d3054     LIBCMTD:undname.obj
 0003:00018068       ??_R2DNameStatusNode@@8    100d3068     LIBCMTD:undname.obj
 0003:00018074       ??_R1A@?0A@EA@DNameStatusNode@@8 100d3074     LIBCMTD:undname.obj
 0003:00018098       ??_R4pairNode@@6B@         100d3098     LIBCMTD:undname.obj
 0003:000180b0       ??_R3pairNode@@8           100d30b0     LIBCMTD:undname.obj
 0003:000180c4       ??_R2pairNode@@8           100d30c4     LIBCMTD:undname.obj
 0003:000180d0       ??_R1A@?0A@EA@pairNode@@8  100d30d0     LIBCMTD:undname.obj
 0003:00018210       ___rtc_iaa                 100d3210     LIBCMTD:initsect.obj
 0003:00018314       ___rtc_izz                 100d3314     LIBCMTD:initsect.obj
 0003:00018418       ___rtc_taa                 100d3418     LIBCMTD:initsect.obj
 0003:0001851c       ___rtc_tzz                 100d351c     LIBCMTD:initsect.obj
 0003:000190f0       __TI2?AVbad_exception@std@@ 100d40f0     LIBCMTD:frame.obj
 0003:00019104       __CTA2?AVbad_exception@std@@ 100d4104     LIBCMTD:frame.obj
 0003:00019114       __CT??_R0?AVbad_exception@std@@@8??0bad_exception@std@@QAE@ABV01@@Z12 100d4114     LIBCMTD:frame.obj
 0003:00019134       __CT??_R0?AVexception@std@@@8??0exception@std@@QAE@ABV01@@Z12 100d4134     LIBCMTD:frame.obj
 0004:00000210       ___isa_enabled             100d6210     LIBCMTD:cpu_disp.obj
 0004:00000218       ___nullstring              100d6218     LIBCMTD:output.obj
 0004:0000021c       ___wnullstring             100d621c     LIBCMTD:output.obj
 0004:0000022c       ___ptmbcinfo               100d622c     LIBCMTD:mbctype.obj
 0004:00000320       __mbctype                  100d6320     LIBCMTD:mbctype.obj
 0004:00000428       __mbcasemap                100d6428     LIBCMTD:mbctype.obj
 0004:00000528       ___initialmbcinfo          100d6528     LIBCMTD:mbctype.obj
 0004:00000850       ___flsindex                100d6850     LIBCMTD:tidtable.obj
 0004:00000854       ___wclocalestr             100d6854     LIBCMTD:nlsdata.obj
 0004:00000858       ___lc_time_c               100d6858     LIBCMTD:nlsdata.obj
 0004:00000a04       ___ptlocinfo               100d6a04     LIBCMTD:nlsdata.obj
 0004:00000a08       ___initiallocinfo          100d6a08     LIBCMTD:nlsdata.obj
 0004:00000ae4       ___initiallocalestructinfo 100d6ae4     LIBCMTD:nlsdata.obj
 0004:00000af0       ___mb_cur_max              100d6af0     LIBCMTD:nlsdata.obj
 0004:00000af4       ___globallocalestatus      100d6af4     LIBCMTD:glstatus.obj
 0004:00000b00       __crtDbgFlag               100d6b00     LIBCMTD:dbgheap.obj
 0004:00000b04       __crtBreakAlloc            100d6b04     LIBCMTD:dbgheap.obj
 0004:00000b08       ___crtDebugFillThreshold   100d6b08     LIBCMTD:dbgheap.obj
 0004:00000b10       ___security_cookie         100d6b10     LIBCMTD:gs_cookie.obj
 0004:00000b14       ___security_cookie_complement 100d6b14     LIBCMTD:gs_cookie.obj
 0004:00000b18       ___badioinfo               100d6b18     LIBCMTD:ioinit.obj
 0004:00000b68       __lookuptrailbytes         100d6b68     LIBCMTD:read.obj
 0004:00000ca0       __sys_nerr                 100d6ca0     LIBCMTD:syserr.obj
 0004:00000ca8       __iob                      100d6ca8     LIBCMTD:_file.obj
 0004:00000fb0       __pfnAllocHook             100d6fb0     LIBCMTD:dbghook.obj
 0004:00001114       __CrtDbgMode               100d7114     LIBCMTD:dbgrptt.obj
 0004:00001120       __CrtDbgFile               100d7120     LIBCMTD:dbgrptt.obj
 0004:0000112c       __crtAssertBusy            100d712c     LIBCMTD:dbgrptt.obj
 0004:00001140       __cfltcvt_tab              100d7140     LIBCMTD:cmiscdat.obj
 0004:00001170       ___lconv                   100d7170     LIBCMTD:lconv.obj
 0004:00001174       ___lconv_static_decimal    100d7174     LIBCMTD:lconv.obj
 0004:00001178       ___lconv_c                 100d7178     LIBCMTD:lconv.obj
 0004:000011c8       ___lconv_static_W_decimal  100d71c8     LIBCMTD:lconv.obj
 0004:000011e0       __pctype                   100d71e0     LIBCMTD:ctype.obj
 0004:000011e4       __pwctype                  100d71e4     LIBCMTD:ctype.obj
 0004:000011f0       __NLG_Destination          100d71f0     LIBCMTD:exsup.obj
 0004:00001210       ??_R0?AVbad_exception@std@@@8 100d7210     LIBCMTD:frame.obj
 0004:00001238       ??_R0?AVexception@std@@@8  100d7238     LIBCMTD:frame.obj
 0004:0000125c       __confh                    100d725c     LIBCMTD:initcon.obj
 0004:00001260       ___abort_behavior          100d7260     LIBCMTD:abort.obj
 0004:00001270       ??_R0?AVtype_info@@@8      100d7270     LIBCMTD:typinfo.obj
 0004:0000128c       ??_R0?AVbad_cast@std@@@8   100d728c     LIBCMTD:stdexcpt.obj
 0004:000012ac       ??_R0?AVbad_typeid@std@@@8 100d72ac     LIBCMTD:stdexcpt.obj
 0004:000012d0       ??_R0?AV__non_rtti_object@std@@@8 100d72d0     LIBCMTD:stdexcpt.obj
 0004:00001300       ??_R0?AVDNameNode@@@8      100d7300     LIBCMTD:undname.obj
 0004:0000131c       ??_R0?AVcharNode@@@8       100d731c     LIBCMTD:undname.obj
 0004:00001338       ??_R0?AVpcharNode@@@8      100d7338     LIBCMTD:undname.obj
 0004:00001354       ??_R0?AVpDNameNode@@@8     100d7354     LIBCMTD:undname.obj
 0004:00001374       ??_R0?AVDNameStatusNode@@@8 100d7374     LIBCMTD:undname.obj
 0004:00001398       ??_R0?AVpairNode@@@8       100d7398     LIBCMTD:undname.obj
 0004:00001504       __aenvptr                  100d7504     LIBCMTD:dllcrt0.obj
 0004:00001508       __wenvptr                  100d7508     LIBCMTD:dllcrt0.obj
 0004:00001514       ___isa_available           100d7514     LIBCMTD:cpu_disp.obj
 0004:00001518       ___favor                   100d7518     LIBCMTD:cpu_disp.obj
 0004:00001520       ___pInvalidArgHandler      100d7520     LIBCMTD:invarg.obj
 0004:00001524       ___mblocalename            100d7524     LIBCMTD:mbctype.obj
 0004:00001528       ___mbcodepage              100d7528     LIBCMTD:mbctype.obj
 0004:0000152c       ___ismbcodepage            100d752c     LIBCMTD:mbctype.obj
 0004:00001530       ___mbulinfo                100d7530     LIBCMTD:mbctype.obj
 0004:00001548       ___crtDebugCheckCount      100d7548     LIBCMTD:dbgheap.obj
 0004:00001550       ?_pfnDumpClient@@3P6AXPAXI@ZA 100d7550     LIBCMTD:dbgheap.obj
 0004:00001574       __newmode                  100d7574     LIBCMTD:_newmode.obj
 0004:00001578       ___pioinfo                 100d7578     LIBCMTD:ioinit.obj
 0004:000016ac       __umaskval                 100d76ac     LIBCMTD:crt0dat.obj
 0004:000016b0       __exitflag                 100d76b0     LIBCMTD:crt0dat.obj
 0004:000016b4       __C_Termination_Done       100d76b4     LIBCMTD:crt0dat.obj
 0004:000016b8       ___winitenv                100d76b8     LIBCMTD:crt0dat.obj
 0004:000016bc       ___initenv                 100d76bc     LIBCMTD:crt0dat.obj
 0004:000016c0       __C_Exit_Done              100d76c0     LIBCMTD:crt0dat.obj
 0004:000016c8       ___argc                    100d76c8     LIBCMTD:crt0dat.obj
 0004:000016cc       ___argv                    100d76cc     LIBCMTD:crt0dat.obj
 0004:000016d0       ___wargv                   100d76d0     LIBCMTD:crt0dat.obj
 0004:000016d4       __environ                  100d76d4     LIBCMTD:crt0dat.obj
 0004:000016d8       __wenviron                 100d76d8     LIBCMTD:crt0dat.obj
 0004:000016dc       __pgmptr                   100d76dc     LIBCMTD:crt0dat.obj
 0004:000016e0       __wpgmptr                  100d76e0     LIBCMTD:crt0dat.obj
 0004:000016f0       __cflush                   100d76f0     LIBCMTD:_file.obj
 0004:000016f4       __crtheap                  100d76f4     LIBCMTD:heapinit.obj
 0004:00001ddc       ___lconv_static_null       100d7ddc     LIBCMTD:lconv.obj
 0004:00001de0       ___lconv_static_W_null     100d7de0     LIBCMTD:lconv.obj
 0004:00001de4       ?_pnhHeap@@3P6AHI@ZA       100d7de4     LIBCMTD:handler.obj
 0004:00001de8       ___app_type                100d7de8     LIBCMTD:crt0msg.obj
 0004:00002554       __fmode                    100d8554     LIBCMTD:txtmode.obj
 0004:00002558       ?__pInconsistency@@3P6AXXZA 100d8558     LIBCMTD:hooks.obj
 0004:0000255c       ___pPurecall               100d855c     LIBCMTD:inithelp.obj
 0004:00002564       __stdbuf                   100d8564     LIBCMTD:_sftbuf.obj
 0004:00002570       __commode                  100d8570     LIBCMTD:ncommode.obj
 0004:00002574       ___locale_changed          100d8574     LIBCMTD:wsetloca.obj
 0004:0000257c       ___error_mode              100d857c     LIBCMTD:errmode.obj
 0004:0000258c       ?pArgList@UnDecorator@@0PAVReplicator@@A 100d858c     LIBCMTD:undname.obj
 0004:00002590       ?pZNameList@UnDecorator@@0PAVReplicator@@A 100d8590     LIBCMTD:undname.obj
 0004:00002594       ?pTemplateArgList@UnDecorator@@0PAVReplicator@@A 100d8594     LIBCMTD:undname.obj
 0004:00002598       ?gName@UnDecorator@@0PBDB  100d8598     LIBCMTD:undname.obj
 0004:0000259c       ?name@UnDecorator@@0PBDB   100d859c     LIBCMTD:undname.obj
 0004:000025a0       ?outputString@UnDecorator@@0PADA 100d85a0     LIBCMTD:undname.obj
 0004:000025a4       ?maxStringLength@UnDecorator@@0HA 100d85a4     LIBCMTD:undname.obj
 0004:000025a8       ?disableFlags@UnDecorator@@0KA 100d85a8     LIBCMTD:undname.obj
 0004:000025ac       ?fExplicitTemplateParams@UnDecorator@@0_NA 100d85ac     LIBCMTD:undname.obj
 0004:000025ad       ?fGetTemplateArgumentList@UnDecorator@@0_NA 100d85ad     LIBCMTD:undname.obj
 0004:000025b0       ?m_pGetParameter@UnDecorator@@0P6APADJ@ZA 100d85b0     LIBCMTD:undname.obj
 0004:00002638       ?nodes@?1??make@DNameStatusNode@@SAPAV2@W4DNameStatus@@@Z@4PAV2@A 100d8638     LIBCMTD:undname.obj
 0004:00002674       ??_B?1??make@DNameStatusNode@@SAPAV1@W4DNameStatus@@@Z@51 100d8674     LIBCMTD:undname.obj
 0004:00002678       ___unguarded_readlc_active 100d8678     <common>
 0004:00002688       ___setlc_active            100d8688     <common>
 0004:0000268c       __pReportHookListW         100d868c     <common>
 0004:0000269c       __pReportHookList          100d869c     <common>
 0004:000026a0       __pfnReportHook            100d86a0     <common>
 0004:000026a4       __debugger_hook_dummy      100d86a4     <common>
 0004:000026b0       ___piob                    100d86b0     <common>
 0004:000029f0       __nstream                  100d89f0     <common>
 0004:00002a00       __bufin                    100d8a00     <common>
 0004:00003a00       ___dyn_tls_init_callback   100d9a00     <common>
 0004:00003a10       ___onexitend               100d9a10     <common>
 0004:00003a14       ___onexitbegin             100d9a14     <common>
 0004:00003a18       __FPinit                   100d9a18     <common>
 0004:00003a1c       ___mbctype_initialized     100d9a1c     <common>
 0004:00003a20       ___env_initialized         100d9a20     <common>
 0004:00003a40       _encodedKERNEL32Functions  100d9a40     <common>
 0004:00003ad4       __nhandle                  100d9ad4     <common>
 0004:00003ae0       __acmdln                   100d9ae0     <common>
 0005:00000000       __IMPORT_DESCRIPTOR_KERNEL32 100da000     kernel32:KERNEL32.dll
 0005:00000014       __NULL_IMPORT_DESCRIPTOR   100da014     kernel32:KERNEL32.dll
 0005:000001f8       __imp__CreateFileA@28      100da1f8     kernel32:KERNEL32.dll
 0005:000001fc       __imp__CreateFileW@28      100da1fc     kernel32:KERNEL32.dll
 0005:00000200       __imp__ReadFile@20         100da200     kernel32:KERNEL32.dll
 0005:00000204       __imp__SetFilePointer@16   100da204     kernel32:KERNEL32.dll
 0005:00000208       __imp__WriteFile@20        100da208     kernel32:KERNEL32.dll
 0005:0000020c       __imp__CloseHandle@4       100da20c     kernel32:KERNEL32.dll
 0005:00000210       __imp__GetLastError@0      100da210     kernel32:KERNEL32.dll
 0005:00000214       __imp__WideCharToMultiByte@32 100da214     kernel32:KERNEL32.dll
 0005:00000218       __imp__SetFilePointerEx@20 100da218     kernel32:KERNEL32.dll
 0005:0000021c       __imp__GetFileType@4       100da21c     kernel32:KERNEL32.dll
 0005:00000220       __imp__GetModuleHandleW@4  100da220     kernel32:KERNEL32.dll
 0005:00000224       __imp__GetProcAddress@8    100da224     kernel32:KERNEL32.dll
 0005:00000228       __imp__GetSystemTimeAsFileTime@4 100da228     kernel32:KERNEL32.dll
 0005:0000022c       __imp__GetCommandLineA@0   100da22c     kernel32:KERNEL32.dll
 0005:00000230       __imp__GetCurrentThreadId@0 100da230     kernel32:KERNEL32.dll
 0005:00000234       __imp__IsProcessorFeaturePresent@4 100da234     kernel32:KERNEL32.dll
 0005:00000238       __imp__IsDebuggerPresent@0 100da238     kernel32:KERNEL32.dll
 0005:0000023c       __imp__EncodePointer@4     100da23c     kernel32:KERNEL32.dll
 0005:00000240       __imp__DecodePointer@4     100da240     kernel32:KERNEL32.dll
 0005:00000244       __imp__GetModuleFileNameW@12 100da244     kernel32:KERNEL32.dll
 0005:00000248       __imp__GetModuleHandleExW@12 100da248     kernel32:KERNEL32.dll
 0005:0000024c       __imp__InterlockedIncrement@4 100da24c     kernel32:KERNEL32.dll
 0005:00000250       __imp__InterlockedDecrement@4 100da250     kernel32:KERNEL32.dll
 0005:00000254       __imp__IsValidCodePage@4   100da254     kernel32:KERNEL32.dll
 0005:00000258       __imp__GetACP@0            100da258     kernel32:KERNEL32.dll
 0005:0000025c       __imp__GetOEMCP@0          100da25c     kernel32:KERNEL32.dll
 0005:00000260       __imp__GetCPInfo@8         100da260     kernel32:KERNEL32.dll
 0005:00000264       __imp__SetLastError@4      100da264     kernel32:KERNEL32.dll
 0005:00000268       __imp__GetCurrentThread@0  100da268     kernel32:KERNEL32.dll
 0005:0000026c       __imp__HeapValidate@12     100da26c     kernel32:KERNEL32.dll
 0005:00000270       __imp__GetSystemInfo@4     100da270     kernel32:KERNEL32.dll
 0005:00000274       __imp__SetStdHandle@8      100da274     kernel32:KERNEL32.dll
 0005:00000278       __imp__EnterCriticalSection@4 100da278     kernel32:KERNEL32.dll
 0005:0000027c       __imp__LeaveCriticalSection@4 100da27c     kernel32:KERNEL32.dll
 0005:00000280       __imp__InitializeCriticalSectionAndSpinCount@8 100da280     kernel32:KERNEL32.dll
 0005:00000284       __imp__GetStdHandle@4      100da284     kernel32:KERNEL32.dll
 0005:00000288       __imp__DeleteCriticalSection@4 100da288     kernel32:KERNEL32.dll
 0005:0000028c       __imp__GetStartupInfoW@4   100da28c     kernel32:KERNEL32.dll
 0005:00000290       __imp__GetConsoleCP@0      100da290     kernel32:KERNEL32.dll
 0005:00000294       __imp__GetConsoleMode@8    100da294     kernel32:KERNEL32.dll
 0005:00000298       __imp__SetEndOfFile@4      100da298     kernel32:KERNEL32.dll
 0005:0000029c       __imp__HeapAlloc@12        100da29c     kernel32:KERNEL32.dll
 0005:000002a0       __imp__HeapFree@12         100da2a0     kernel32:KERNEL32.dll
 0005:000002a4       __imp__GetProcessHeap@0    100da2a4     kernel32:KERNEL32.dll
 0005:000002a8       __imp__MultiByteToWideChar@24 100da2a8     kernel32:KERNEL32.dll
 0005:000002ac       __imp__ReadConsoleW@20     100da2ac     kernel32:KERNEL32.dll
 0005:000002b0       __imp__InterlockedExchange@8 100da2b0     kernel32:KERNEL32.dll
 0005:000002b4       __imp__UnhandledExceptionFilter@4 100da2b4     kernel32:KERNEL32.dll
 0005:000002b8       __imp__SetUnhandledExceptionFilter@4 100da2b8     kernel32:KERNEL32.dll
 0005:000002bc       __imp__GetCurrentProcess@0 100da2bc     kernel32:KERNEL32.dll
 0005:000002c0       __imp__TerminateProcess@8  100da2c0     kernel32:KERNEL32.dll
 0005:000002c4       __imp__TlsAlloc@0          100da2c4     kernel32:KERNEL32.dll
 0005:000002c8       __imp__TlsGetValue@4       100da2c8     kernel32:KERNEL32.dll
 0005:000002cc       __imp__TlsSetValue@8       100da2cc     kernel32:KERNEL32.dll
 0005:000002d0       __imp__TlsFree@4           100da2d0     kernel32:KERNEL32.dll
 0005:000002d4       __imp__CreateSemaphoreW@16 100da2d4     kernel32:KERNEL32.dll
 0005:000002d8       __imp__ExitProcess@4       100da2d8     kernel32:KERNEL32.dll
 0005:000002dc       __imp__AreFileApisANSI@0   100da2dc     kernel32:KERNEL32.dll
 0005:000002e0       __imp__RtlUnwind@16        100da2e0     kernel32:KERNEL32.dll
 0005:000002e4       __imp__GetModuleFileNameA@12 100da2e4     kernel32:KERNEL32.dll
 0005:000002e8       __imp__QueryPerformanceCounter@4 100da2e8     kernel32:KERNEL32.dll
 0005:000002ec       __imp__GetCurrentProcessId@0 100da2ec     kernel32:KERNEL32.dll
 0005:000002f0       __imp__GetEnvironmentStringsW@0 100da2f0     kernel32:KERNEL32.dll
 0005:000002f4       __imp__FreeEnvironmentStringsW@4 100da2f4     kernel32:KERNEL32.dll
 0005:000002f8       __imp__FatalAppExitA@8     100da2f8     kernel32:KERNEL32.dll
 0005:000002fc       __imp__SetConsoleCtrlHandler@8 100da2fc     kernel32:KERNEL32.dll
 0005:00000300       __imp__OutputDebugStringW@4 100da300     kernel32:KERNEL32.dll
 0005:00000304       __imp__WaitForSingleObjectEx@12 100da304     kernel32:KERNEL32.dll
 0005:00000308       __imp__CreateThread@24     100da308     kernel32:KERNEL32.dll
 0005:0000030c       __imp__LoadLibraryExW@12   100da30c     kernel32:KERNEL32.dll
 0005:00000310       __imp__LoadLibraryW@4      100da310     kernel32:KERNEL32.dll
 0005:00000314       __imp__OutputDebugStringA@4 100da314     kernel32:KERNEL32.dll
 0005:00000318       __imp__WriteConsoleW@20    100da318     kernel32:KERNEL32.dll
 0005:0000031c       __imp__GetStringTypeW@16   100da31c     kernel32:KERNEL32.dll
 0005:00000320       __imp__HeapReAlloc@16      100da320     kernel32:KERNEL32.dll
 0005:00000324       __imp__HeapSize@12         100da324     kernel32:KERNEL32.dll
 0005:00000328       __imp__HeapQueryInformation@20 100da328     kernel32:KERNEL32.dll
 0005:0000032c       __imp__FreeLibrary@4       100da32c     kernel32:KERNEL32.dll
 0005:00000330       __imp__FlushFileBuffers@4  100da330     kernel32:KERNEL32.dll
 0005:00000334       __imp__GetDateFormatW@24   100da334     kernel32:KERNEL32.dll
 0005:00000338       __imp__GetTimeFormatW@24   100da338     kernel32:KERNEL32.dll
 0005:0000033c       __imp__CompareStringW@24   100da33c     kernel32:KERNEL32.dll
 0005:00000340       __imp__LCMapStringW@24     100da340     kernel32:KERNEL32.dll
 0005:00000344       __imp__GetLocaleInfoW@16   100da344     kernel32:KERNEL32.dll
 0005:00000348       __imp__IsValidLocale@8     100da348     kernel32:KERNEL32.dll
 0005:0000034c       __imp__GetUserDefaultLCID@0 100da34c     kernel32:KERNEL32.dll
 0005:00000350       __imp__EnumSystemLocalesW@8 100da350     kernel32:KERNEL32.dll
 0005:00000354       __imp__RaiseException@16   100da354     kernel32:KERNEL32.dll
 0005:00000358       \177KERNEL32_NULL_THUNK_DATA 100da358     kernel32:KERNEL32.dll

 entry point at        0002:00000c26

