 zlibwapi

 Timestamp is 58a596ad (Thu Feb 16 13:10:21 2017)

 Preferred load address is 10000000

 Start         Length     Name                   Class
 0001:00000000 000192eaH .text                   CODE
 0002:00000000 00000118H .idata$5                DATA
 0002:00000118 00000004H .CRT$XCA                DATA
 0002:0000011c 00000004H .CRT$XCZ                DATA
 0002:00000120 00000004H .CRT$XIA                DATA
 0002:00000124 00000010H .CRT$XIC                DATA
 0002:00000134 00000004H .CRT$XIZ                DATA
 0002:00000138 00000004H .CRT$XPA                DATA
 0002:0000013c 00000008H .CRT$XPX                DATA
 0002:00000144 00000004H .CRT$XPXA               DATA
 0002:00000148 00000004H .CRT$XPZ                DATA
 0002:0000014c 00000004H .CRT$XTA                DATA
 0002:00000150 00000004H .CRT$XTZ                DATA
 0002:00000158 00008210H .rdata                  DATA
 0002:00008368 00000004H .rtc$IAA                DATA
 0002:0000836c 00000004H .rtc$IZZ                DATA
 0002:00008370 00000004H .rtc$TAA                DATA
 0002:00008374 00000004H .rtc$TZZ                DATA
 0002:00008378 0000045cH .xdata$x                DATA
 0002:000087d4 00000014H .idata$2                DATA
 0002:000087e8 00000014H .idata$3                DATA
 0002:000087fc 00000118H .idata$4                DATA
 0002:00008914 00000500H .idata$6                DATA
 0002:00008e20 00000c11H .edata                  DATA
 0003:00000000 00000ed0H .data                   DATA
 0003:00000ee0 00001e40H .bss                    DATA
 0004:00000000 00000058H .rsrc$01                DATA
 0004:00000060 00000330H .rsrc$02                DATA

  Address         Publics by Value              Rva+Base       Lib:Object

 0000:00000000       __except_list              00000000     <absolute>
 0000:00000000       ___safe_se_handler_table   00000000     <absolute>
 0000:00000000       ___safe_se_handler_count   00000000     <absolute>
 0000:00000000       ___ImageBase               10000000     <linker-defined>
 0001:00000000       _adler32@12                10001000 f   adler32.obj
 0001:00000340       _adler32_combine@12        10001340 f   adler32.obj
 0001:00000360       _compress2@20              10001360 f   compress.obj
 0001:00000410       _compress@16               10001410 f   compress.obj
 0001:00000430       _compressBound@4           10001430 f   compress.obj
 0001:00000450       _get_crc_table@0           10001450 f   crc32.obj
 0001:00000460       _crc32@12                  10001460 f   crc32.obj
 0001:000008a0       _crc32_combine@12          100018a0 f   crc32.obj
 0001:000008c0       _deflateInit_@16           100018c0 f   deflate.obj
 0001:000008e0       _deflateInit2_@32          100018e0 f   deflate.obj
 0001:00000b10       _deflateSetDictionary@12   10001b10 f   deflate.obj
 0001:00000cb0       _deflateResetKeep@4        10001cb0 f   deflate.obj
 0001:00000d60       _deflateReset@4            10001d60 f   deflate.obj
 0001:00000d90       _deflateSetHeader@8        10001d90 f   deflate.obj
 0001:00000dc0       _deflatePending@12         10001dc0 f   deflate.obj
 0001:00000e00       _deflatePrime@12           10001e00 f   deflate.obj
 0001:00000e90       _deflateParams@12          10001e90 f   deflate.obj
 0001:00000f80       _deflateTune@20            10001f80 f   deflate.obj
 0001:00000fd0       _deflateBound@8            10001fd0 f   deflate.obj
 0001:00001140       _deflate@8                 10002140 f   deflate.obj
 0001:000019b0       _deflateEnd@4              100029b0 f   deflate.obj
 0001:00001a90       _deflateCopy@8             10002a90 f   deflate.obj
 0001:00002bd0       _gzclose@4                 10003bd0 f   gzclose.obj
 0001:00002f50       _gzopen@8                  10003f50 f   gzlib.obj
 0001:00002f70       _gzdopen@8                 10003f70 f   gzlib.obj
 0001:00002fc0       _gzopen_w@8                10003fc0 f   gzlib.obj
 0001:00002fe0       _gzbuffer@8                10003fe0 f   gzlib.obj
 0001:00003020       _gzrewind@4                10004020 f   gzlib.obj
 0001:00003080       _gzseek64@16               10004080 f   gzlib.obj
 0001:00003210       _gzseek@12                 10004210 f   gzlib.obj
 0001:00003250       _gztell64@4                10004250 f   gzlib.obj
 0001:000032b0       _gztell@4                  100042b0 f   gzlib.obj
 0001:000032e0       _gzoffset64@4              100042e0 f   gzlib.obj
 0001:00003330       _gzoffset@4                10004330 f   gzlib.obj
 0001:00003360       _gzeof@4                   10004360 f   gzlib.obj
 0001:000033a0       _gzerror@8                 100043a0 f   gzlib.obj
 0001:000033e0       _gzclearerr@4              100043e0 f   gzlib.obj
 0001:00003420       _gz_error                  10004420 f   gzlib.obj
 0001:000039a0       _gzread@12                 100049a0 f   gzread.obj
 0001:00003af0       _gzgetc@4                  10004af0 f   gzread.obj
 0001:00003b50       _gzgetc_@4                 10004b50 f   gzread.obj
 0001:00003b60       _gzungetc@8                10004b60 f   gzread.obj
 0001:00003c40       _gzgets@12                 10004c40 f   gzread.obj
 0001:00003d50       _gzdirect@4                10004d50 f   gzread.obj
 0001:00003d90       _gzclose_r@4               10004d90 f   gzread.obj
 0001:00004100       _gzwrite@12                10005100 f   gzwrite.obj
 0001:00004220       _gzputc@8                  10005220 f   gzwrite.obj
 0001:000042c0       _gzputs@8                  100052c0 f   gzwrite.obj
 0001:00004300       _gzprintf                  10005300 f   gzwrite.obj
 0001:000043c0       _gzflush@8                 100053c0 f   gzwrite.obj
 0001:00004430       _gzsetparams@12            10005430 f   gzwrite.obj
 0001:000044e0       _gzclose_w@4               100054e0 f   gzwrite.obj
 0001:000045a0       _inflateBackInit_@20       100055a0 f   infback.obj
 0001:000046a0       _inflateBack@20            100056a0 f   infback.obj
 0001:00005490       _inflateBackEnd@4          10006490 f   infback.obj
 0001:000054d0       _inflateResetKeep@4        100064d0 f   inflate.obj
 0001:00005580       _inflateReset@4            10006580 f   inflate.obj
 0001:000055c0       _inflateReset2@8           100065c0 f   inflate.obj
 0001:00005650       _inflateInit2_@16          10006650 f   inflate.obj
 0001:00005710       _inflateInit_@12           10006710 f   inflate.obj
 0001:00005730       _inflatePrime@12           10006730 f   inflate.obj
 0001:000058c0       _inflate@8                 100068c0 f   inflate.obj
 0001:00006f20       _inflateEnd@4              10007f20 f   inflate.obj
 0001:00006f70       _inflateSetDictionary@12   10007f70 f   inflate.obj
 0001:00007020       _inflateGetHeader@8        10008020 f   inflate.obj
 0001:000070e0       _inflateSync@4             100080e0 f   inflate.obj
 0001:000071d0       _inflateSyncPoint@4        100081d0 f   inflate.obj
 0001:00007210       _inflateCopy@8             10008210 f   inflate.obj
 0001:00007370       _inflateUndermine@8        10008370 f   inflate.obj
 0001:000073a0       _inflateMark@4             100083a0 f   inflate.obj
 0001:00007410       _inflate_table             10008410 f   inftrees.obj
 0001:000077e0       _call_zopen64              100087e0 f   ioapi.obj
 0001:00007800       _call_zseek64              10008800 f   ioapi.obj
 0001:00007860       _call_ztell64              10008860 f   ioapi.obj
 0001:00007890       _fill_zlib_filefunc64_32_def_from_filefunc32 10008890 f   ioapi.obj
 0001:000079f0       _fill_fopen64_filefunc     100089f0 f   ioapi.obj
 0001:00007ae0       _win32_open64_file_func    10008ae0 f   iowin32.obj
 0001:00007ae0       _win32_open64_file_funcA   10008ae0 f   iowin32.obj
 0001:00007ae0       _win32_open_file_func      10008ae0 f   iowin32.obj
 0001:00007b40       _win32_open64_file_funcW   10008b40 f   iowin32.obj
 0001:00007ba0       _win32_read_file_func      10008ba0 f   iowin32.obj
 0001:00007bf0       _win32_write_file_func     10008bf0 f   iowin32.obj
 0001:00007c40       _win32_tell_file_func      10008c40 f   iowin32.obj
 0001:00007c80       _win32_tell64_file_func    10008c80 f   iowin32.obj
 0001:00007cf0       _win32_seek_file_func      10008cf0 f   iowin32.obj
 0001:00007d60       _win32_seek64_file_func    10008d60 f   iowin32.obj
 0001:00007dd0       _win32_close_file_func     10008dd0 f   iowin32.obj
 0001:00007e00       _win32_error_file_func     10008e00 f   iowin32.obj
 0001:00007e20       _fill_win32_filefunc       10008e20 f   iowin32.obj
 0001:00007e60       _fill_win32_filefunc64     10008e60 f   iowin32.obj
 0001:00007e60       _fill_win32_filefunc64A    10008e60 f   iowin32.obj
 0001:00007ea0       _fill_win32_filefunc64W    10008ea0 f   iowin32.obj
 0001:00007ee0       __tr_init                  10008ee0 f   trees.obj
 0001:00008e60       __tr_stored_block          10009e60 f   trees.obj
 0001:00008ef0       __tr_flush_bits            10009ef0 f   trees.obj
 0001:00008f00       __tr_align                 10009f00 f   trees.obj
 0001:00008ff0       __tr_flush_block           10009ff0 f   trees.obj
 0001:000097c0       _uncompress@16             1000a7c0 f   uncompr.obj
 0001:00009ba0       _unzStringFileNameCompare@12 1000aba0 f   unzip.obj
 0001:0000a460       _unzOpen2@8                1000b460 f   unzip.obj
 0001:0000a4b0       _unzOpen2_64@8             1000b4b0 f   unzip.obj
 0001:0000a530       _unzOpen@4                 1000b530 f   unzip.obj
 0001:0000a550       _unzOpen64@4               1000b550 f   unzip.obj
 0001:0000a570       _unzClose@4                1000b570 f   unzip.obj
 0001:0000a5b0       _unzGetGlobalInfo64@8      1000b5b0 f   unzip.obj
 0001:0000a5e0       _unzGetGlobalInfo@8        1000b5e0 f   unzip.obj
 0001:0000abc0       _unzGetCurrentFileInfo64@32 1000bbc0 f   unzip.obj
 0001:0000abf0       _unzGetCurrentFileInfo@32  1000bbf0 f   unzip.obj
 0001:0000acc0       _unzGoToFirstFile@4        1000bcc0 f   unzip.obj
 0001:0000ad30       _unzGoToNextFile@4         1000bd30 f   unzip.obj
 0001:0000ade0       _unzLocateFile@12          1000bde0 f   unzip.obj
 0001:0000af20       _unzGetFilePos64@8         1000bf20 f   unzip.obj
 0001:0000af70       _unzGetFilePos@8           1000bf70 f   unzip.obj
 0001:0000afa0       _unzGoToFilePos64@8        1000bfa0 f   unzip.obj
 0001:0000b010       _unzGoToFilePos@8          1000c010 f   unzip.obj
 0001:0000b2b0       _unzOpenCurrentFile3@20    1000c2b0 f   unzip.obj
 0001:0000b540       _unzOpenCurrentFile@4      1000c540 f   unzip.obj
 0001:0000b560       _unzOpenCurrentFilePassword@8 1000c560 f   unzip.obj
 0001:0000b580       _unzOpenCurrentFile2@16    1000c580 f   unzip.obj
 0001:0000b5a0       _unzGetCurrentFileZStreamPos64@4 1000c5a0 f   unzip.obj
 0001:0000b5e0       _unzReadCurrentFile@12     1000c5e0 f   unzip.obj
 0001:0000b8a0       _unztell@4                 1000c8a0 f   unzip.obj
 0001:0000b8d0       _unztell64@4               1000c8d0 f   unzip.obj
 0001:0000b900       _unzeof@4                  1000c900 f   unzip.obj
 0001:0000b940       _unzGetLocalExtrafield@12  1000c940 f   unzip.obj
 0001:0000ba10       _unzCloseCurrentFile@4     1000ca10 f   unzip.obj
 0001:0000bab0       _unzGetGlobalComment@12    1000cab0 f   unzip.obj
 0001:0000c490       _LoadCentralDirectoryRecord 1000d490 f   zip.obj
 0001:0000c930       _zipOpen3@16               1000d930 f   zip.obj
 0001:0000cac0       _zipOpen2@16               1000dac0 f   zip.obj
 0001:0000cb10       _zipOpen2_64@16            1000db10 f   zip.obj
 0001:0000cb90       _zipOpen64@8               1000db90 f   zip.obj
 0001:0000cb90       _zipOpen@8                 1000db90 f   zip.obj
 0001:0000cbb0       _Write_LocalFileHeader     1000dbb0 f   zip.obj
 0001:0000cdc0       _zipOpenNewFileInZip4_64@76 1000ddc0 f   zip.obj
 0001:0000d2a0       _zipOpenNewFileInZip3@64   1000e2a0 f   zip.obj
 0001:0000d2f0       _zipOpenNewFileInZip3_64@68 1000e2f0 f   zip.obj
 0001:0000d340       _zipOpenNewFileInZip2@44   1000e340 f   zip.obj
 0001:0000d380       _zipOpenNewFileInZip2_64@48 1000e380 f   zip.obj
 0001:0000d3c0       _zipOpenNewFileInZip64@44  1000e3c0 f   zip.obj
 0001:0000d400       _zipOpenNewFileInZip@40    1000e400 f   zip.obj
 0001:0000d500       _zipWriteInFileInZip@12    1000e500 f   zip.obj
 0001:0000d600       _zipCloseFileInZipRaw@12   1000e600 f   zip.obj
 0001:0000d620       _zipCloseFileInZipRaw64@16 1000e620 f   zip.obj
 0001:0000db10       _zipCloseFileInZip@4       1000eb10 f   zip.obj
 0001:0000db30       _Write_Zip64EndOfCentralDirectoryLocator 1000eb30 f   zip.obj
 0001:0000dbb0       _Write_Zip64EndOfCentralDirectoryRecord 1000ebb0 f   zip.obj
 0001:0000dcd0       _Write_EndOfCentralDirectoryRecord 1000ecd0 f   zip.obj
 0001:0000de10       _Write_GlobalComment       1000ee10 f   zip.obj
 0001:0000de80       _zipClose@8                1000ee80 f   zip.obj
 0001:0000e010       _zlibVersion@0             1000f010 f   zutil.obj
 0001:0000e020       _zlibCompileFlags@0        1000f020 f   zutil.obj
 0001:0000e030       _zError@4                  1000f030 f   zutil.obj
 0001:0000e050       _zcalloc                   1000f050 f   zutil.obj
 0001:0000e070       _zcfree                    1000f070 f   zutil.obj
 0001:0000e080       _longest_match             1000f080 f   match686.obj
 0001:0000e268       _match_init                1000f268 f   match686.obj
 0001:0000e370       _inflate_fast              1000f370 f   inffas32.obj
 0001:0000ea03       _sprintf                   1000fa03 f   LIBCMT:sprintf.obj
 0001:0000ea85       __lseeki64                 1000fa85 f   LIBCMT:lseeki64.obj
 0001:0000eb81       __lseeki64_nolock          1000fb81 f   LIBCMT:lseeki64.obj
 0001:0000ec83       __wopen                    1000fc83 f   LIBCMT:wopen.obj
 0001:0000ed30       __wsopen_nolock            1000fd30 f   LIBCMT:wopen.obj
 0001:0000f481       _free                      10010481 f   LIBCMT:free.obj
 0001:0000f4b9       _malloc                    100104b9 f   LIBCMT:malloc.obj
 0001:0000f54b       ??0_LocaleUpdate@@QAE@PAUlocaleinfo_struct@@@Z 1001054b f i LIBCMT:wcstombs.obj
 0001:0000f5d3       __wcstombs_l_helper        100105d3 f   LIBCMT:wcstombs.obj
 0001:0000f838       _wcstombs                  10010838 f   LIBCMT:wcstombs.obj
 0001:0000f850       __get_sys_err_msg          10010850 f i LIBCMT:strerror.obj
 0001:0000f876       _strerror                  10010876 f   LIBCMT:strerror.obj
 0001:0000f8e0       _memchr                    100108e0 f   LIBCMT:memchr.obj
 0001:0000f98d       ___doserrno                1001098d f   LIBCMT:dosmap.obj
 0001:0000f9a0       __dosmaperr                100109a0 f   LIBCMT:dosmap.obj
 0001:0000f9c1       __errno                    100109c1 f   LIBCMT:dosmap.obj
 0001:0000f9d4       __get_errno_from_oserr     100109d4 f   LIBCMT:dosmap.obj
 0001:0000fa15       __ftelli64                 10010a15 f   LIBCMT:ftelli64.obj
 0001:0000fa89       __ftelli64_nolock          10010a89 f   LIBCMT:ftelli64.obj
 0001:0000fe34       __fseeki64                 10010e34 f   LIBCMT:fseeki64.obj
 0001:0000feb6       __fseeki64_nolock          10010eb6 f   LIBCMT:fseeki64.obj
 0001:0000ff67       __fsopen                   10010f67 f   LIBCMT:fopen.obj
 0001:0001002b       _fopen                     1001102b f   LIBCMT:fopen.obj
 0001:00010040       __fread_nolock_s           10011040 f   LIBCMT:fread.obj
 0001:00010203       _fread                     10011203 f   LIBCMT:fread.obj
 0001:0001021e       _fread_s                   1001121e f   LIBCMT:fread.obj
 0001:000102af       _ferror                    100112af f   LIBCMT:feoferr.obj
 0001:000102d5       __fwrite_nolock            100112d5 f   LIBCMT:fwrite.obj
 0001:0001042c       _fwrite                    1001142c f   LIBCMT:fwrite.obj
 0001:000104aa       __fclose_nolock            100114aa f   LIBCMT:fclose.obj
 0001:00010516       _fclose                    10011516 f   LIBCMT:fclose.obj
 0001:0001058d       _rand                      1001158d f   LIBCMT:rand.obj
 0001:000105b0       _srand                     100115b0 f   LIBCMT:rand.obj
 0001:000105c0       __time64                   100115c0 f   LIBCMT:time64.obj
 0001:0001060f       __CRT_INIT@12              1001160f f   LIBCMT:dllcrt0.obj
 0001:00010781       __DllMainCRTStartup@12     10011781 f   LIBCMT:dllcrt0.obj
 0001:000108b2       ___DllXcptFilter           100118b2 f   LIBCMT:dllcrt0.obj
 0001:000108d7       __call_reportfault         100118d7 f   LIBCMT:invarg.obj
 0001:000109fa       __initp_misc_invarg        100119fa f   LIBCMT:invarg.obj
 0001:00010a07       __invalid_parameter        10011a07 f   LIBCMT:invarg.obj
 0001:00010a32       __invalid_parameter_noinfo 10011a32 f   LIBCMT:invarg.obj
 0001:00010a42       __invoke_watson            10011a42 f   LIBCMT:invarg.obj
 0001:00010a6d       __flsbuf                   10011a6d f   LIBCMT:_flsbuf.obj
 0001:00010bba       __output_l                 10011bba f   LIBCMT:output.obj
 0001:0001182c       ___lock_fhandle            1001282c f   LIBCMT:osfinfo.obj
 0001:000118b8       __alloc_osfhnd             100128b8 f   LIBCMT:osfinfo.obj
 0001:00011a5d       __free_osfhnd              10012a5d f   LIBCMT:osfinfo.obj
 0001:00011ae3       __get_osfhandle            10012ae3 f   LIBCMT:osfinfo.obj
 0001:00011b4a       __set_osfhnd               10012b4a f   LIBCMT:osfinfo.obj
 0001:00011bcc       __unlock_fhandle           10012bcc f   LIBCMT:osfinfo.obj
 0001:00011c00       __SEH_prolog4              10012c00 f   LIBCMT:sehprolg4.obj
 0001:00011c45       __SEH_epilog4              10012c45 f   LIBCMT:sehprolg4.obj
 0001:00011c60       __except_handler4          10012c60 f   LIBCMT:chandler4.obj
 0001:00011df5       __ioinit                   10012df5 f   LIBCMT:ioinit.obj
 0001:000120a3       __ioterm                   100130a3 f   LIBCMT:ioinit.obj
 0001:000120f5       __write                    100130f5 f   LIBCMT:write.obj
 0001:000120f5       _write                     100130f5 f   LIBCMT:write.obj
 0001:000121d7       __write_nolock             100131d7 f   LIBCMT:write.obj
 0001:00012a01       __chsize_nolock            10013a01 f   LIBCMT:chsize.obj
 0001:00012bb5       __close                    10013bb5 f   LIBCMT:close.obj
 0001:00012bb5       _close                     10013bb5 f   LIBCMT:close.obj
 0001:00012c7f       __close_nolock             10013c7f f   LIBCMT:close.obj
 0001:00012d19       _read                      10013d19 f   LIBCMT:read.obj
 0001:00012d19       __read                     10013d19 f   LIBCMT:read.obj
 0001:00012e21       __read_nolock              10013e21 f   LIBCMT:read.obj
 0001:000135b0       __get_fmode                100145b0 f   LIBCMT:setmode.obj
 0001:000135da       __setmode_nolock           100145da f   LIBCMT:setmode.obj
 0001:000136a7       ___crtFlsAlloc             100146a7 f   LIBCMT:winapisupp.obj
 0001:000136c5       ___crtFlsFree              100146c5 f   LIBCMT:winapisupp.obj
 0001:000136e4       ___crtFlsGetValue          100146e4 f   LIBCMT:winapisupp.obj
 0001:00013703       ___crtFlsSetValue          10014703 f   LIBCMT:winapisupp.obj
 0001:00013725       ___crtIsPackagedApp        10014725 f   LIBCMT:winapisupp.obj
 0001:00013763       ___crtLoadWinApiPointers   10014763 f   LIBCMT:winapisupp.obj
 0001:000139a2       ___crtTerminateProcess     100149a2 f   LIBCMT:winapisupp.obj
 0001:000139b7       ___crtUnhandledException   100149b7 f   LIBCMT:winapisupp.obj
 0001:000139cd       ___copy_path_to_wide_string 100149cd f   LIBCMT:crt0dat.obj
 0001:00013a7d       ___crtCorExitProcess       10014a7d f   LIBCMT:crt0dat.obj
 0001:00013aaf       ___crtExitProcess          10014aaf f   LIBCMT:crt0dat.obj
 0001:00013ac5       ___freeCrtMemory           10014ac5 f   LIBCMT:crt0dat.obj
 0001:00013bd5       __amsg_exit                10014bd5 f   LIBCMT:crt0dat.obj
 0001:00013bf1       __cexit                    10014bf1 f   LIBCMT:crt0dat.obj
 0001:00013c00       __cinit                    10014c00 f   LIBCMT:crt0dat.obj
 0001:00013c91       __exit                     10014c91 f   LIBCMT:crt0dat.obj
 0001:00013ca5       __init_pointers            10014ca5 f   LIBCMT:crt0dat.obj
 0001:00013cf9       __initterm_e               10014cf9 f   LIBCMT:crt0dat.obj
 0001:00013d1b       __lockexit                 10014d1b f   LIBCMT:crt0dat.obj
 0001:00013d24       __unlockexit               10014d24 f   LIBCMT:crt0dat.obj
 0001:00013e5c       __heap_init                10014e5c f   LIBCMT:heapinit.obj
 0001:00013e71       __heap_term                10014e71 f   LIBCMT:heapinit.obj
 0001:00013e79       __callnewh                 10014e79 f   LIBCMT:handler.obj
 0001:00013e9f       __initp_heap_handler       10014e9f f   LIBCMT:handler.obj
 0001:00013eac       __FF_MSGBANNER             10014eac f   LIBCMT:crt0msg.obj
 0001:00013ee5       __GET_RTERRMSG             10014ee5 f   LIBCMT:crt0msg.obj
 0001:00013f09       __NMSG_WRITE               10014f09 f   LIBCMT:crt0msg.obj
 0001:000140c4       ___addlocaleref            100150c4 f   LIBCMT:localref.obj
 0001:00014154       ___freetlocinfo            10015154 f   LIBCMT:localref.obj
 0001:000142ae       ___removelocaleref         100152ae f   LIBCMT:localref.obj
 0001:00014349       ___updatetlocinfo          10015349 f   LIBCMT:localref.obj
 0001:000143c5       __updatetlocinfoEx_nolock  100153c5 f   LIBCMT:localref.obj
 0001:00014410       ___initmbctable            10015410 f   LIBCMT:mbctype.obj
 0001:000146cb       ___updatetmbcinfo          100156cb f   LIBCMT:mbctype.obj
 0001:00014770       __setmbcp                  10015770 f   LIBCMT:mbctype.obj
 0001:0001491e       __setmbcp_nolock           1001591e f   LIBCMT:mbctype.obj
 0001:00014b13       __freefls@4                10015b13 f   LIBCMT:tidtable.obj
 0001:00014c4a       __freeptd                  10015c4a f   LIBCMT:tidtable.obj
 0001:00014c80       __getptd                   10015c80 f   LIBCMT:tidtable.obj
 0001:00014c98       __getptd_noexit            10015c98 f   LIBCMT:tidtable.obj
 0001:00014d07       __initptd                  10015d07 f   LIBCMT:tidtable.obj
 0001:00014dba       __mtinit                   10015dba f   LIBCMT:tidtable.obj
 0001:00014e30       __mtterm                   10015e30 f   LIBCMT:tidtable.obj
 0001:00014e4d       @__security_check_cookie@4 10015e4d f   LIBCMT:secchk.obj
 0001:00014e5c       ___sys_errlist             10015e5c f   LIBCMT:syserr.obj
 0001:00014e62       ___sys_nerr                10015e62 f   LIBCMT:syserr.obj
 0001:00014e68       _strcpy_s                  10015e68 f   LIBCMT:strcpy_s.obj
 0001:00014ebd       __calloc_crt               10015ebd f   LIBCMT:crtheap.obj
 0001:00014f07       __malloc_crt               10015f07 f   LIBCMT:crtheap.obj
 0001:00014f50       __realloc_crt              10015f50 f   LIBCMT:crtheap.obj
 0001:00014f9c       _vsnprintf                 10015f9c f   LIBCMT:vsnprint.obj
 0001:00014f9c       __vsnprintf                10015f9c f   LIBCMT:vsnprint.obj
 0001:00014fb7       __vsnprintf_l              10015fb7 f   LIBCMT:vsnprint.obj
 0001:00015061       __fileno                   10016061 f   LIBCMT:fileno.obj
 0001:00015085       ___initstdio               10016085 f   LIBCMT:_file.obj
 0001:000150f8       ___endstdio                100160f8 f   LIBCMT:_file.obj
 0001:0001511f       ___iob_func                1001611f f   LIBCMT:_file.obj
 0001:00015125       __lock_file                10016125 f   LIBCMT:_file.obj
 0001:00015164       __lock_file2               10016164 f   LIBCMT:_file.obj
 0001:00015194       __unlock_file              10016194 f   LIBCMT:_file.obj
 0001:000151ce       __unlock_file2             100161ce f   LIBCMT:_file.obj
 0001:00015200       __alloca_probe             10016200     LIBCMT:chkstk.obj
 0001:00015200       __chkstk                   10016200 f   LIBCMT:chkstk.obj
 0001:0001522b       __fflush_nolock            1001622b f   LIBCMT:fflush.obj
 0001:00015271       __flush                    10016271 f   LIBCMT:fflush.obj
 0001:000152d5       __flushall                 100162d5 f   LIBCMT:fflush.obj
 0001:000153c2       __getstream                100163c2 f   LIBCMT:stream.obj
 0001:000154da       __openfile                 100164da f   LIBCMT:_open.obj
 0001:00015760       __local_unwind4            10016760 f   LIBCMT:exsup4.obj
 0001:00015836       __seh_longjmp_unwind4@4    10016836 f   LIBCMT:exsup4.obj
 0001:00015852       @_EH4_CallFilterFunc@8     10016852 f   LIBCMT:exsup4.obj
 0001:00015869       @_EH4_TransferToHandler@8  10016869 f   LIBCMT:exsup4.obj
 0001:00015882       @_EH4_GlobalUnwind2@8      10016882 f   LIBCMT:exsup4.obj
 0001:0001589b       @_EH4_LocalUnwind@16       1001689b f   LIBCMT:exsup4.obj
 0001:000158b2       __filbuf                   100168b2 f   LIBCMT:_filbuf.obj
 0001:000159d3       _memcpy_s                  100169d3 f   LIBCMT:memcpy_s.obj
 0001:00015a60       _memset                    10016a60 f   LIBCMT:memset.obj
 0001:00015af0       _memcpy                    10016af0 f   LIBCMT:memcpy.obj
 0001:00016134       __freebuf                  10017134 f   LIBCMT:_freebuf.obj
 0001:00016170       __aulldiv                  10017170 f   LIBCMT:ulldiv.obj
 0001:000161d8       __XcptFilter               100171d8 f   LIBCMT:winxfltr.obj
 0001:00016333       ___CppXcptFilter           10017333 f   LIBCMT:winxfltr.obj
 0001:00016351       __setargv                  10017351 f   LIBCMT:stdargv.obj
 0001:0001657e       __setenvp                  1001757e f   LIBCMT:stdenvp.obj
 0001:0001665f       ___security_init_cookie    1001765f f   LIBCMT:gs_support.obj
 0001:000166f9       _DllMain@12                100176f9 f   LIBCMT:dllmain.obj
 0001:000166ff       ___crtGetEnvironmentStringsA 100176ff f   LIBCMT:a_env.obj
 0001:0001678a       __RTC_Initialize           1001778a f   LIBCMT:initsect.obj
 0001:000167aa       __RTC_Terminate            100177aa f   LIBCMT:initsect.obj
 0001:000167ca       __crt_debugger_hook        100177ca f   LIBCMT:dbghook.obj
 0001:000167d2       __isatty                   100177d2 f   LIBCMT:isatty.obj
 0001:00016826       __getbuf                   10017826 f   LIBCMT:_getbuf.obj
 0001:0001686c       __isleadbyte_l             1001786c f i LIBCMT:_wctype.obj
 0001:000168a2       _isleadbyte                100178a2 f i LIBCMT:_wctype.obj
 0001:000168c0       _strlen                    100178c0 f   LIBCMT:strlen.obj
 0001:0001694b       __get_printf_count_output  1001794b f   LIBCMT:printf.obj
 0001:00016960       __wctomb_s_l               10017960 f   LIBCMT:wctomb.obj
 0001:00016a82       _wctomb_s                  10017a82 f   LIBCMT:wctomb.obj
 0001:00016aa0       __aulldvrm                 10017aa0 f   LIBCMT:ulldvrm.obj
 0001:00016b35       __initp_misc_cfltcvt_tab   10017b35 f   LIBCMT:cmiscdat.obj
 0001:00016b54       __lock                     10017b54 f   LIBCMT:mlock.obj
 0001:00016b88       __mtdeletelocks            10017b88 f   LIBCMT:mlock.obj
 0001:00016bdc       __mtinitlocknum            10017bdc f   LIBCMT:mlock.obj
 0001:00016c83       __mtinitlocks              10017c83 f   LIBCMT:mlock.obj
 0001:00016cb8       __unlock                   10017cb8 f   LIBCMT:mlock.obj
 0001:00016cd0       __FindPESection            10017cd0 f   LIBCMT:pesect.obj
 0001:00016d20       __IsNonwritableInCurrentImage 10017d20 f   LIBCMT:pesect.obj
 0001:00016de0       __ValidateImageBase        10017de0 f   LIBCMT:pesect.obj
 0001:00016e11       __mbtowc_l                 10017e11 f   LIBCMT:mbtowc.obj
 0001:00016f04       _mbtowc                    10017f04 f   LIBCMT:mbtowc.obj
 0001:00016f1c       __putwch_nolock            10017f1c f   LIBCMT:putwch.obj
 0001:00016f5d       ___onexitinit              10017f5d f   LIBCMT:onexit.obj
 0001:00016f8c       __onexit                   10017f8c f   LIBCMT:onexit.obj
 0001:00017082       _atexit                    10018082 f   LIBCMT:onexit.obj
 0001:00017097       ?terminate@@YAXXZ          10018097 f   LIBCMT:hooks.obj
 0001:000170cb       __initp_eh_hooks           100180cb f   LIBCMT:hooks.obj
 0001:000170dc       __initp_misc_purevirt      100180dc f   LIBCMT:inithelp.obj
 0001:000170e9       __initp_misc_rand_s        100180e9 f   LIBCMT:rand_s.obj
 0001:000170f6       ___get_sigabrt             100180f6 f   LIBCMT:winsig.obj
 0001:00017103       __initp_misc_winsig        10018103 f   LIBCMT:winsig.obj
 0001:0001711f       _raise                     1001811f f   LIBCMT:winsig.obj
 0001:00017310       _wcscat_s                  10018310 f   LIBCMT:wcscat_s.obj
 0001:0001737c       _wcscpy_s                  1001837c f   LIBCMT:wcscpy_s.obj
 0001:000173d8       _wcslen                    100183d8 f   LIBCMT:wcslen.obj
 0001:000173f1       _wcsncpy_s                 100183f1 f   LIBCMT:wcsncpy_s.obj
 0001:000174af       __set_error_mode           100184af f   LIBCMT:errmode.obj
 0001:000174ef       ___crtMessageBoxW          100184ef f   LIBCMT:crtmboxw.obj
 0001:000176d1       ___free_lconv_mon          100186d1 f   LIBCMT:initmon.obj
 0001:000177cd       ___free_lconv_num          100187cd f   LIBCMT:initnum.obj
 0001:00017834       ___free_lc_time            10018834 f   LIBCMT:inittime.obj
 0001:00017d9d       ___crtLCMapStringA         10018d9d f   LIBCMT:a_map.obj
 0001:00017de1       __freea                    10018de1 f i LIBCMT:a_map.obj
 0001:00017eeb       ___crtGetStringTypeA       10018eeb f   LIBCMT:a_str.obj
 0001:00017f29       ___raise_securityfailure   10018f29 f   LIBCMT:gs_report.obj
 0001:00017f66       ___report_gsfailure        10018f66 f   LIBCMT:gs_report.obj
 0001:0001805f       _realloc                   1001905f f   LIBCMT:realloc.obj
 0001:0001810a       __calloc_impl              1001910a f   LIBCMT:calloc_impl.obj
 0001:00018184       __fcloseall                10019184 f   LIBCMT:closeall.obj
 0001:00018221       __commit                   10019221 f   LIBCMT:commit.obj
 0001:00018307       __open                     10019307 f   LIBCMT:open.obj
 0001:00018307       _open                      10019307 f   LIBCMT:open.obj
 0001:000183b4       __sopen_helper             100193b4 f   LIBCMT:open.obj
 0001:0001847b       __sopen_nolock             1001947b f   LIBCMT:open.obj
 0001:000184c7       __sopen_s                  100194c7 f   LIBCMT:open.obj
 0001:000184e5       __mbsnbcmp                 100194e5 f   LIBCMT:mbsnbcmp.obj
 0001:000184fd       __mbsnbcmp_l               100194fd f   LIBCMT:mbsnbcmp.obj
 0001:00018612       __mbsnbicmp                10019612 f   LIBCMT:mbsnbicm.obj
 0001:0001862a       __mbsnbicmp_l              1001962a f   LIBCMT:mbsnbicm.obj
 0001:000187f0       __global_unwind2           100197f0 f   LIBCMT:exsup.obj
 0001:00018855       __local_unwind2            10019855 f   LIBCMT:exsup.obj
 0001:000188d9       __abnormal_termination     100198d9 f   LIBCMT:exsup.obj
 0001:000188fc       __NLG_Notify1              100198fc f   LIBCMT:exsup.obj
 0001:00018905       __NLG_Notify               10019905 f   LIBCMT:exsup.obj
 0001:0001891c       __NLG_Dispatch2            1001991c     LIBCMT:exsup.obj
 0001:0001891c       __NLG_Dispatch             1001991c     LIBCMT:exsup.obj
 0001:00018924       __NLG_Call                 10019924 f   LIBCMT:exsup.obj
 0001:00018926       __NLG_Return2              10019926     LIBCMT:exsup.obj
 0001:00018927       __VEC_memset               10019927 f   LIBCMT:p4_memset.obj
 0001:000189ef       ___isa_available_init      100199ef f   LIBCMT:cpu_disp.obj
 0001:00018b7e       __ismbblead                10019b7e f   LIBCMT:ismbbyte.obj
 0001:00018b94       __fptrap                   10019b94 f   LIBCMT:crt0fp.obj
 0001:00018b9d       ___termconout              10019b9d f   LIBCMT:initcon.obj
 0001:00018bb4       ___initconout              10019bb4 f   LIBCMT:initcon.obj
 0001:00018bd3       __msize                    10019bd3 f   LIBCMT:msize.obj
 0001:00018c04       _abort                     10019c04 f   LIBCMT:abort.obj
 0001:00018c47       _GetTableIndexFromLocaleName 10019c47 f   LIBCMT:winapinls.obj
 0001:00018c95       ___crtDownlevelLocaleNameToLCID 10019c95 f   LIBCMT:winapinls.obj
 0001:00018cbf       ___crtLCMapStringEx        10019cbf f   LIBCMT:winapinls.obj
 0001:00018d0b       ___wcsnicmp_ascii          10019d0b f   LIBCMT:winapinls.obj
 0001:00018d79       __locterm                  10019d79 f   LIBCMT:wsetloca.obj
 0001:00018dd0       __alloca_probe_16          10019dd0 f   LIBCMT:alloca16.obj
 0001:00018de6       __alloca_probe_8           10019de6     LIBCMT:alloca16.obj
 0001:00018e00       _strncmp                   10019e00 f   LIBCMT:strncmp.obj
 0001:00018e78       __strnicmp                 10019e78 f   LIBCMT:strnicmp.obj
 0001:00018ee3       __strnicmp_l               10019ee3 f   LIBCMT:strnicmp.obj
 0001:00018f92       __isctype_l                10019f92 f   LIBCMT:isctype.obj
 0001:00019050       ___ascii_strnicmp          1001a050 f   LIBCMT:_strnicm.obj
 0001:000190b1       __tolower_l                1001a0b1 f   LIBCMT:tolower.obj
 0001:00019200       __allmul                   1001a200 f   LIBCMT:llmul.obj
 0001:00019234       _IsProcessorFeaturePresent@4 1001a234 f   kernel32:KERNEL32.dll
 0001:0001923a       _RtlUnwind@16              1001a23a f   kernel32:KERNEL32.dll
 0001:00019240       __alldiv                   1001a240 f   LIBCMT:lldiv.obj
 0002:00000000       __imp__CreateFileA@28      1001b000     kernel32:KERNEL32.dll
 0002:00000004       __imp__SetFilePointer@16   1001b004     kernel32:KERNEL32.dll
 0002:00000008       __imp__WriteFile@20        1001b008     kernel32:KERNEL32.dll
 0002:0000000c       __imp__ReadFile@20         1001b00c     kernel32:KERNEL32.dll
 0002:00000010       __imp__CreateFileW@28      1001b010     kernel32:KERNEL32.dll
 0002:00000014       __imp__GetLastError@0      1001b014     kernel32:KERNEL32.dll
 0002:00000018       __imp__CloseHandle@4       1001b018     kernel32:KERNEL32.dll
 0002:0000001c       __imp__SetFilePointerEx@20 1001b01c     kernel32:KERNEL32.dll
 0002:00000020       __imp__GetFileType@4       1001b020     kernel32:KERNEL32.dll
 0002:00000024       __imp__GetModuleHandleW@4  1001b024     kernel32:KERNEL32.dll
 0002:00000028       __imp__GetProcAddress@8    1001b028     kernel32:KERNEL32.dll
 0002:0000002c       __imp__HeapFree@12         1001b02c     kernel32:KERNEL32.dll
 0002:00000030       __imp__HeapAlloc@12        1001b030     kernel32:KERNEL32.dll
 0002:00000034       __imp__WideCharToMultiByte@32 1001b034     kernel32:KERNEL32.dll
 0002:00000038       __imp__GetSystemTimeAsFileTime@4 1001b038     kernel32:KERNEL32.dll
 0002:0000003c       __imp__GetCommandLineA@0   1001b03c     kernel32:KERNEL32.dll
 0002:00000040       __imp__GetCurrentThreadId@0 1001b040     kernel32:KERNEL32.dll
 0002:00000044       __imp__IsDebuggerPresent@0 1001b044     kernel32:KERNEL32.dll
 0002:00000048       __imp__EncodePointer@4     1001b048     kernel32:KERNEL32.dll
 0002:0000004c       __imp__DecodePointer@4     1001b04c     kernel32:KERNEL32.dll
 0002:00000050       __imp__IsProcessorFeaturePresent@4 1001b050     kernel32:KERNEL32.dll
 0002:00000054       __imp__SetStdHandle@8      1001b054     kernel32:KERNEL32.dll
 0002:00000058       __imp__EnterCriticalSection@4 1001b058     kernel32:KERNEL32.dll
 0002:0000005c       __imp__LeaveCriticalSection@4 1001b05c     kernel32:KERNEL32.dll
 0002:00000060       __imp__InitializeCriticalSectionAndSpinCount@8 1001b060     kernel32:KERNEL32.dll
 0002:00000064       __imp__GetStdHandle@4      1001b064     kernel32:KERNEL32.dll
 0002:00000068       __imp__DeleteCriticalSection@4 1001b068     kernel32:KERNEL32.dll
 0002:0000006c       __imp__GetStartupInfoW@4   1001b06c     kernel32:KERNEL32.dll
 0002:00000070       __imp__GetConsoleCP@0      1001b070     kernel32:KERNEL32.dll
 0002:00000074       __imp__GetConsoleMode@8    1001b074     kernel32:KERNEL32.dll
 0002:00000078       __imp__SetEndOfFile@4      1001b078     kernel32:KERNEL32.dll
 0002:0000007c       __imp__GetProcessHeap@0    1001b07c     kernel32:KERNEL32.dll
 0002:00000080       __imp__MultiByteToWideChar@24 1001b080     kernel32:KERNEL32.dll
 0002:00000084       __imp__ReadConsoleW@20     1001b084     kernel32:KERNEL32.dll
 0002:00000088       __imp__UnhandledExceptionFilter@4 1001b088     kernel32:KERNEL32.dll
 0002:0000008c       __imp__SetUnhandledExceptionFilter@4 1001b08c     kernel32:KERNEL32.dll
 0002:00000090       __imp__SetLastError@4      1001b090     kernel32:KERNEL32.dll
 0002:00000094       __imp__GetCurrentProcess@0 1001b094     kernel32:KERNEL32.dll
 0002:00000098       __imp__TerminateProcess@8  1001b098     kernel32:KERNEL32.dll
 0002:0000009c       __imp__TlsAlloc@0          1001b09c     kernel32:KERNEL32.dll
 0002:000000a0       __imp__TlsGetValue@4       1001b0a0     kernel32:KERNEL32.dll
 0002:000000a4       __imp__TlsSetValue@8       1001b0a4     kernel32:KERNEL32.dll
 0002:000000a8       __imp__TlsFree@4           1001b0a8     kernel32:KERNEL32.dll
 0002:000000ac       __imp__InterlockedDecrement@4 1001b0ac     kernel32:KERNEL32.dll
 0002:000000b0       __imp__ExitProcess@4       1001b0b0     kernel32:KERNEL32.dll
 0002:000000b4       __imp__GetModuleHandleExW@12 1001b0b4     kernel32:KERNEL32.dll
 0002:000000b8       __imp__AreFileApisANSI@0   1001b0b8     kernel32:KERNEL32.dll
 0002:000000bc       __imp__GetModuleFileNameW@12 1001b0bc     kernel32:KERNEL32.dll
 0002:000000c0       __imp__InterlockedIncrement@4 1001b0c0     kernel32:KERNEL32.dll
 0002:000000c4       __imp__IsValidCodePage@4   1001b0c4     kernel32:KERNEL32.dll
 0002:000000c8       __imp__GetACP@0            1001b0c8     kernel32:KERNEL32.dll
 0002:000000cc       __imp__GetOEMCP@0          1001b0cc     kernel32:KERNEL32.dll
 0002:000000d0       __imp__GetCPInfo@8         1001b0d0     kernel32:KERNEL32.dll
 0002:000000d4       __imp__Sleep@4             1001b0d4     kernel32:KERNEL32.dll
 0002:000000d8       __imp__RtlUnwind@16        1001b0d8     kernel32:KERNEL32.dll
 0002:000000dc       __imp__GetModuleFileNameA@12 1001b0dc     kernel32:KERNEL32.dll
 0002:000000e0       __imp__QueryPerformanceCounter@4 1001b0e0     kernel32:KERNEL32.dll
 0002:000000e4       __imp__GetCurrentProcessId@0 1001b0e4     kernel32:KERNEL32.dll
 0002:000000e8       __imp__GetEnvironmentStringsW@0 1001b0e8     kernel32:KERNEL32.dll
 0002:000000ec       __imp__FreeEnvironmentStringsW@4 1001b0ec     kernel32:KERNEL32.dll
 0002:000000f0       __imp__WriteConsoleW@20    1001b0f0     kernel32:KERNEL32.dll
 0002:000000f4       __imp__LoadLibraryExW@12   1001b0f4     kernel32:KERNEL32.dll
 0002:000000f8       __imp__OutputDebugStringW@4 1001b0f8     kernel32:KERNEL32.dll
 0002:000000fc       __imp__LoadLibraryW@4      1001b0fc     kernel32:KERNEL32.dll
 0002:00000100       __imp__GetStringTypeW@16   1001b100     kernel32:KERNEL32.dll
 0002:00000104       __imp__HeapReAlloc@16      1001b104     kernel32:KERNEL32.dll
 0002:00000108       __imp__FlushFileBuffers@4  1001b108     kernel32:KERNEL32.dll
 0002:0000010c       __imp__HeapSize@12         1001b10c     kernel32:KERNEL32.dll
 0002:00000110       __imp__LCMapStringW@24     1001b110     kernel32:KERNEL32.dll
 0002:00000114       \177KERNEL32_NULL_THUNK_DATA 1001b114     kernel32:KERNEL32.dll
 0002:00000118       ___xc_a                    1001b118     LIBCMT:crt0init.obj
 0002:0000011c       ___xc_z                    1001b11c     LIBCMT:crt0init.obj
 0002:00000120       ___xi_a                    1001b120     LIBCMT:crt0init.obj
 0002:00000134       ___xi_z                    1001b134     LIBCMT:crt0init.obj
 0002:00000138       ___xp_a                    1001b138     LIBCMT:crt0init.obj
 0002:00000148       ___xp_z                    1001b148     LIBCMT:crt0init.obj
 0002:0000014c       ___xt_a                    1001b14c     LIBCMT:crt0init.obj
 0002:00000150       ___xt_z                    1001b150     LIBCMT:crt0init.obj
 0002:00000158       ??_C@_0M@HHGEPIBF@CreateFile2?$AA@ 1001b158     LIBCMT:wopen.obj
 0002:00000164       ??_C@_1BK@MGMFAEKH@?$AAk?$AAe?$AAr?$AAn?$AAe?$AAl?$AA3?$AA2?$AA?4?$AAd?$AAl?$AAl?$AA?$AA@ 1001b164     LIBCMT:wopen.obj
 0002:00000180       ??_C@_0EA@FCLIIPNN@Visual?5C?$CL?$CL?5CRT?3?5Not?5enough?5memor@ 1001b180     LIBCMT:strerror.obj
 0002:000001c0       __pDefaultRawDllMain       1001b1c0     LIBCMT:dllcrt0.obj
 0002:000001c0       __pRawDllMain              1001b1c0     LIBCMT:dllcrt0.obj
 0002:000001c4       ??_C@_06OJHGLDPL@?$CInull?$CJ?$AA@ 1001b1c4     LIBCMT:output.obj
 0002:000001cc       ??_C@_1O@CEDCILHN@?$AA?$CI?$AAn?$AAu?$AAl?$AAl?$AA?$CJ?$AA?$AA@ 1001b1cc     LIBCMT:output.obj
 0002:000001e0       ___lookuptable             1001b1e0     LIBCMT:output.obj
 0002:0000023c       ??_C@_08KNHFBNJ@FlsAlloc?$AA@ 1001b23c     LIBCMT:winapisupp.obj
 0002:00000248       ??_C@_07PEJMOBNF@FlsFree?$AA@ 1001b248     LIBCMT:winapisupp.obj
 0002:00000250       ??_C@_0M@GDNOONDI@FlsGetValue?$AA@ 1001b250     LIBCMT:winapisupp.obj
 0002:0000025c       ??_C@_0M@JCPCPOEF@FlsSetValue?$AA@ 1001b25c     LIBCMT:winapisupp.obj
 0002:00000268       ??_C@_0BM@HCFOFFN@InitializeCriticalSectionEx?$AA@ 1001b268     LIBCMT:winapisupp.obj
 0002:00000284       ??_C@_0BD@KIEEOEEH@CreateSemaphoreExW?$AA@ 1001b284     LIBCMT:winapisupp.obj
 0002:00000298       ??_C@_0BI@BKLFFAPO@SetThreadStackGuarantee?$AA@ 1001b298     LIBCMT:winapisupp.obj
 0002:000002b0       ??_C@_0BG@OGFAJCKC@CreateThreadpoolTimer?$AA@ 1001b2b0     LIBCMT:winapisupp.obj
 0002:000002c8       ??_C@_0BD@LPLEMMDI@SetThreadpoolTimer?$AA@ 1001b2c8     LIBCMT:winapisupp.obj
 0002:000002dc       ??_C@_0CA@FMNJENH@WaitForThreadpoolTimerCallbacks?$AA@ 1001b2dc     LIBCMT:winapisupp.obj
 0002:000002fc       ??_C@_0BF@DCFCCNOC@CloseThreadpoolTimer?$AA@ 1001b2fc     LIBCMT:winapisupp.obj
 0002:00000314       ??_C@_0BF@FLABGKKM@CreateThreadpoolWait?$AA@ 1001b314     LIBCMT:winapisupp.obj
 0002:0000032c       ??_C@_0BC@MGCOHNA@SetThreadpoolWait?$AA@ 1001b32c     LIBCMT:winapisupp.obj
 0002:00000340       ??_C@_0BE@OCIOMIMP@CloseThreadpoolWait?$AA@ 1001b340     LIBCMT:winapisupp.obj
 0002:00000354       ??_C@_0BJ@LKGHFHBO@FlushProcessWriteBuffers?$AA@ 1001b354     LIBCMT:winapisupp.obj
 0002:00000370       ??_C@_0BP@KALKKPMO@FreeLibraryWhenCallbackReturns?$AA@ 1001b370     LIBCMT:winapisupp.obj
 0002:00000390       ??_C@_0BK@DFNBACLA@GetCurrentProcessorNumber?$AA@ 1001b390     LIBCMT:winapisupp.obj
 0002:000003ac       ??_C@_0BP@KHGALBC@GetLogicalProcessorInformation?$AA@ 1001b3ac     LIBCMT:winapisupp.obj
 0002:000003cc       ??_C@_0BE@FKKLLFLM@CreateSymbolicLinkW?$AA@ 1001b3cc     LIBCMT:winapisupp.obj
 0002:000003e0       ??_C@_0BJ@OHNKDLIJ@SetDefaultDllDirectories?$AA@ 1001b3e0     LIBCMT:winapisupp.obj
 0002:000003fc       ??_C@_0BE@LJANKFHF@EnumSystemLocalesEx?$AA@ 1001b3fc     LIBCMT:winapisupp.obj
 0002:00000410       ??_C@_0BA@IHGNDAEB@CompareStringEx?$AA@ 1001b410     LIBCMT:winapisupp.obj
 0002:00000420       ??_C@_0BA@EPCJIIPD@GetDateFormatEx?$AA@ 1001b420     LIBCMT:winapisupp.obj
 0002:00000430       ??_C@_0BA@ONOKGCMP@GetLocaleInfoEx?$AA@ 1001b430     LIBCMT:winapisupp.obj
 0002:00000440       ??_C@_0BA@CIJJKCJJ@GetTimeFormatEx?$AA@ 1001b440     LIBCMT:winapisupp.obj
 0002:00000450       ??_C@_0BJ@PBCCBIPI@GetUserDefaultLocaleName?$AA@ 1001b450     LIBCMT:winapisupp.obj
 0002:0000046c       ??_C@_0BC@CELBKLLA@IsValidLocaleName?$AA@ 1001b46c     LIBCMT:winapisupp.obj
 0002:00000480       ??_C@_0O@KKBNKAPF@LCMapStringEx?$AA@ 1001b480     LIBCMT:winapisupp.obj
 0002:00000490       ??_C@_0BE@JOGNEJCI@GetCurrentPackageId?$AA@ 1001b490     LIBCMT:winapisupp.obj
 0002:000004a4       ??_C@_1BI@BGOHAHKC@?$AAm?$AAs?$AAc?$AAo?$AAr?$AAe?$AAe?$AA?4?$AAd?$AAl?$AAl?$AA?$AA@ 1001b4a4     LIBCMT:crt0dat.obj
 0002:000004bc       ??_C@_0P@MIGLKIOC@CorExitProcess?$AA@ 1001b4bc     LIBCMT:crt0dat.obj
 0002:000004d0       ??_C@_1FE@LLNEDJMD@?$AAR?$AA6?$AA0?$AA0?$AA8?$AA?$AN?$AA?6?$AA?9?$AA?5?$AAn?$AAo?$AAt?$AA?5?$AAe?$AAn?$AAo?$AAu?$AAg?$AAh?$AA?5?$AAs?$AAp?$AAa?$AAc?$AAe?$AA?5?$AAf?$AAo?$AAr?$AA?5?$AAa?$AAr@ 1001b4d0     LIBCMT:crt0msg.obj
 0002:00000528       ??_C@_1FI@HONFMGBI@?$AAR?$AA6?$AA0?$AA0?$AA9?$AA?$AN?$AA?6?$AA?9?$AA?5?$AAn?$AAo?$AAt?$AA?5?$AAe?$AAn?$AAo?$AAu?$AAg?$AAh?$AA?5?$AAs?$AAp?$AAa?$AAc?$AAe?$AA?5?$AAf?$AAo?$AAr?$AA?5?$AAe?$AAn@ 1001b528     LIBCMT:crt0msg.obj
 0002:00000580       ??_C@_1EG@BEHAGFJD@?$AAR?$AA6?$AA0?$AA1?$AA0?$AA?$AN?$AA?6?$AA?9?$AA?5?$AAa?$AAb?$AAo?$AAr?$AAt?$AA?$CI?$AA?$CJ?$AA?5?$AAh?$AAa?$AAs?$AA?5?$AAb?$AAe?$AAe?$AAn?$AA?5?$AAc?$AAa?$AAl?$AAl?$AAe?$AAd@ 1001b580     LIBCMT:crt0msg.obj
 0002:000005c8       ??_C@_1FI@LOGNIKDM@?$AAR?$AA6?$AA0?$AA1?$AA6?$AA?$AN?$AA?6?$AA?9?$AA?5?$AAn?$AAo?$AAt?$AA?5?$AAe?$AAn?$AAo?$AAu?$AAg?$AAh?$AA?5?$AAs?$AAp?$AAa?$AAc?$AAe?$AA?5?$AAf?$AAo?$AAr?$AA?5?$AAt?$AAh@ 1001b5c8     LIBCMT:crt0msg.obj
 0002:00000620       ??_C@_1FK@BEOGODMC@?$AAR?$AA6?$AA0?$AA1?$AA7?$AA?$AN?$AA?6?$AA?9?$AA?5?$AAu?$AAn?$AAe?$AAx?$AAp?$AAe?$AAc?$AAt?$AAe?$AAd?$AA?5?$AAm?$AAu?$AAl?$AAt?$AAi?$AAt?$AAh?$AAr?$AAe?$AAa?$AAd?$AA?5@ 1001b620     LIBCMT:crt0msg.obj
 0002:00000680       ??_C@_1EC@JIBHAOPH@?$AAR?$AA6?$AA0?$AA1?$AA8?$AA?$AN?$AA?6?$AA?9?$AA?5?$AAu?$AAn?$AAe?$AAx?$AAp?$AAe?$AAc?$AAt?$AAe?$AAd?$AA?5?$AAh?$AAe?$AAa?$AAp?$AA?5?$AAe?$AAr?$AAr?$AAo?$AAr?$AA?$AN?$AA?6@ 1001b680     LIBCMT:crt0msg.obj
 0002:000006c8       ??_C@_1FC@ECHBIFBC@?$AAR?$AA6?$AA0?$AA1?$AA9?$AA?$AN?$AA?6?$AA?9?$AA?5?$AAu?$AAn?$AAa?$AAb?$AAl?$AAe?$AA?5?$AAt?$AAo?$AA?5?$AAo?$AAp?$AAe?$AAn?$AA?5?$AAc?$AAo?$AAn?$AAs?$AAo?$AAl?$AAe?$AA?5@ 1001b6c8     LIBCMT:crt0msg.obj
 0002:00000720       ??_C@_1GK@FHCKBEFA@?$AAR?$AA6?$AA0?$AA2?$AA4?$AA?$AN?$AA?6?$AA?9?$AA?5?$AAn?$AAo?$AAt?$AA?5?$AAe?$AAn?$AAo?$AAu?$AAg?$AAh?$AA?5?$AAs?$AAp?$AAa?$AAc?$AAe?$AA?5?$AAf?$AAo?$AAr?$AA?5?$AA_?$AAo@ 1001b720     LIBCMT:crt0msg.obj
 0002:00000790       ??_C@_1EM@MAADIHMB@?$AAR?$AA6?$AA0?$AA2?$AA5?$AA?$AN?$AA?6?$AA?9?$AA?5?$AAp?$AAu?$AAr?$AAe?$AA?5?$AAv?$AAi?$AAr?$AAt?$AAu?$AAa?$AAl?$AA?5?$AAf?$AAu?$AAn?$AAc?$AAt?$AAi?$AAo?$AAn?$AA?5?$AAc@ 1001b790     LIBCMT:crt0msg.obj
 0002:000007e0       ??_C@_1GK@MCAAGJMO@?$AAR?$AA6?$AA0?$AA2?$AA6?$AA?$AN?$AA?6?$AA?9?$AA?5?$AAn?$AAo?$AAt?$AA?5?$AAe?$AAn?$AAo?$AAu?$AAg?$AAh?$AA?5?$AAs?$AAp?$AAa?$AAc?$AAe?$AA?5?$AAf?$AAo?$AAr?$AA?5?$AAs?$AAt@ 1001b7e0     LIBCMT:crt0msg.obj
 0002:00000850       ??_C@_1GK@MFGOKLAG@?$AAR?$AA6?$AA0?$AA2?$AA7?$AA?$AN?$AA?6?$AA?9?$AA?5?$AAn?$AAo?$AAt?$AA?5?$AAe?$AAn?$AAo?$AAu?$AAg?$AAh?$AA?5?$AAs?$AAp?$AAa?$AAc?$AAe?$AA?5?$AAf?$AAo?$AAr?$AA?5?$AAl?$AAo@ 1001b850     LIBCMT:crt0msg.obj
 0002:000008c0       ??_C@_1EK@HHFLMAOL@?$AAR?$AA6?$AA0?$AA2?$AA8?$AA?$AN?$AA?6?$AA?9?$AA?5?$AAu?$AAn?$AAa?$AAb?$AAl?$AAe?$AA?5?$AAt?$AAo?$AA?5?$AAi?$AAn?$AAi?$AAt?$AAi?$AAa?$AAl?$AAi?$AAz?$AAe?$AA?5?$AAh?$AAe@ 1001b8c0     LIBCMT:crt0msg.obj
 0002:0000090c       ??_C@_1DO@BMFCDCD@?$AAR?$AA6?$AA0?$AA3?$AA0?$AA?$AN?$AA?6?$AA?9?$AA?5?$AAC?$AAR?$AAT?$AA?5?$AAn?$AAo?$AAt?$AA?5?$AAi?$AAn?$AAi?$AAt?$AAi?$AAa?$AAl?$AAi?$AAz?$AAe?$AAd?$AA?$AN?$AA?6?$AA?$AA@ 1001b90c     LIBCMT:crt0msg.obj
 0002:00000950       ??_C@_1MG@ENCOOIDF@?$AAR?$AA6?$AA0?$AA3?$AA1?$AA?$AN?$AA?6?$AA?9?$AA?5?$AAA?$AAt?$AAt?$AAe?$AAm?$AAp?$AAt?$AA?5?$AAt?$AAo?$AA?5?$AAi?$AAn?$AAi?$AAt?$AAi?$AAa?$AAl?$AAi?$AAz?$AAe?$AA?5?$AAt@ 1001b950     LIBCMT:crt0msg.obj
 0002:00000a18       ??_C@_1GG@GOPILAJP@?$AAR?$AA6?$AA0?$AA3?$AA2?$AA?$AN?$AA?6?$AA?9?$AA?5?$AAn?$AAo?$AAt?$AA?5?$AAe?$AAn?$AAo?$AAu?$AAg?$AAh?$AA?5?$AAs?$AAp?$AAa?$AAc?$AAe?$AA?5?$AAf?$AAo?$AAr?$AA?5?$AAl?$AAo@ 1001ba18     LIBCMT:crt0msg.obj
 0002:00000a80       ??_C@_1BOO@KGEDBGAJ@?$AAR?$AA6?$AA0?$AA3?$AA3?$AA?$AN?$AA?6?$AA?9?$AA?5?$AAA?$AAt?$AAt?$AAe?$AAm?$AAp?$AAt?$AA?5?$AAt?$AAo?$AA?5?$AAu?$AAs?$AAe?$AA?5?$AAM?$AAS?$AAI?$AAL?$AA?5?$AAc?$AAo?$AAd@ 1001ba80     LIBCMT:crt0msg.obj
 0002:00000c70       ??_C@_1GG@MKFPEKFO@?$AAR?$AA6?$AA0?$AA3?$AA4?$AA?$AN?$AA?6?$AA?9?$AA?5?$AAi?$AAn?$AAc?$AAo?$AAn?$AAs?$AAi?$AAs?$AAt?$AAe?$AAn?$AAt?$AA?5?$AAo?$AAn?$AAe?$AAx?$AAi?$AAt?$AA?5?$AAb?$AAe?$AAg@ 1001bc70     LIBCMT:crt0msg.obj
 0002:00000cd8       ??_C@_1BO@BFCDCGC@?$AAD?$AAO?$AAM?$AAA?$AAI?$AAN?$AA?5?$AAe?$AAr?$AAr?$AAo?$AAr?$AA?$AN?$AA?6?$AA?$AA@ 1001bcd8     LIBCMT:crt0msg.obj
 0002:00000cf8       ??_C@_1BK@KMOMNAAI@?$AAS?$AAI?$AAN?$AAG?$AA?5?$AAe?$AAr?$AAr?$AAo?$AAr?$AA?$AN?$AA?6?$AA?$AA@ 1001bcf8     LIBCMT:crt0msg.obj
 0002:00000d14       ??_C@_1BM@JBBEPPHI@?$AAT?$AAL?$AAO?$AAS?$AAS?$AA?5?$AAe?$AAr?$AAr?$AAo?$AAr?$AA?$AN?$AA?6?$AA?$AA@ 1001bd14     LIBCMT:crt0msg.obj
 0002:00000d30       ??_C@_15JNBOKNOG@?$AA?$AN?$AA?6?$AA?$AA@ 1001bd30     LIBCMT:crt0msg.obj
 0002:00000d38       ??_C@_1BO@BKOMIGKJ@?$AAr?$AAu?$AAn?$AAt?$AAi?$AAm?$AAe?$AA?5?$AAe?$AAr?$AAr?$AAo?$AAr?$AA?5?$AA?$AA@ 1001bd38     LIBCMT:crt0msg.obj
 0002:00000e10       ??_C@_1FK@PGACCAFB@?$AAR?$AA6?$AA0?$AA0?$AA2?$AA?$AN?$AA?6?$AA?9?$AA?5?$AAf?$AAl?$AAo?$AAa?$AAt?$AAi?$AAn?$AAg?$AA?5?$AAp?$AAo?$AAi?$AAn?$AAt?$AA?5?$AAs?$AAu?$AAp?$AAp?$AAo?$AAr?$AAt?$AA?5@ 1001be10     LIBCMT:crt0msg.obj
 0002:00000e6c       ??_C@_1DE@JNGNBFGO@?$AAR?$AAu?$AAn?$AAt?$AAi?$AAm?$AAe?$AA?5?$AAE?$AAr?$AAr?$AAo?$AAr?$AA?$CB?$AA?6?$AA?6?$AAP?$AAr?$AAo?$AAg?$AAr?$AAa?$AAm?$AA?3?$AA?5?$AA?$AA@ 1001be6c     LIBCMT:crt0msg.obj
 0002:00000ea0       ??_C@_1CO@EAEJAADC@?$AA?$DM?$AAp?$AAr?$AAo?$AAg?$AAr?$AAa?$AAm?$AA?5?$AAn?$AAa?$AAm?$AAe?$AA?5?$AAu?$AAn?$AAk?$AAn?$AAo?$AAw?$AAn?$AA?$DO?$AA?$AA@ 1001bea0     LIBCMT:crt0msg.obj
 0002:00000ed0       ??_C@_17LGKOMLJ@?$AA?4?$AA?4?$AA?4?$AA?$AA@ 1001bed0     LIBCMT:crt0msg.obj
 0002:00000ed8       ??_C@_15IABLJNFO@?$AA?6?$AA?6?$AA?$AA@ 1001bed8     LIBCMT:crt0msg.obj
 0002:00000ee0       ??_C@_1EK@MBDPDCGA@?$AAM?$AAi?$AAc?$AAr?$AAo?$AAs?$AAo?$AAf?$AAt?$AA?5?$AAV?$AAi?$AAs?$AAu?$AAa?$AAl?$AA?5?$AAC?$AA?$CL?$AA?$CL?$AA?5?$AAR?$AAu?$AAn?$AAt?$AAi?$AAm?$AAe?$AA?5?$AAL?$AAi?$AAb@ 1001bee0     LIBCMT:crt0msg.obj
 0002:00000f3c       ??_C@_1M@HPNHIDJI@?$AAj?$AAa?$AA?9?$AAJ?$AAP?$AA?$AA@ 1001bf3c     LIBCMT:mbctype.obj
 0002:00000f48       ??_C@_1M@BIBDDEMK@?$AAz?$AAh?$AA?9?$AAC?$AAN?$AA?$AA@ 1001bf48     LIBCMT:mbctype.obj
 0002:00000f54       ??_C@_1M@JLOOOEGK@?$AAk?$AAo?$AA?9?$AAK?$AAR?$AA?$AA@ 1001bf54     LIBCMT:mbctype.obj
 0002:00000f60       ??_C@_1M@CLNBBOPM@?$AAz?$AAh?$AA?9?$AAT?$AAW?$AA?$AA@ 1001bf60     LIBCMT:mbctype.obj
 0002:00000f6c       ??_C@_03KOEHGMDN@Sun?$AA@  1001bf6c     LIBCMT:nlsdata.obj
 0002:00000f70       ??_C@_03PDAGKDH@Mon?$AA@   1001bf70     LIBCMT:nlsdata.obj
 0002:00000f74       ??_C@_03NAGEINEP@Tue?$AA@  1001bf74     LIBCMT:nlsdata.obj
 0002:00000f78       ??_C@_03MHOMLAJA@Wed?$AA@  1001bf78     LIBCMT:nlsdata.obj
 0002:00000f7c       ??_C@_03IOFIKPDN@Thu?$AA@  1001bf7c     LIBCMT:nlsdata.obj
 0002:00000f80       ??_C@_03IDIOELNC@Fri?$AA@  1001bf80     LIBCMT:nlsdata.obj
 0002:00000f84       ??_C@_03FEFJNEK@Sat?$AA@   1001bf84     LIBCMT:nlsdata.obj
 0002:00000f88       ??_C@_06OOPIFAJ@Sunday?$AA@ 1001bf88     LIBCMT:nlsdata.obj
 0002:00000f90       ??_C@_06JLEDEDGH@Monday?$AA@ 1001bf90     LIBCMT:nlsdata.obj
 0002:00000f98       ??_C@_07BAAGCFCM@Tuesday?$AA@ 1001bf98     LIBCMT:nlsdata.obj
 0002:00000fa0       ??_C@_09DLIGFAKA@Wednesday?$AA@ 1001bfa0     LIBCMT:nlsdata.obj
 0002:00000fac       ??_C@_08HACCIKIA@Thursday?$AA@ 1001bfac     LIBCMT:nlsdata.obj
 0002:00000fb8       ??_C@_06JECMNKMI@Friday?$AA@ 1001bfb8     LIBCMT:nlsdata.obj
 0002:00000fc0       ??_C@_08INBOOONO@Saturday?$AA@ 1001bfc0     LIBCMT:nlsdata.obj
 0002:00000fcc       ??_C@_03JIHJHPIE@Jan?$AA@  1001bfcc     LIBCMT:nlsdata.obj
 0002:00000fd0       ??_C@_03HJBDCHOM@Feb?$AA@  1001bfd0     LIBCMT:nlsdata.obj
 0002:00000fd4       ??_C@_03ODNJBKGA@Mar?$AA@  1001bfd4     LIBCMT:nlsdata.obj
 0002:00000fd8       ??_C@_03LEOLGMJP@Apr?$AA@  1001bfd8     LIBCMT:nlsdata.obj
 0002:00000fdc       ??_C@_03CNMDKL@May?$AA@    1001bfdc     LIBCMT:nlsdata.obj
 0002:00000fe0       ??_C@_03IDFGHECI@Jun?$AA@  1001bfe0     LIBCMT:nlsdata.obj
 0002:00000fe4       ??_C@_03LBGABGKK@Jul?$AA@  1001bfe4     LIBCMT:nlsdata.obj
 0002:00000fe8       ??_C@_03IFJFEIGA@Aug?$AA@  1001bfe8     LIBCMT:nlsdata.obj
 0002:00000fec       ??_C@_03GGCAPAJC@Sep?$AA@  1001bfec     LIBCMT:nlsdata.obj
 0002:00000ff0       ??_C@_03BMAOKBAD@Oct?$AA@  1001bff0     LIBCMT:nlsdata.obj
 0002:00000ff4       ??_C@_03JPJOFNIA@Nov?$AA@  1001bff4     LIBCMT:nlsdata.obj
 0002:00000ff8       ??_C@_03MKABNOCG@Dec?$AA@  1001bff8     LIBCMT:nlsdata.obj
 0002:00000ffc       ??_C@_07CGJPFGJA@January?$AA@ 1001bffc     LIBCMT:nlsdata.obj
 0002:00001004       ??_C@_08GNJGEPFN@February?$AA@ 1001c004     LIBCMT:nlsdata.obj
 0002:00001010       ??_C@_05HPCKOFNC@March?$AA@ 1001c010     LIBCMT:nlsdata.obj
 0002:00001018       ??_C@_05DMJDNLEJ@April?$AA@ 1001c018     LIBCMT:nlsdata.obj
 0002:00001020       ??_C@_04CNLMGBGM@June?$AA@ 1001c020     LIBCMT:nlsdata.obj
 0002:00001028       ??_C@_04MIEPOIFP@July?$AA@ 1001c028     LIBCMT:nlsdata.obj
 0002:00001030       ??_C@_06LBBHFDDG@August?$AA@ 1001c030     LIBCMT:nlsdata.obj
 0002:00001038       ??_C@_09BHHEALKD@September?$AA@ 1001c038     LIBCMT:nlsdata.obj
 0002:00001044       ??_C@_07JJNFCEND@October?$AA@ 1001c044     LIBCMT:nlsdata.obj
 0002:0000104c       ??_C@_08HCHEGEOA@November?$AA@ 1001c04c     LIBCMT:nlsdata.obj
 0002:00001058       ??_C@_08EDHMEBNP@December?$AA@ 1001c058     LIBCMT:nlsdata.obj
 0002:00001064       ??_C@_02DEDBPAFC@AM?$AA@   1001c064     LIBCMT:nlsdata.obj
 0002:00001068       ??_C@_02CJNFDJBF@PM?$AA@   1001c068     LIBCMT:nlsdata.obj
 0002:0000106c       ??_C@_08BPBNCDIB@MM?1dd?1yy?$AA@ 1001c06c     LIBCMT:nlsdata.obj
 0002:00001078       ??_C@_0BE@CKGJFCPC@dddd?0?5MMMM?5dd?0?5yyyy?$AA@ 1001c078     LIBCMT:nlsdata.obj
 0002:0000108c       ??_C@_08JCCMCCIL@HH?3mm?3ss?$AA@ 1001c08c     LIBCMT:nlsdata.obj
 0002:00001098       ??_C@_17MBGCMIPB@?$AAS?$AAu?$AAn?$AA?$AA@ 1001c098     LIBCMT:nlsdata.obj
 0002:000010a0       ??_C@_17KBOMKBF@?$AAM?$AAo?$AAn?$AA?$AA@ 1001c0a0     LIBCMT:nlsdata.obj
 0002:000010a8       ??_C@_17BMKGEGOJ@?$AAT?$AAu?$AAe?$AA?$AA@ 1001c0a8     LIBCMT:nlsdata.obj
 0002:000010b0       ??_C@_17CJEDCEPE@?$AAW?$AAe?$AAd?$AA?$AA@ 1001c0b0     LIBCMT:nlsdata.obj
 0002:000010b8       ??_C@_17PDPHAADD@?$AAT?$AAh?$AAu?$AA?$AA@ 1001c0b8     LIBCMT:nlsdata.obj
 0002:000010c0       ??_C@_17HFOLPPLP@?$AAF?$AAr?$AAi?$AA?$AA@ 1001c0c0     LIBCMT:nlsdata.obj
 0002:000010c8       ??_C@_17GGIBDPIH@?$AAS?$AAa?$AAt?$AA?$AA@ 1001c0c8     LIBCMT:nlsdata.obj
 0002:000010d0       ??_C@_1O@IHNHDHPB@?$AAS?$AAu?$AAn?$AAd?$AAa?$AAy?$AA?$AA@ 1001c0d0     LIBCMT:nlsdata.obj
 0002:000010e0       ??_C@_1O@MMNBFLIA@?$AAM?$AAo?$AAn?$AAd?$AAa?$AAy?$AA?$AA@ 1001c0e0     LIBCMT:nlsdata.obj
 0002:000010f0       ??_C@_1BA@ENFBFFEK@?$AAT?$AAu?$AAe?$AAs?$AAd?$AAa?$AAy?$AA?$AA@ 1001c0f0     LIBCMT:nlsdata.obj
 0002:00001100       ??_C@_1BE@EBOGMDOH@?$AAW?$AAe?$AAd?$AAn?$AAe?$AAs?$AAd?$AAa?$AAy?$AA?$AA@ 1001c100     LIBCMT:nlsdata.obj
 0002:00001114       ??_C@_1BC@HHMNLIHE@?$AAT?$AAh?$AAu?$AAr?$AAs?$AAd?$AAa?$AAy?$AA?$AA@ 1001c114     LIBCMT:nlsdata.obj
 0002:00001128       ??_C@_1O@PDICJHAG@?$AAF?$AAr?$AAi?$AAd?$AAa?$AAy?$AA?$AA@ 1001c128     LIBCMT:nlsdata.obj
 0002:00001138       ??_C@_1BC@ENMNNPAJ@?$AAS?$AAa?$AAt?$AAu?$AAr?$AAd?$AAa?$AAy?$AA?$AA@ 1001c138     LIBCMT:nlsdata.obj
 0002:0000114c       ??_C@_17DKNBKCHM@?$AAJ?$AAa?$AAn?$AA?$AA@ 1001c14c     LIBCMT:nlsdata.obj
 0002:00001154       ??_C@_17LMDJEKJN@?$AAF?$AAe?$AAb?$AA?$AA@ 1001c154     LIBCMT:nlsdata.obj
 0002:0000115c       ??_C@_17CKNLEDEC@?$AAM?$AAa?$AAr?$AA?$AA@ 1001c15c     LIBCMT:nlsdata.obj
 0002:00001164       ??_C@_17LFPOIHDD@?$AAA?$AAp?$AAr?$AA?$AA@ 1001c164     LIBCMT:nlsdata.obj
 0002:0000116c       ??_C@_17PNNKMEED@?$AAM?$AAa?$AAy?$AA?$AA@ 1001c16c     LIBCMT:nlsdata.obj
 0002:00001174       ??_C@_17KCJGOCPB@?$AAJ?$AAu?$AAn?$AA?$AA@ 1001c174     LIBCMT:nlsdata.obj
 0002:0000117c       ??_C@_17IJPCKHK@?$AAJ?$AAu?$AAl?$AA?$AA@ 1001c17c     LIBCMT:nlsdata.obj
 0002:00001184       ??_C@_17ICPELBCN@?$AAA?$AAu?$AAg?$AA?$AA@ 1001c184     LIBCMT:nlsdata.obj
 0002:0000118c       ??_C@_17HCHCOKMG@?$AAS?$AAe?$AAp?$AA?$AA@ 1001c18c     LIBCMT:nlsdata.obj
 0002:00001194       ??_C@_17FNLKOI@?$AAO?$AAc?$AAt?$AA?$AA@ 1001c194     LIBCMT:nlsdata.obj
 0002:0000119c       ??_C@_17BBDMLCIG@?$AAN?$AAo?$AAv?$AA?$AA@ 1001c19c     LIBCMT:nlsdata.obj
 0002:000011a4       ??_C@_17EGKACKIF@?$AAD?$AAe?$AAc?$AA?$AA@ 1001c1a4     LIBCMT:nlsdata.obj
 0002:000011ac       ??_C@_1BA@EFMEIEBA@?$AAJ?$AAa?$AAn?$AAu?$AAa?$AAr?$AAy?$AA?$AA@ 1001c1ac     LIBCMT:nlsdata.obj
 0002:000011bc       ??_C@_1BC@JGDDFFAM@?$AAF?$AAe?$AAb?$AAr?$AAu?$AAa?$AAr?$AAy?$AA?$AA@ 1001c1bc     LIBCMT:nlsdata.obj
 0002:000011d0       ??_C@_1M@IKEENEDF@?$AAM?$AAa?$AAr?$AAc?$AAh?$AA?$AA@ 1001c1d0     LIBCMT:nlsdata.obj
 0002:000011dc       ??_C@_1M@GJNLMHFD@?$AAA?$AAp?$AAr?$AAi?$AAl?$AA?$AA@ 1001c1dc     LIBCMT:nlsdata.obj
 0002:000011e8       ??_C@_19EPFLPGAP@?$AAJ?$AAu?$AAn?$AAe?$AA?$AA@ 1001c1e8     LIBCMT:nlsdata.obj
 0002:000011f4       ??_C@_19BIFMLPCD@?$AAJ?$AAu?$AAl?$AAy?$AA?$AA@ 1001c1f4     LIBCMT:nlsdata.obj
 0002:00001200       ??_C@_1O@PAHLKOAC@?$AAA?$AAu?$AAg?$AAu?$AAs?$AAt?$AA?$AA@ 1001c200     LIBCMT:nlsdata.obj
 0002:00001210       ??_C@_1BE@DKAAMBJL@?$AAS?$AAe?$AAp?$AAt?$AAe?$AAm?$AAb?$AAe?$AAr?$AA?$AA@ 1001c210     LIBCMT:nlsdata.obj
 0002:00001224       ??_C@_1BA@EPANDLNG@?$AAO?$AAc?$AAt?$AAo?$AAb?$AAe?$AAr?$AA?$AA@ 1001c224     LIBCMT:nlsdata.obj
 0002:00001234       ??_C@_1BC@BGLIFPF@?$AAN?$AAo?$AAv?$AAe?$AAm?$AAb?$AAe?$AAr?$AA?$AA@ 1001c234     LIBCMT:nlsdata.obj
 0002:00001248       ??_C@_1BC@FEMKIFH@?$AAD?$AAe?$AAc?$AAe?$AAm?$AAb?$AAe?$AAr?$AA?$AA@ 1001c248     LIBCMT:nlsdata.obj
 0002:0000125c       ??_C@_15ODEHAHHF@?$AAA?$AAM?$AA?$AA@ 1001c25c     LIBCMT:nlsdata.obj
 0002:00001264       ??_C@_15CLMNNGEL@?$AAP?$AAM?$AA?$AA@ 1001c264     LIBCMT:nlsdata.obj
 0002:0000126c       ??_C@_1BC@IEBCMHCM@?$AAM?$AAM?$AA?1?$AAd?$AAd?$AA?1?$AAy?$AAy?$AA?$AA@ 1001c26c     LIBCMT:nlsdata.obj
 0002:00001280       ??_C@_1CI@KNAKOEBC@?$AAd?$AAd?$AAd?$AAd?$AA?0?$AA?5?$AAM?$AAM?$AAM?$AAM?$AA?5?$AAd?$AAd?$AA?0?$AA?5?$AAy?$AAy?$AAy?$AAy?$AA?$AA@ 1001c280     LIBCMT:nlsdata.obj
 0002:000012a8       ??_C@_1BC@GDGBMEMK@?$AAH?$AAH?$AA?3?$AAm?$AAm?$AA?3?$AAs?$AAs?$AA?$AA@ 1001c2a8     LIBCMT:nlsdata.obj
 0002:000012bc       ??_C@_1M@BMHNFIME@?$AAe?$AAn?$AA?9?$AAU?$AAS?$AA?$AA@ 1001c2bc     LIBCMT:nlsdata.obj
 0002:000012c8       __sys_errlist              1001c2c8     LIBCMT:syserr.obj
 0002:00001378       ??_C@_08INEPGKHH@No?5error?$AA@ 1001c378     LIBCMT:syserr.obj
 0002:00001384       ??_C@_0BI@BJFCGOHL@Operation?5not?5permitted?$AA@ 1001c384     LIBCMT:syserr.obj
 0002:0000139c       ??_C@_0BK@FMDHKPNF@No?5such?5file?5or?5directory?$AA@ 1001c39c     LIBCMT:syserr.obj
 0002:000013b8       ??_C@_0BA@FKIAIBGA@No?5such?5process?$AA@ 1001c3b8     LIBCMT:syserr.obj
 0002:000013c8       ??_C@_0BK@FJBOAFDK@Interrupted?5function?5call?$AA@ 1001c3c8     LIBCMT:syserr.obj
 0002:000013e4       ??_C@_0BD@KKNFOBBD@Input?1output?5error?$AA@ 1001c3e4     LIBCMT:syserr.obj
 0002:000013f8       ??_C@_0BK@DPKMCKJ@No?5such?5device?5or?5address?$AA@ 1001c3f8     LIBCMT:syserr.obj
 0002:00001414       ??_C@_0BC@MFFGCDFL@Arg?5list?5too?5long?$AA@ 1001c414     LIBCMT:syserr.obj
 0002:00001428       ??_C@_0BC@HKPNECK@Exec?5format?5error?$AA@ 1001c428     LIBCMT:syserr.obj
 0002:0000143c       ??_C@_0BE@NFGDDCEF@Bad?5file?5descriptor?$AA@ 1001c43c     LIBCMT:syserr.obj
 0002:00001450       ??_C@_0BD@LOHELEP@No?5child?5processes?$AA@ 1001c450     LIBCMT:syserr.obj
 0002:00001464       ??_C@_0CB@EPFKGNAK@Resource?5temporarily?5unavailable@ 1001c464     LIBCMT:syserr.obj
 0002:00001488       ??_C@_0BB@IMDKMPFB@Not?5enough?5space?$AA@ 1001c488     LIBCMT:syserr.obj
 0002:0000149c       ??_C@_0BC@HFNFNKAI@Permission?5denied?$AA@ 1001c49c     LIBCMT:syserr.obj
 0002:000014b0       ??_C@_0M@LOEHLCJD@Bad?5address?$AA@ 1001c4b0     LIBCMT:syserr.obj
 0002:000014bc       ??_C@_0O@NIPGCINC@Unknown?5error?$AA@ 1001c4bc     LIBCMT:syserr.obj
 0002:000014cc       ??_C@_0BA@BIBLIOEK@Resource?5device?$AA@ 1001c4cc     LIBCMT:syserr.obj
 0002:000014dc       ??_C@_0M@NAAJNNGH@File?5exists?$AA@ 1001c4dc     LIBCMT:syserr.obj
 0002:000014e8       ??_C@_0O@OAMDNOCP@Improper?5link?$AA@ 1001c4e8     LIBCMT:syserr.obj
 0002:000014f8       ??_C@_0P@NLEIANHE@No?5such?5device?$AA@ 1001c4f8     LIBCMT:syserr.obj
 0002:00001508       ??_C@_0BA@CJBACOOL@Not?5a?5directory?$AA@ 1001c508     LIBCMT:syserr.obj
 0002:00001518       ??_C@_0P@NDHGCGKE@Is?5a?5directory?$AA@ 1001c518     LIBCMT:syserr.obj
 0002:00001528       ??_C@_0BB@HMGGCEBG@Invalid?5argument?$AA@ 1001c528     LIBCMT:syserr.obj
 0002:0000153c       ??_C@_0BO@IIFBODJE@Too?5many?5open?5files?5in?5system?$AA@ 1001c53c     LIBCMT:syserr.obj
 0002:0000155c       ??_C@_0BE@INBJMKGG@Too?5many?5open?5files?$AA@ 1001c55c     LIBCMT:syserr.obj
 0002:00001570       ??_C@_0CE@ONOKNLPF@Inappropriate?5I?1O?5control?5operat@ 1001c570     LIBCMT:syserr.obj
 0002:00001594       ??_C@_0P@LFMMIPAE@File?5too?5large?$AA@ 1001c594     LIBCMT:syserr.obj
 0002:000015a4       ??_C@_0BI@FEALHKLD@No?5space?5left?5on?5device?$AA@ 1001c5a4     LIBCMT:syserr.obj
 0002:000015bc       ??_C@_0N@FEHLOILP@Invalid?5seek?$AA@ 1001c5bc     LIBCMT:syserr.obj
 0002:000015cc       ??_C@_0BG@DDBFNKBH@Read?9only?5file?5system?$AA@ 1001c5cc     LIBCMT:syserr.obj
 0002:000015e4       ??_C@_0P@PKCJJLLM@Too?5many?5links?$AA@ 1001c5e4     LIBCMT:syserr.obj
 0002:000015f4       ??_C@_0M@LHEPIIOM@Broken?5pipe?$AA@ 1001c5f4     LIBCMT:syserr.obj
 0002:00001600       ??_C@_0N@MMJPGLJK@Domain?5error?$AA@ 1001c600     LIBCMT:syserr.obj
 0002:00001610       ??_C@_0BB@FCBJFCAJ@Result?5too?5large?$AA@ 1001c610     LIBCMT:syserr.obj
 0002:00001624       ??_C@_0BK@JAEBMJJM@Resource?5deadlock?5avoided?$AA@ 1001c624     LIBCMT:syserr.obj
 0002:00001640       ??_C@_0BC@BEDIHIDK@Filename?5too?5long?$AA@ 1001c640     LIBCMT:syserr.obj
 0002:00001654       ??_C@_0BD@CLHBCGPB@No?5locks?5available?$AA@ 1001c654     LIBCMT:syserr.obj
 0002:00001668       ??_C@_0BJ@IHEHINLI@Function?5not?5implemented?$AA@ 1001c668     LIBCMT:syserr.obj
 0002:00001684       ??_C@_0BE@ICMCHPHH@Directory?5not?5empty?$AA@ 1001c684     LIBCMT:syserr.obj
 0002:00001698       ??_C@_0BG@KLEAJEFJ@Illegal?5byte?5sequence?$AA@ 1001c698     LIBCMT:syserr.obj
 0002:000016d0       __XcptActTab               1001c6d0     LIBCMT:winxfltr.obj
 0002:00001760       __XcptActTabCount          1001c760     LIBCMT:winxfltr.obj
 0002:00001764       __XcptActTabSize           1001c764     LIBCMT:winxfltr.obj
 0002:00001768       __First_FPE_Indx           1001c768     LIBCMT:winxfltr.obj
 0002:0000176c       __Num_FPE                  1001c76c     LIBCMT:winxfltr.obj
 0002:00001770       ___lookuptable_s           1001c770     LIBCMT:outputs.obj
 0002:000017cc       ??_C@_1BG@GOEBHBDC@?$AAU?$AAS?$AAE?$AAR?$AA3?$AA2?$AA?4?$AAD?$AAL?$AAL?$AA?$AA@ 1001c7cc     LIBCMT:crtmboxw.obj
 0002:000017e4       ??_C@_0M@DLDCCGNP@MessageBoxW?$AA@ 1001c7e4     LIBCMT:crtmboxw.obj
 0002:000017f0       ??_C@_0BA@HNOPNCHB@GetActiveWindow?$AA@ 1001c7f0     LIBCMT:crtmboxw.obj
 0002:00001800       ??_C@_0BD@HHGDFDBJ@GetLastActivePopup?$AA@ 1001c800     LIBCMT:crtmboxw.obj
 0002:00001814       ??_C@_0BK@DEKFELLI@GetUserObjectInformationW?$AA@ 1001c814     LIBCMT:crtmboxw.obj
 0002:00001830       ??_C@_0BI@DFKBFLJE@GetProcessWindowStation?$AA@ 1001c830     LIBCMT:crtmboxw.obj
 0002:00001850       ___newctype                1001c850     LIBCMT:ctype.obj
 0002:00001b50       __wctype                   1001cb50     LIBCMT:ctype.obj
 0002:00001d58       ___newclmap                1001cd58     LIBCMT:ctype.obj
 0002:00001ed8       ___newcumap                1001ced8     LIBCMT:ctype.obj
 0002:00002058       ??_C@_1BA@BALFACEM@?$AAC?$AAO?$AAN?$AAO?$AAU?$AAT?$AA$?$AA?$AA@ 1001d058     LIBCMT:initcon.obj
 0002:00002068       _LcidToLocaleNameTable     1001d068     LIBCMT:winapinls.obj
 0002:00002788       _LocaleNameToIndexTable    1001d788     LIBCMT:winapinls.obj
 0002:00002ea8       ??_C@_15EMKDOKLE@?$AAa?$AAr?$AA?$AA@ 1001dea8     LIBCMT:winapinls.obj
 0002:00002eb0       ??_C@_15KNPADPLH@?$AAb?$AAg?$AA?$AA@ 1001deb0     LIBCMT:winapinls.obj
 0002:00002eb8       ??_C@_15EDMHLDMO@?$AAc?$AAa?$AA?$AA@ 1001deb8     LIBCMT:winapinls.obj
 0002:00002ec0       ??_C@_1O@BPEAJADD@?$AAz?$AAh?$AA?9?$AAC?$AAH?$AAS?$AA?$AA@ 1001dec0     LIBCMT:winapinls.obj
 0002:00002ed0       ??_C@_15LJNHCMNK@?$AAc?$AAs?$AA?$AA@ 1001ded0     LIBCMT:winapinls.obj
 0002:00002ed8       ??_C@_15FOMCIDHG@?$AAd?$AAa?$AA?$AA@ 1001ded8     LIBCMT:winapinls.obj
 0002:00002ee0       ??_C@_15NBKABECB@?$AAd?$AAe?$AA?$AA@ 1001dee0     LIBCMT:winapinls.obj
 0002:00002ee8       ??_C@_15GHPEIIAO@?$AAe?$AAl?$AA?$AA@ 1001dee8     LIBCMT:winapinls.obj
 0002:00002ef0       ??_C@_15MNPNEAIF@?$AAe?$AAn?$AA?$AA@ 1001def0     LIBCMT:winapinls.obj
 0002:00002ef8       ??_C@_15GPIOMPMH@?$AAe?$AAs?$AA?$AA@ 1001def8     LIBCMT:winapinls.obj
 0002:00002f00       ??_C@_15NGLOAKJC@?$AAf?$AAi?$AA?$AA@ 1001df00     LIBCMT:winapinls.obj
 0002:00002f08       ??_C@_15FBKGNKAM@?$AAf?$AAr?$AA?$AA@ 1001df08     LIBCMT:winapinls.obj
 0002:00002f10       ??_C@_15KGGCNEFK@?$AAh?$AAe?$AA?$AA@ 1001df10     LIBCMT:winapinls.obj
 0002:00002f18       ??_C@_15PGHLIDMF@?$AAh?$AAu?$AA?$AA@ 1001df18     LIBCMT:winapinls.obj
 0002:00002f20       ??_C@_15BIEMAPLM@?$AAi?$AAs?$AA?$AA@ 1001df20     LIBCMT:winapinls.obj
 0002:00002f28       ??_C@_15IFJLDHAF@?$AAi?$AAt?$AA?$AA@ 1001df28     LIBCMT:winapinls.obj
 0002:00002f30       ??_C@_15GEMIOCAG@?$AAj?$AAa?$AA?$AA@ 1001df30     LIBCMT:winapinls.obj
 0002:00002f38       ??_C@_15EPELEGJA@?$AAk?$AAo?$AA?$AA@ 1001df38     LIBCMT:winapinls.obj
 0002:00002f40       ??_C@_15NDDHIMN@?$AAn?$AAl?$AA?$AA@ 1001df40     LIBCMT:winapinls.obj
 0002:00002f48       ??_C@_15BPIGNHCD@?$AAn?$AAo?$AA?$AA@ 1001df48     LIBCMT:winapinls.obj
 0002:00002f50       ??_C@_15DEOPBLCG@?$AAp?$AAl?$AA?$AA@ 1001df50     LIBCMT:winapinls.obj
 0002:00002f58       ??_C@_15KBECGEFG@?$AAp?$AAt?$AA?$AA@ 1001df58     LIBCMT:winapinls.obj
 0002:00002f60       ??_C@_15GLJCBFMD@?$AAr?$AAo?$AA?$AA@ 1001df60     LIBCMT:winapinls.obj
 0002:00002f68       ??_C@_15FEDGKCDI@?$AAr?$AAu?$AA?$AA@ 1001df68     LIBCMT:winapinls.obj
 0002:00002f70       ??_C@_15GLKMLLHM@?$AAh?$AAr?$AA?$AA@ 1001df70     LIBCMT:winapinls.obj
 0002:00002f78       ??_C@_15CPKMFBDB@?$AAs?$AAk?$AA?$AA@ 1001df78     LIBCMT:winapinls.obj
 0002:00002f80       ??_C@_15BAAIOGMK@?$AAs?$AAq?$AA?$AA@ 1001df80     LIBCMT:winapinls.obj
 0002:00002f88       ??_C@_15INNPNOHD@?$AAs?$AAv?$AA?$AA@ 1001df88     LIBCMT:winapinls.obj
 0002:00002f90       ??_C@_15CABMMOGH@?$AAt?$AAh?$AA?$AA@ 1001df90     LIBCMT:winapinls.obj
 0002:00002f98       ??_C@_15BPLIHJJM@?$AAt?$AAr?$AA?$AA@ 1001df98     LIBCMT:winapinls.obj
 0002:00002fa0       ??_C@_15NEOEKKDJ@?$AAu?$AAr?$AA?$AA@ 1001dfa0     LIBCMT:winapinls.obj
 0002:00002fa8       ??_C@_15NFICGAJK@?$AAi?$AAd?$AA?$AA@ 1001dfa8     LIBCMT:winapinls.obj
 0002:00002fb0       ??_C@_15PJPFLCCM@?$AAu?$AAk?$AA?$AA@ 1001dfb0     LIBCMT:winapinls.obj
 0002:00002fb8       ??_C@_15HPJPHDM@?$AAb?$AAe?$AA?$AA@ 1001dfb8     LIBCMT:winapinls.obj
 0002:00002fc0       ??_C@_15LCHLGJII@?$AAs?$AAl?$AA?$AA@ 1001dfc0     LIBCMT:winapinls.obj
 0002:00002fc8       ??_C@_15PCFJPHHO@?$AAe?$AAt?$AA?$AA@ 1001dfc8     LIBCMT:winapinls.obj
 0002:00002fd0       ??_C@_15HPFPGODN@?$AAl?$AAv?$AA?$AA@ 1001dfd0     LIBCMT:winapinls.obj
 0002:00002fd8       ??_C@_15NFFGKGLG@?$AAl?$AAt?$AA?$AA@ 1001dfd8     LIBCMT:winapinls.obj
 0002:00002fe0       ??_C@_15BDAKCCHN@?$AAf?$AAa?$AA?$AA@ 1001dfe0     LIBCMT:winapinls.obj
 0002:00002fe8       ??_C@_15NFGIAIAJ@?$AAv?$AAi?$AA?$AA@ 1001dfe8     LIBCMT:winapinls.obj
 0002:00002ff0       ??_C@_15LMKNDMHN@?$AAh?$AAy?$AA?$AA@ 1001dff0     LIBCMT:winapinls.obj
 0002:00002ff8       ??_C@_15IJBHMCFL@?$AAa?$AAz?$AA?$AA@ 1001dff8     LIBCMT:winapinls.obj
 0002:00003000       ??_C@_15EKOFJABL@?$AAe?$AAu?$AA?$AA@ 1001e000     LIBCMT:winapinls.obj
 0002:00003008       ??_C@_15BGHADCNK@?$AAm?$AAk?$AA?$AA@ 1001e008     LIBCMT:winapinls.obj
 0002:00003010       ??_C@_15JDNICKHM@?$AAa?$AAf?$AA?$AA@ 1001e010     LIBCMT:winapinls.obj
 0002:00003018       ??_C@_15KPJEDBKD@?$AAk?$AAa?$AA?$AA@ 1001e018     LIBCMT:winapinls.obj
 0002:00003020       ??_C@_15PDNFFFEO@?$AAf?$AAo?$AA?$AA@ 1001e020     LIBCMT:winapinls.obj
 0002:00003028       ??_C@_15OMLEGLOC@?$AAh?$AAi?$AA?$AA@ 1001e028     LIBCMT:winapinls.obj
 0002:00003030       ??_C@_15IDNNENKK@?$AAm?$AAs?$AA?$AA@ 1001e030     LIBCMT:winapinls.obj
 0002:00003038       ??_C@_15MACJNBMH@?$AAk?$AAk?$AA?$AA@ 1001e038     LIBCMT:winapinls.obj
 0002:00003040       ??_C@_15DKDJEOND@?$AAk?$AAy?$AA?$AA@ 1001e040     LIBCMT:winapinls.obj
 0002:00003048       ??_C@_15DFGDLJBG@?$AAs?$AAw?$AA?$AA@ 1001e048     LIBCMT:winapinls.obj
 0002:00003050       ??_C@_15BBFAICNG@?$AAu?$AAz?$AA?$AA@ 1001e050     LIBCMT:winapinls.obj
 0002:00003058       ??_C@_15DKNDCGEA@?$AAt?$AAt?$AA?$AA@ 1001e058     LIBCMT:winapinls.obj
 0002:00003060       ??_C@_15MGIFMDPL@?$AAp?$AAa?$AA?$AA@ 1001e060     LIBCMT:winapinls.obj
 0002:00003068       ??_C@_15HCNDBBA@?$AAg?$AAu?$AA?$AA@ 1001e068     LIBCMT:winapinls.obj
 0002:00003070       ??_C@_15FNBEIBON@?$AAt?$AAa?$AA?$AA@ 1001e070     LIBCMT:winapinls.obj
 0002:00003078       ??_C@_15NCHGBGLK@?$AAt?$AAe?$AA?$AA@ 1001e078     LIBCMT:winapinls.obj
 0002:00003080       ??_C@_15PHPHCBPF@?$AAk?$AAn?$AA?$AA@ 1001e080     LIBCMT:winapinls.obj
 0002:00003088       ??_C@_15DLGBCKMP@?$AAm?$AAr?$AA?$AA@ 1001e088     LIBCMT:winapinls.obj
 0002:00003090       ??_C@_15EABBLBFF@?$AAs?$AAa?$AA?$AA@ 1001e090     LIBCMT:winapinls.obj
 0002:00003098       ??_C@_15CBKOMCOI@?$AAm?$AAn?$AA?$AA@ 1001e098     LIBCMT:winapinls.obj
 0002:000030a0       ??_C@_15CKDMCJAF@?$AAg?$AAl?$AA?$AA@ 1001e0a0     LIBCMT:winapinls.obj
 0002:000030a8       ??_C@_17CNJFBPG@?$AAk?$AAo?$AAk?$AA?$AA@ 1001e0a8     LIBCMT:winapinls.obj
 0002:000030b0       ??_C@_17FFBJICPL@?$AAs?$AAy?$AAr?$AA?$AA@ 1001e0b0     LIBCMT:winapinls.obj
 0002:000030b8       ??_C@_17KPNDCPAF@?$AAd?$AAi?$AAv?$AA?$AA@ 1001e0b8     LIBCMT:winapinls.obj
 0002:000030c0       ??_C@_11LOCGONAA@?$AA?$AA@ 1001e0c0     LIBCMT:winapinls.obj
 0002:000030c4       ??_C@_1M@OKAHONE@?$AAa?$AAr?$AA?9?$AAS?$AAA?$AA?$AA@ 1001e0c4     LIBCMT:winapinls.obj
 0002:000030d0       ??_C@_1M@FFFIGIGK@?$AAb?$AAg?$AA?9?$AAB?$AAG?$AA?$AA@ 1001e0d0     LIBCMT:winapinls.obj
 0002:000030dc       ??_C@_1M@BJNKEDC@?$AAc?$AAa?$AA?9?$AAE?$AAS?$AA?$AA@ 1001e0dc     LIBCMT:winapinls.obj
 0002:000030e8       ??_C@_1M@IJJHFJHA@?$AAc?$AAs?$AA?9?$AAC?$AAZ?$AA?$AA@ 1001e0e8     LIBCMT:winapinls.obj
 0002:000030f4       ??_C@_1M@CLPEOBGI@?$AAd?$AAa?$AA?9?$AAD?$AAK?$AA?$AA@ 1001e0f4     LIBCMT:winapinls.obj
 0002:00003100       ??_C@_1M@MCMADGCB@?$AAd?$AAe?$AA?9?$AAD?$AAE?$AA?$AA@ 1001e100     LIBCMT:winapinls.obj
 0002:0000310c       ??_C@_1M@OOCKEMAM@?$AAe?$AAl?$AA?9?$AAG?$AAR?$AA?$AA@ 1001e10c     LIBCMT:winapinls.obj
 0002:00003118       ??_C@_1M@DDNJFGID@?$AAf?$AAi?$AA?9?$AAF?$AAI?$AA?$AA@ 1001e118     LIBCMT:winapinls.obj
 0002:00003124       ??_C@_1M@GLIPPMAC@?$AAf?$AAr?$AA?9?$AAF?$AAR?$AA?$AA@ 1001e124     LIBCMT:winapinls.obj
 0002:00003130       ??_C@_1M@GFMCHPE@?$AAh?$AAe?$AA?9?$AAI?$AAL?$AA?$AA@ 1001e130     LIBCMT:winapinls.obj
 0002:0000313c       ??_C@_1M@MHLPGNKM@?$AAh?$AAu?$AA?9?$AAH?$AAU?$AA?$AA@ 1001e13c     LIBCMT:winapinls.obj
 0002:00003148       ??_C@_1M@LPDDNNPN@?$AAi?$AAs?$AA?9?$AAI?$AAS?$AA?$AA@ 1001e148     LIBCMT:winapinls.obj
 0002:00003154       ??_C@_1M@MADIPODN@?$AAi?$AAt?$AA?9?$AAI?$AAT?$AA?$AA@ 1001e154     LIBCMT:winapinls.obj
 0002:00003160       ??_C@_1M@IHBJJGG@?$AAn?$AAl?$AA?9?$AAN?$AAL?$AA?$AA@ 1001e160     LIBCMT:winapinls.obj
 0002:0000316c       ??_C@_1M@EANAGDL@?$AAn?$AAb?$AA?9?$AAN?$AAO?$AA?$AA@ 1001e16c     LIBCMT:winapinls.obj
 0002:00003178       ??_C@_1M@NEIEMEGP@?$AAp?$AAl?$AA?9?$AAP?$AAL?$AA?$AA@ 1001e178     LIBCMT:winapinls.obj
 0002:00003184       ??_C@_1M@BOCFIGEP@?$AAp?$AAt?$AA?9?$AAB?$AAR?$AA?$AA@ 1001e184     LIBCMT:winapinls.obj
 0002:00003190       ??_C@_1M@IMPFOPBG@?$AAr?$AAo?$AA?9?$AAR?$AAO?$AA?$AA@ 1001e190     LIBCMT:winapinls.obj
 0002:0000319c       ??_C@_1M@IDNNEJMM@?$AAr?$AAu?$AA?9?$AAR?$AAU?$AA?$AA@ 1001e19c     LIBCMT:winapinls.obj
 0002:000031a8       ??_C@_1M@LILEEOGM@?$AAh?$AAr?$AA?9?$AAH?$AAR?$AA?$AA@ 1001e1a8     LIBCMT:winapinls.obj
 0002:000031b4       ??_C@_1M@FKIFEHPB@?$AAs?$AAk?$AA?9?$AAS?$AAK?$AA?$AA@ 1001e1b4     LIBCMT:winapinls.obj
 0002:000031c0       ??_C@_1M@LJMAMNPJ@?$AAs?$AAq?$AA?9?$AAA?$AAL?$AA?$AA@ 1001e1c0     LIBCMT:winapinls.obj
 0002:000031cc       ??_C@_1M@GIAKDKJK@?$AAs?$AAv?$AA?9?$AAS?$AAE?$AA?$AA@ 1001e1cc     LIBCMT:winapinls.obj
 0002:000031d8       ??_C@_1M@MKJKIKCL@?$AAt?$AAh?$AA?9?$AAT?$AAH?$AA?$AA@ 1001e1d8     LIBCMT:winapinls.obj
 0002:000031e4       ??_C@_1M@MFLCCMPB@?$AAt?$AAr?$AA?9?$AAT?$AAR?$AA?$AA@ 1001e1e4     LIBCMT:winapinls.obj
 0002:000031f0       ??_C@_1M@OIJHDKJN@?$AAu?$AAr?$AA?9?$AAP?$AAK?$AA?$AA@ 1001e1f0     LIBCMT:winapinls.obj
 0002:000031fc       ??_C@_1M@LHIPCIEK@?$AAi?$AAd?$AA?9?$AAI?$AAD?$AA?$AA@ 1001e1fc     LIBCMT:winapinls.obj
 0002:00003208       ??_C@_1M@MFMOBGI@?$AAu?$AAk?$AA?9?$AAU?$AAA?$AA?$AA@ 1001e208     LIBCMT:winapinls.obj
 0002:00003214       ??_C@_1M@OBGLJIPL@?$AAb?$AAe?$AA?9?$AAB?$AAY?$AA?$AA@ 1001e214     LIBCMT:winapinls.obj
 0002:00003220       ??_C@_1M@BCFAJEAD@?$AAs?$AAl?$AA?9?$AAS?$AAI?$AA?$AA@ 1001e220     LIBCMT:winapinls.obj
 0002:0000322c       ??_C@_1M@FKFFEDDN@?$AAe?$AAt?$AA?9?$AAE?$AAE?$AA?$AA@ 1001e22c     LIBCMT:winapinls.obj
 0002:00003238       ??_C@_1M@KGKKAACI@?$AAl?$AAv?$AA?9?$AAL?$AAV?$AA?$AA@ 1001e238     LIBCMT:winapinls.obj
 0002:00003244       ??_C@_1M@IFGBIJO@?$AAl?$AAt?$AA?9?$AAL?$AAT?$AA?$AA@ 1001e244     LIBCMT:winapinls.obj
 0002:00003250       ??_C@_1M@FGEAHEDM@?$AAf?$AAa?$AA?9?$AAI?$AAR?$AA?$AA@ 1001e250     LIBCMT:winapinls.obj
 0002:0000325c       ??_C@_1M@KBMAIBFN@?$AAv?$AAi?$AA?9?$AAV?$AAN?$AA?$AA@ 1001e25c     LIBCMT:winapinls.obj
 0002:00003268       ??_C@_1M@GPCBKDJK@?$AAh?$AAy?$AA?9?$AAA?$AAM?$AA?$AA@ 1001e268     LIBCMT:winapinls.obj
 0002:00003274       ??_C@_1BG@BECMDDJB@?$AAa?$AAz?$AA?9?$AAA?$AAZ?$AA?9?$AAL?$AAa?$AAt?$AAn?$AA?$AA@ 1001e274     LIBCMT:winapinls.obj
 0002:0000328c       ??_C@_1M@MAOFCAEA@?$AAe?$AAu?$AA?9?$AAE?$AAS?$AA?$AA@ 1001e28c     LIBCMT:winapinls.obj
 0002:00003298       ??_C@_1M@IGHABKPI@?$AAm?$AAk?$AA?9?$AAM?$AAK?$AA?$AA@ 1001e298     LIBCMT:winapinls.obj
 0002:000032a4       ??_C@_1M@IAIGNEJG@?$AAt?$AAn?$AA?9?$AAZ?$AAA?$AA?$AA@ 1001e2a4     LIBCMT:winapinls.obj
 0002:000032b0       ??_C@_1M@IIJCOJFA@?$AAx?$AAh?$AA?9?$AAZ?$AAA?$AA?$AA@ 1001e2b0     LIBCMT:winapinls.obj
 0002:000032bc       ??_C@_1M@LGPJHNJH@?$AAz?$AAu?$AA?9?$AAZ?$AAA?$AA?$AA@ 1001e2bc     LIBCMT:winapinls.obj
 0002:000032c8       ??_C@_1M@HOKAOIO@?$AAa?$AAf?$AA?9?$AAZ?$AAA?$AA?$AA@ 1001e2c8     LIBCMT:winapinls.obj
 0002:000032d4       ??_C@_1M@DPCLHLIE@?$AAk?$AAa?$AA?9?$AAG?$AAE?$AA?$AA@ 1001e2d4     LIBCMT:winapinls.obj
 0002:000032e0       ??_C@_1M@BLKMHJBI@?$AAf?$AAo?$AA?9?$AAF?$AAO?$AA?$AA@ 1001e2e0     LIBCMT:winapinls.obj
 0002:000032ec       ??_C@_1M@LGGJAPPB@?$AAh?$AAi?$AA?9?$AAI?$AAN?$AA?$AA@ 1001e2ec     LIBCMT:winapinls.obj
 0002:000032f8       ??_C@_1M@FIKPIHFE@?$AAm?$AAt?$AA?9?$AAM?$AAT?$AA?$AA@ 1001e2f8     LIBCMT:winapinls.obj
 0002:00003304       ??_C@_1M@HEGGPBFA@?$AAs?$AAe?$AA?9?$AAN?$AAO?$AA?$AA@ 1001e304     LIBCMT:winapinls.obj
 0002:00003310       ??_C@_1M@EIBJEEPA@?$AAm?$AAs?$AA?9?$AAM?$AAY?$AA?$AA@ 1001e310     LIBCMT:winapinls.obj
 0002:0000331c       ??_C@_1M@FHLBGMPP@?$AAk?$AAk?$AA?9?$AAK?$AAZ?$AA?$AA@ 1001e31c     LIBCMT:winapinls.obj
 0002:00003328       ??_C@_1M@NGJJLCGI@?$AAk?$AAy?$AA?9?$AAK?$AAG?$AA?$AA@ 1001e328     LIBCMT:winapinls.obj
 0002:00003334       ??_C@_1M@GIENNBFC@?$AAs?$AAw?$AA?9?$AAK?$AAE?$AA?$AA@ 1001e334     LIBCMT:winapinls.obj
 0002:00003340       ??_C@_1BG@NDGMJIMJ@?$AAu?$AAz?$AA?9?$AAU?$AAZ?$AA?9?$AAL?$AAa?$AAt?$AAn?$AA?$AA@ 1001e340     LIBCMT:winapinls.obj
 0002:00003358       ??_C@_1M@IDCCIHBC@?$AAt?$AAt?$AA?9?$AAR?$AAU?$AA?$AA@ 1001e358     LIBCMT:winapinls.obj
 0002:00003364       ??_C@_1M@LOICPMOJ@?$AAb?$AAn?$AA?9?$AAI?$AAN?$AA?$AA@ 1001e364     LIBCMT:winapinls.obj
 0002:00003370       ??_C@_1M@KPKKNEAH@?$AAp?$AAa?$AA?9?$AAI?$AAN?$AA?$AA@ 1001e370     LIBCMT:winapinls.obj
 0002:0000337c       ??_C@_1M@PJGPPBOG@?$AAg?$AAu?$AA?9?$AAI?$AAN?$AA?$AA@ 1001e37c     LIBCMT:winapinls.obj
 0002:00003388       ??_C@_1M@KMKMOPHI@?$AAt?$AAa?$AA?9?$AAI?$AAN?$AA?$AA@ 1001e388     LIBCMT:winapinls.obj
 0002:00003394       ??_C@_1M@KFEHEPAC@?$AAt?$AAe?$AA?9?$AAI?$AAN?$AA?$AA@ 1001e394     LIBCMT:winapinls.obj
 0002:000033a0       ??_C@_1M@CDCLMGHI@?$AAk?$AAn?$AA?9?$AAI?$AAN?$AA?$AA@ 1001e3a0     LIBCMT:winapinls.obj
 0002:000033ac       ??_C@_1M@MIODLDKF@?$AAm?$AAl?$AA?9?$AAI?$AAN?$AA?$AA@ 1001e3ac     LIBCMT:winapinls.obj
 0002:000033b8       ??_C@_1M@PBIEACPO@?$AAm?$AAr?$AA?9?$AAI?$AAN?$AA?$AA@ 1001e3b8     LIBCMT:winapinls.obj
 0002:000033c4       ??_C@_1M@NIDEAGPH@?$AAs?$AAa?$AA?9?$AAI?$AAN?$AA?$AA@ 1001e3c4     LIBCMT:winapinls.obj
 0002:000033d0       ??_C@_1M@FHIHCBIO@?$AAm?$AAn?$AA?9?$AAM?$AAN?$AA?$AA@ 1001e3d0     LIBCMT:winapinls.obj
 0002:000033dc       ??_C@_1M@JAIJPENP@?$AAc?$AAy?$AA?9?$AAG?$AAB?$AA?$AA@ 1001e3dc     LIBCMT:winapinls.obj
 0002:000033e8       ??_C@_1M@PHGFBEPN@?$AAg?$AAl?$AA?9?$AAE?$AAS?$AA?$AA@ 1001e3e8     LIBCMT:winapinls.obj
 0002:000033f4       ??_C@_1O@KPIPDNCP@?$AAk?$AAo?$AAk?$AA?9?$AAI?$AAN?$AA?$AA@ 1001e3f4     LIBCMT:winapinls.obj
 0002:00003404       ??_C@_1O@KNHJLDJA@?$AAs?$AAy?$AAr?$AA?9?$AAS?$AAY?$AA?$AA@ 1001e404     LIBCMT:winapinls.obj
 0002:00003414       ??_C@_1O@MKEKBLAH@?$AAd?$AAi?$AAv?$AA?9?$AAM?$AAV?$AA?$AA@ 1001e414     LIBCMT:winapinls.obj
 0002:00003424       ??_C@_1O@OHDCKDDF@?$AAq?$AAu?$AAz?$AA?9?$AAB?$AAO?$AA?$AA@ 1001e424     LIBCMT:winapinls.obj
 0002:00003434       ??_C@_1M@LEPJNLFD@?$AAn?$AAs?$AA?9?$AAZ?$AAA?$AA?$AA@ 1001e434     LIBCMT:winapinls.obj
 0002:00003440       ??_C@_1M@OMLEIIJB@?$AAm?$AAi?$AA?9?$AAN?$AAZ?$AA?$AA@ 1001e440     LIBCMT:winapinls.obj
 0002:0000344c       ??_C@_1M@PMPEAILG@?$AAa?$AAr?$AA?9?$AAI?$AAQ?$AA?$AA@ 1001e44c     LIBCMT:winapinls.obj
 0002:00003458       ??_C@_1M@CNKPNOEE@?$AAd?$AAe?$AA?9?$AAC?$AAH?$AA?$AA@ 1001e458     LIBCMT:winapinls.obj
 0002:00003464       ??_C@_1M@LKMGMLKO@?$AAe?$AAn?$AA?9?$AAG?$AAB?$AA?$AA@ 1001e464     LIBCMT:winapinls.obj
 0002:00003470       ??_C@_1M@PGKJFFGL@?$AAe?$AAs?$AA?9?$AAM?$AAX?$AA?$AA@ 1001e470     LIBCMT:winapinls.obj
 0002:0000347c       ??_C@_1M@DNNANBDC@?$AAf?$AAr?$AA?9?$AAB?$AAE?$AA?$AA@ 1001e47c     LIBCMT:winapinls.obj
 0002:00003488       ??_C@_1M@HLGMDFHM@?$AAi?$AAt?$AA?9?$AAC?$AAH?$AA?$AA@ 1001e488     LIBCMT:winapinls.obj
 0002:00003494       ??_C@_1M@CLLBGJH@?$AAn?$AAl?$AA?9?$AAB?$AAE?$AA?$AA@ 1001e494     LIBCMT:winapinls.obj
 0002:000034a0       ??_C@_1M@BODBOGLF@?$AAn?$AAn?$AA?9?$AAN?$AAO?$AA?$AA@ 1001e4a0     LIBCMT:winapinls.obj
 0002:000034ac       ??_C@_1M@HFFAHKAD@?$AAp?$AAt?$AA?9?$AAP?$AAT?$AA?$AA@ 1001e4ac     LIBCMT:winapinls.obj
 0002:000034b8       ??_C@_1BG@LNOAKHIE@?$AAs?$AAr?$AA?9?$AAS?$AAP?$AA?9?$AAL?$AAa?$AAt?$AAn?$AA?$AA@ 1001e4b8     LIBCMT:winapinls.obj
 0002:000034d0       ??_C@_1M@HBMHBGAK@?$AAs?$AAv?$AA?9?$AAF?$AAI?$AA?$AA@ 1001e4d0     LIBCMT:winapinls.obj
 0002:000034dc       ??_C@_1BG@DGCJGJBE@?$AAa?$AAz?$AA?9?$AAA?$AAZ?$AA?9?$AAC?$AAy?$AAr?$AAl?$AA?$AA@ 1001e4dc     LIBCMT:winapinls.obj
 0002:000034f4       ??_C@_1M@KEJDAAHB@?$AAs?$AAe?$AA?9?$AAS?$AAE?$AA?$AA@ 1001e4f4     LIBCMT:winapinls.obj
 0002:00003500       ??_C@_1M@HEIBJJAD@?$AAm?$AAs?$AA?9?$AAB?$AAN?$AA?$AA@ 1001e500     LIBCMT:winapinls.obj
 0002:0000350c       ??_C@_1BG@PBGJMCEM@?$AAu?$AAz?$AA?9?$AAU?$AAZ?$AA?9?$AAC?$AAy?$AAr?$AAl?$AA?$AA@ 1001e50c     LIBCMT:winapinls.obj
 0002:00003524       ??_C@_1O@LAOBCMDF@?$AAq?$AAu?$AAz?$AA?9?$AAE?$AAC?$AA?$AA@ 1001e524     LIBCMT:winapinls.obj
 0002:00003534       ??_C@_1M@POEEMAIO@?$AAa?$AAr?$AA?9?$AAE?$AAG?$AA?$AA@ 1001e534     LIBCMT:winapinls.obj
 0002:00003540       ??_C@_1M@EFAKDEDL@?$AAz?$AAh?$AA?9?$AAH?$AAK?$AA?$AA@ 1001e540     LIBCMT:winapinls.obj
[...]
 0001:00015af0       $$000000                   10016af0     LIBCMT:memcpy.obj
 0001:00015d40       LeadUpVec                  10016d40     LIBCMT:memcpy.obj
 0001:00015dbc       UnwindUpVec                10016dbc     LIBCMT:memcpy.obj
 0001:00015e28       TrailUpVec                 10016e28     LIBCMT:memcpy.obj
 0001:00015ecc       LeadDownVec                10016ecc     LIBCMT:memcpy.obj
 0001:00015f58       UnwindDownVec              10016f58     LIBCMT:memcpy.obj
 0001:00015fc4       TrailDownVec               10016fc4     LIBCMT:memcpy.obj
 0001:00016170       $$000000                   10017170     LIBCMT:ulldiv.obj
 0001:00016402       _parse_cmdline             10017402 f   LIBCMT:stdargv.obj
 0001:000168c0       $$000000                   100178c0     LIBCMT:strlen.obj
 0001:00016aa0       $$000000                   10017aa0     LIBCMT:ulldvrm.obj
 0001:00016fcc       __onexit_nolock            10017fcc f   LIBCMT:onexit.obj
 0001:000172d4       _siglookup                 100182d4 f   LIBCMT:winsig.obj
 0001:00017bb4       ?__crtLCMapStringA_stat@@YAHPAUlocaleinfo_struct@@PB_WKPBDHPADHHH@Z 10018bb4 f   LIBCMT:a_map.obj
 0001:00017dff       ?__crtGetStringTypeA_stat@@YAHPAUlocaleinfo_struct@@KPBDHPAGHH@Z 10018dff f   LIBCMT:a_str.obj
 0001:000187f0       $$000000                   100197f0     LIBCMT:exsup.obj
 0001:00018810       __unwind_handler           10019810 f   LIBCMT:exsup.obj
 0001:00018b28       ?x_ismbbtype_l@@YAHPAUlocaleinfo_struct@@IHH@Z 10019b28 f   LIBCMT:ismbbyte.obj
 0001:00018dd0       $$000000                   10019dd0     LIBCMT:alloca16.obj
 0001:00018e00       $$000000                   10019e00     LIBCMT:strncmp.obj
 0001:00019050       $$000000                   1001a050     LIBCMT:_strnicm.obj
 0001:00019200       $$000000                   1001a200     LIBCMT:llmul.obj
 0001:00019240       $$000000                   1001a240     LIBCMT:lldiv.obj
 0002:00000124       _pinit                     1001b124     LIBCMT:mbctype.obj
 0002:00000128       _pinit                     1001b128     LIBCMT:_file.obj
 0002:0000012c       _pinit                     1001b12c     LIBCMT:onexit.obj
 0002:00000130       _pinit                     1001b130     LIBCMT:cpu_disp.obj
 0002:0000013c       _pterm                     1001b13c     LIBCMT:initcon.obj
 0002:00000140       _pterm                     1001b140     LIBCMT:wsetloca.obj
 0002:00000144       _pterm                     1001b144     LIBCMT:_file.obj
 0002:00000d58       _rterrs                    1001bd58     LIBCMT:crt0msg.obj
 0002:00000f2c       __mb_locale_names          1001bf2c     LIBCMT:mbctype.obj
 0002:000016b0       ?ccsField@?P@??_openfile@@9@9 1001c6b0     LIBCMT:_open.obj
 0002:000016b4       ?utf8encoding@?P@??_openfile@@9@9 1001c6b4     LIBCMT:_open.obj
 0002:000016bc       ?utf16encoding@?P@??_openfile@@9@9 1001c6bc     LIBCMT:_open.obj
 0002:000016c8       ?unicodeencoding@?P@??_openfile@@9@9 1001c6c8     LIBCMT:_open.obj
 0002:00001848       _GS_ExceptionPointers      1001c848     LIBCMT:gs_report.obj
 0002:000040e0       __first_127char            1001f0e0     LIBCMT:wsetloca.obj
 0002:00004170       _crc_table                 1001f170     * CIL library *:* CIL module *
 0002:00006170       _configuration_table       10021170     * CIL library *:* CIL module *
 0002:000061e8       ?my_version@?1??deflateInit2_@@9@9 100211e8     * CIL library *:* CIL module *
 0002:00006238       ?lenfix@?1??fixedtables@@9@9 10021238     * CIL library *:* CIL module *
 0002:00006a38       ?order@?1??inflateBack@@9@9 10021a38     * CIL library *:* CIL module *
 0002:00006a60       ?distfix@?1??fixedtables@@9@9 10021a60     * CIL library *:* CIL module *
 0002:00006ae0       ?lenfix@?1??fixedtables@@9@9 10021ae0     * CIL library *:* CIL module *
 0002:000072e0       ?order@?1??inflate@@9@9    100222e0     * CIL library *:* CIL module *
 0002:00007308       ?distfix@?1??fixedtables@@9@9 10022308     * CIL library *:* CIL module *
 0002:00007388       ?lext@?1??inflate_table@@9@9 10022388     * CIL library *:* CIL module *
 0002:000073c8       ?dbase@?1??inflate_table@@9@9 100223c8     * CIL library *:* CIL module *
 0002:00007408       ?lbase@?1??inflate_table@@9@9 10022408     * CIL library *:* CIL module *
 0002:00007478       ?dext@?1??inflate_table@@9@9 10022478     * CIL library *:* CIL module *
 0002:000077b8       _static_dtree              100227b8     * CIL library *:* CIL module *
 0002:00007830       _static_ltree              10022830     * CIL library *:* CIL module *
 0002:00007cb0       _extra_dbits               10022cb0     * CIL library *:* CIL module *
 0002:00007d28       _base_length               10022d28     * CIL library *:* CIL module *
 0002:00007da0       _extra_blbits              10022da0     * CIL library *:* CIL module *
 0002:00007df0       _extra_lbits               10022df0     * CIL library *:* CIL module *
 0002:00007e64       _bl_order                  10022e64     * CIL library *:* CIL module *
 0002:00007e78       _base_dist                 10022e78     * CIL library *:* CIL module *
 0002:00008378       __sehtable$__lseeki64      10023378     LIBCMT:lseeki64.obj
 0002:00008398       __sehtable$__wopen         10023398     LIBCMT:wopen.obj
 0002:000083b8       __sehtable$__ftelli64      100233b8     LIBCMT:ftelli64.obj
 0002:000083d8       __sehtable$__fseeki64      100233d8     LIBCMT:fseeki64.obj
 0002:000083f8       __sehtable$__fsopen        100233f8     LIBCMT:fopen.obj
 0002:00008418       __sehtable$_fread_s        10023418     LIBCMT:fread.obj
 0002:00008438       __sehtable$_fwrite         10023438     LIBCMT:fwrite.obj
 0002:00008458       __sehtable$_fclose         10023458     LIBCMT:fclose.obj
 0002:00008478       __sehtable$__CRT_INIT@12   10023478     LIBCMT:dllcrt0.obj
 0002:00008498       __sehtable$___DllMainCRTStartup 10023498     LIBCMT:dllcrt0.obj
 0002:000084b8       __sehtable$__alloc_osfhnd  100234b8     LIBCMT:osfinfo.obj
 0002:000084e0       __sehtable$___lock_fhandle 100234e0     LIBCMT:osfinfo.obj
 0002:00008500       __sehtable$__ioinit        10023500     LIBCMT:ioinit.obj
 0002:00008520       __sehtable$__write         10023520     LIBCMT:write.obj
 0002:00008540       __sehtable$__close         10023540     LIBCMT:close.obj
 0002:00008560       __sehtable$__read          10023560     LIBCMT:read.obj
 0002:00008580       __sehtable$_doexit         10023580     LIBCMT:crt0dat.obj
 0002:000085a0       __sehtable$___updatetlocinfo 100235a0     LIBCMT:localref.obj
 0002:000085c0       __sehtable$___updatetmbcinfo 100235c0     LIBCMT:mbctype.obj
 0002:000085e0       __sehtable$__setmbcp       100235e0     LIBCMT:mbctype.obj
 0002:00008600       __sehtable$__freefls@4     10023600     LIBCMT:tidtable.obj
 0002:00008628       __sehtable$__initptd       10023628     LIBCMT:tidtable.obj
 0002:00008650       __sehtable$_flsall         10023650     LIBCMT:fflush.obj
 0002:00008678       __sehtable$__getstream     10023678     LIBCMT:stream.obj
 0002:00008698       __sehtable$__mtinitlocknum 10023698     LIBCMT:mlock.obj
 0002:000086b8       __sehtable$__IsNonwritableInCurrentImage 100236b8     LIBCMT:pesect.obj
 0002:000086d8       __sehtable$__onexit        100236d8     LIBCMT:onexit.obj
 0002:000086f8       __sehtable$?terminate@@YAXXZ 100236f8     LIBCMT:hooks.obj
 0002:00008718       __sehtable$_raise          10023718     LIBCMT:winsig.obj
 0002:00008738       __sehtable$__fcloseall     10023738     LIBCMT:closeall.obj
 0002:00008758       __sehtable$__commit        10023758     LIBCMT:commit.obj
 0002:00008778       __sehtable$__sopen_helper  10023778     LIBCMT:open.obj
 0002:00008798       __sehtable$__open          10023798     LIBCMT:open.obj
 0002:000087b8       __sehtable$__locterm       100237b8     LIBCMT:wsetloca.obj
 0002:00008978       .idata$6                   10023978     kernel32:KERNEL32.dll
 0002:00008e20       .edata                     10023e20     zlibwapi.exp
 0002:00008e48       rgpv                       10023e48     zlibwapi.exp
 0002:000090dc       rgszName                   100240dc     zlibwapi.exp
 0002:000092b8       rgwOrd                     100242b8     zlibwapi.exp
 0002:000093a6       szName                     100243a6     zlibwapi.exp
 0002:000093b3       $N00001                    100243b3     zlibwapi.exp
 0002:000093bb       $N00140                    100243bb     zlibwapi.exp
 0002:000093cb       $N00039                    100243cb     zlibwapi.exp
 0002:000093d5       $N00002                    100243d5     zlibwapi.exp
 0002:000093de       $N00046                    100243de     zlibwapi.exp
 0002:000093ec       $N00003                    100243ec     zlibwapi.exp
 0002:000093f2       $N00142                    100243f2     zlibwapi.exp
 0002:00009400       $N00004                    10024400     zlibwapi.exp
 0002:00009408       $N00047                    10024408     zlibwapi.exp
 0002:00009415       $N00005                    10024415     zlibwapi.exp
 0002:00009421       $N00006                    10024421     zlibwapi.exp
 0002:0000942c       $N00007                    1002442c     zlibwapi.exp
 0002:0000943a       $N00008                    1002443a     zlibwapi.exp
 0002:00009447       $N00009                    10024447     zlibwapi.exp
 0002:00009455       $N00052                    10024455     zlibwapi.exp
 0002:00009464       $N00051                    10024464     zlibwapi.exp
 0002:00009471       $N00010                    10024471     zlibwapi.exp
 0002:0000947e       $N00164                    1002447e     zlibwapi.exp
 0002:0000948f       $N00011                    1002448f     zlibwapi.exp
 0002:000094a4       $N00144                    100244a4     zlibwapi.exp
 0002:000094b5       $N00145                    100244b5     zlibwapi.exp
 0002:000094c1       $N00110                    100244c1     zlibwapi.exp
 0002:000094d5       $N00111                    100244d5     zlibwapi.exp
 0002:000094eb       $N00112                    100244eb     zlibwapi.exp
 0002:00009502       $N00113                    10024502     zlibwapi.exp
 0002:00009519       $N00038                    10024519     zlibwapi.exp
 0002:00009527       $N00146                    10024527     zlibwapi.exp
 0002:00009530       $N00048                    10024530     zlibwapi.exp
 0002:0000953b       $N00012                    1002453b     zlibwapi.exp
 0002:00009543       $N00147                    10024543     zlibwapi.exp
 0002:0000954d       $N00148                    1002454d     zlibwapi.exp
 0002:00009557       $N00149                    10024557     zlibwapi.exp
 0002:00009560       $N00013                    10024560     zlibwapi.exp
 0002:00009568       $N00034                    10024568     zlibwapi.exp
 0002:0000956e       $N00014                    1002456e     zlibwapi.exp
 0002:00009576       $N00015                    10024576     zlibwapi.exp
 0002:0000957e       $N00030                    1002457e     zlibwapi.exp
 0002:00009585       $N00161                    10024585     zlibwapi.exp
 0002:0000958d       $N00041                    1002458d     zlibwapi.exp
 0002:00009594       $N00150                    10024594     zlibwapi.exp
 0002:0000959d       $N00016                    1002459d     zlibwapi.exp
 0002:000095a4       $N00165                    100245a4     zlibwapi.exp
 0002:000095ad       $N00028                    100245ad     zlibwapi.exp
 0002:000095b6       $N00029                    100245b6     zlibwapi.exp
 0002:000095bd       $N00040                    100245bd     zlibwapi.exp
 0002:000095c4       $N00017                    100245c4     zlibwapi.exp
 0002:000095cb       $N00032                    100245cb     zlibwapi.exp
 0002:000095d4       $N00031                    100245d4     zlibwapi.exp
 0002:000095db       $N00035                    100245db     zlibwapi.exp
 0002:000095e7       $N00033                    100245e7     zlibwapi.exp
 0002:000095ee       $N00049                    100245ee     zlibwapi.exp
 0002:000095f7       $N00018                    100245f7     zlibwapi.exp
 0002:000095ff       $N00019                    100245ff     zlibwapi.exp
 0002:00009607       $N00044                    10024607     zlibwapi.exp
 0002:00009613       $N00045                    10024613     zlibwapi.exp
 0002:00009622       $N00043                    10024622     zlibwapi.exp
 0002:00009633       $N00042                    10024633     zlibwapi.exp
 0002:0000963f       $N00020                    1002463f     zlibwapi.exp
 0002:0000964a       $N00156                    1002464a     zlibwapi.exp
 0002:0000965b       $N00021                    1002465b     zlibwapi.exp
 0002:00009669       $N00022                    10024669     zlibwapi.exp
 0002:00009676       $N00157                    10024676     zlibwapi.exp
 0002:00009682       $N00158                    10024682     zlibwapi.exp
 0002:0000968f       $N00159                    1002468f     zlibwapi.exp
 0002:0000969d       $N00023                    1002469d     zlibwapi.exp
 0002:000096aa       $N00163                    100246aa     zlibwapi.exp
 0002:000096bb       $N00024                    100246bb     zlibwapi.exp
 0002:000096d0       $N00025                    100246d0     zlibwapi.exp
 0002:000096dc       $N00037                    100246dc     zlibwapi.exp
 0002:000096ed       $N00160                    100246ed     zlibwapi.exp
 0002:000096fe       $N00026                    100246fe     zlibwapi.exp
 0002:00009709       $N00062                    10024709     zlibwapi.exp
 0002:00009712       $N00072                    10024712     zlibwapi.exp
 0002:00009726       $N00124                    10024726     zlibwapi.exp
 0002:0000973e       $N00064                    1002473e     zlibwapi.exp
 0002:00009754       $N00125                    10024754     zlibwapi.exp
 0002:00009772       $N00127                    10024772     zlibwapi.exp
 0002:00009782       $N00100                    10024782     zlibwapi.exp
 0002:00009790       $N00073                    10024790     zlibwapi.exp
 0002:000097a4       $N00122                    100247a4     zlibwapi.exp
 0002:000097b7       $N00063                    100247b7     zlibwapi.exp
 0002:000097c8       $N00076                    100247c8     zlibwapi.exp
 0002:000097de       $N00128                    100247de     zlibwapi.exp
 0002:000097ef       $N00101                    100247ef     zlibwapi.exp
 0002:000097fe       $N00065                    100247fe     zlibwapi.exp
 0002:0000980f       $N00066                    1002480f     zlibwapi.exp
 0002:0000981f       $N00075                    1002481f     zlibwapi.exp
 0002:0000982d       $N00077                    1002482d     zlibwapi.exp
 0002:00009836       $N00121                    10024836     zlibwapi.exp
 0002:00009842       $N00120                    10024842     zlibwapi.exp
 0002:0000984c       $N00061                    1002484c     zlibwapi.exp
 0002:00009854       $N00078                    10024854     zlibwapi.exp
 0002:00009868       $N00069                    10024868     zlibwapi.exp
 0002:0000987c       $N00067                    1002487c     zlibwapi.exp
 0002:0000988f       $N00079                    1002488f     zlibwapi.exp
 0002:000098aa       $N00068                    100248aa     zlibwapi.exp
 0002:000098bd       $N00074                    100248bd     zlibwapi.exp
 0002:000098d6       $N00071                    100248d6     zlibwapi.exp
 0002:000098dd       $N00126                    100248dd     zlibwapi.exp
 0002:000098e7       $N00070                    100248e7     zlibwapi.exp
 0002:000098ef       $N00036                    100248ef     zlibwapi.exp
 0002:000098f6       $N00084                    100248f6     zlibwapi.exp
 0002:000098ff       $N00083                    100248ff     zlibwapi.exp
 0002:00009911       $N00136                    10024911     zlibwapi.exp
 0002:00009928       $N00087                    10024928     zlibwapi.exp
 0002:0000993d       $N00088                    1002493d     zlibwapi.exp
 0002:00009946       $N00131                    10024946     zlibwapi.exp
 0002:00009952       $N00130                    10024952     zlibwapi.exp
 0002:0000995c       $N00080                    1002495c     zlibwapi.exp
 0002:00009964       $N00086                    10024964     zlibwapi.exp
 0002:00009979       $N00133                    10024979     zlibwapi.exp
 0002:00009991       $N00089                    10024991     zlibwapi.exp
 0002:000099a6       $N00134                    100249a6     zlibwapi.exp
 0002:000099be       $N00135                    100249be     zlibwapi.exp
 0002:000099d6       $N00132                    100249d6     zlibwapi.exp
 0002:000099ec       $N00081                    100249ec     zlibwapi.exp
 0002:00009a00       $N00082                    10024a00     zlibwapi.exp
 0002:00009a14       $N00050                    10024a14     zlibwapi.exp
 0002:00009a25       $N00027                    10024a25     zlibwapi.exp
 0003:00000010       _errtable                  10025010     LIBCMT:dosmap.obj
 0003:00000178       _ErrnoNoMem                10025178     LIBCMT:dosmap.obj
 0003:0000017c       _DoserrorNoMem             1002517c     LIBCMT:dosmap.obj
 0003:000002d0       ?isPackaged@?1??__crtIsPackagedApp@@9@9 100252d0     LIBCMT:winapisupp.obj
 0003:000002dc       ___rgctypeflag             100252dc     LIBCMT:mbctype.obj
 0003:000002e0       ___rgcode_page_info        100252e0     LIBCMT:mbctype.obj
 0003:00000ce8       __locktable                10025ce8     LIBCMT:mlock.obj
 0003:00000e8c       __ctype_loc_style          10025e8c     LIBCMT:wsetloca.obj
 0003:00000e90       _static_bl_desc            10025e90     * CIL library *:* CIL module *
 0003:00000ea4       _static_d_desc             10025ea4     * CIL library *:* CIL module *
 0003:00000eb8       _static_l_desc             10025eb8     * CIL library *:* CIL module *
 0003:00000ee0       ___proc_attached           10025ee0     LIBCMT:dllcrt0.obj
 0003:00001038       ?outmsg@?8??_NMSG_WRITE@@9@9 10026038     LIBCMT:crt0msg.obj
 0003:0000167c       _fSystemSet                1002667c     LIBCMT:mbctype.obj
 0003:00001688       ?_pgmname@?1??_setargv@@9@9 10026688     LIBCMT:stdargv.obj
 0003:00001790       ___enable_percent_n        10026790     LIBCMT:printf.obj
 0003:00001798       _lclcritsects              10026798     LIBCMT:mlock.obj
 0003:000018f4       _g_pfnRtlGenRandom         100268f4     LIBCMT:rand_s.obj
 0003:000018f8       _ctrlc_action              100268f8     LIBCMT:winsig.obj
 0003:000018fc       _ctrlbreak_action          100268fc     LIBCMT:winsig.obj
 0003:00001900       _abort_action              10026900     LIBCMT:winsig.obj
 0003:00001904       _term_action               10026904     LIBCMT:winsig.obj
 0003:00001908       _ConsoleCtrlHandler_Installed 10026908     LIBCMT:winsig.obj
 0003:00001918       ?pfnMessageBox@?1??__crtMessageBoxW@@9@9 10026918     LIBCMT:crtmboxw.obj
 0003:0000191c       ?pfnGetActiveWindow@?1??__crtMessageBoxW@@9@9 1002691c     LIBCMT:crtmboxw.obj
 0003:00001920       ?pfnGetLastActivePopup@?1??__crtMessageBoxW@@9@9 10026920     LIBCMT:crtmboxw.obj
 0003:00001924       ?pfnGetProcessWindowStation@?1??__crtMessageBoxW@@9@9 10026924     LIBCMT:crtmboxw.obj
 0003:00001928       ?pfnGetUserObjectInformation@?1??__crtMessageBoxW@@9@9 10026928     LIBCMT:crtmboxw.obj
 0003:00001938       _GS_ExceptionRecord        10026938     LIBCMT:gs_report.obj
 0003:00001988       _GS_ContextRecord          10026988     LIBCMT:gs_report.obj
 0003:00001c54       _DebuggerWasPresent        10026c54     LIBCMT:gs_report.obj
 0003:00001c64       ___crtCallProc             10026c64     LIBCMT:winapinls.obj
 0003:00001c6c       ?calls@?1??crypthead@@9@9  10026c6c     * CIL library *:* CIL module *
 0004:00000060       $R000000                   10028060     zlib.res
